Archive member included because of file (symbol)

C:\nburn/lib/MOD5441X.a(bsp.o)
                              c:/nburn/gcc-m68k/bin/../lib/gcc/m68k-elf/4.2.1/../../../../m68k-elf/lib/m5206e\nb-crt0.o (atexit)
C:\nburn/lib/MOD5441X.a(flash.o)
                              C:\nburn/lib/MOD5441X.a(bsp.o) (FlashErase)
C:\nburn/lib/MOD5441X.a(serial.o)
                              QuadIMU_NB1_v2.6.o (SerialClose)
C:\nburn/lib/MOD5441X.a(pins.o)
                              QuadIMU_NB1_v2.6.o (PinIO::set(unsigned char))
C:\nburn/lib/MOD5441X.a(HiResTimer.o)
                              QuadIMU_NB1_v2.6.o (HiResTimer::getHiResTimer(int))
C:\nburn/lib/MOD5441X.a(dspi.o)
                              QuadIMU_NB1_v2.6.o (DSPIdone(unsigned char))
C:\nburn/lib/MOD5441X.a(localio.o)
                              C:\nburn/lib/MOD5441X.a(serial.o) (GetUartRecord)
C:\nburn/lib/NetBurner.a(ucosmcfa.o)
                              C:\nburn/lib/MOD5441X.a(bsp.o) (OSCtxSw)
C:\nburn/lib/NetBurner.a(software_init.o)
                              c:/nburn/gcc-m68k/bin/../lib/gcc/m68k-elf/4.2.1/../../../../m68k-elf/lib/m5206e\nb-crt0.o (software_init_hook)
C:\nburn/lib/NetBurner.a(ucos.o)
                              C:\nburn/lib/MOD5441X.a(serial.o) (OSIntNesting)
C:\nburn/lib/NetBurner.a(ucosmain.o)
                              C:\nburn/lib/MOD5441X.a(bsp.o) (critical_count)
C:\nburn/lib/NetBurner.a(fileio.o)
                              C:\nburn/lib/MOD5441X.a(serial.o) (ReplaceStdio)
C:\nburn/lib/NetBurner.a(system.o)
                              C:\nburn/lib/MOD5441X.a(serial.o) (rnd_cnt)
C:\nburn/lib/NetBurner.a(main.o)
                              c:/nburn/gcc-m68k/bin/../lib/gcc/m68k-elf/4.2.1/../../../../m68k-elf/lib/m5206e\nb-crt0.o (main)
C:\nburn/lib/NetBurner.a(utils.o)
                              C:\nburn/lib/NetBurner.a(system.o) (AsciiToIp)
C:\nburn/lib/NetBurner.a(ip.o)
                              QuadIMU_NB1_v2.6.o (InitializeStack(unsigned long, unsigned long, unsigned long, unsigned long))
C:\nburn/lib/NetBurner.a(buffers.o)
                              C:\nburn/lib/NetBurner.a(ip.o) (FreeBuffer)
C:\nburn/lib/NetBurner.a(arp.o)
                              C:\nburn/lib/NetBurner.a(ip.o) (wArpLifetime)
C:\nburn/lib/NetBurner.a(udp.o)
                              C:\nburn/lib/NetBurner.a(ip.o) (process_udp(pool_buffer*, IPPKT*, unsigned short))
C:\nburn/lib/NetBurner.a(tcp.o)
                              C:\nburn/lib/NetBurner.a(ip.o) (DumpTcpPacket(IPPKT*))
C:\nburn/lib/NetBurner.a(extraio.o)
                              C:\nburn/lib/MOD5441X.a(serial.o) (GetExtraFD)
C:\nburn/lib/NetBurner.a(iosys.o)
                              C:\nburn/lib/MOD5441X.a(serial.o) (FD_ZERO)
C:\nburn/lib/NetBurner.a(autoip.o)
                              C:\nburn/lib/NetBurner.a(arp.o) (AutoIPClient::addressCollision())
C:\nburn/lib/NetBurner.a(defappname.o)
                              C:\nburn/lib/NetBurner.a(udp.o) (AppName)
C:\nburn/lib/NetBurner.a(netinterface.o)
                              C:\nburn/lib/NetBurner.a(ip.o) (GetFirstInterface())
C:\nburn/lib/NetBurner.a(taskmon.o)
                              QuadIMU_NB1_v2.6.o (EnableTaskMonitor())
C:\nburn/lib/NetBurner.a(smarttrap.o)
                              QuadIMU_NB1_v2.6.o (EnableSmartTraps())
C:\nburn/lib/NetBurner.a(autoupdate.o)
                              QuadIMU_NB1_v2.6.o (EnableAutoUpdate)
C:\nburn/lib/NetBurner.a(device.o)
                              C:\nburn/lib/NetBurner.a(main.o) (DeviceInitializeSem)
C:\nburn/lib/NetBurner.a(ucosmcfc.o)
                              C:\nburn/lib/NetBurner.a(ucos.o) (OSTaskCreatewName)
C:\nburn/lib/NetBurner.a(new_ops.o)
                              C:\nburn/lib/NetBurner.a(autoip.o) (operator new(unsigned long))
C:\nburn/lib/MOD5441X.a(ethernet.o)
                              C:\nburn/lib/NetBurner.a(netinterface.o) (AddEthernetInterface())
C:\nburn/lib/MOD5441X.a(etherprint.o)
                              C:\nburn/lib/MOD5441X.a(ethernet.o) (EtherLink())
C:\nburn/lib/MOD5441X.a(emulticast.o)
                              C:\nburn/lib/MOD5441X.a(ethernet.o) (EthEnableMulticast(MACADR))
C:\nburn/lib/NetBurner.a(netrx.o)
                              C:\nburn/lib/MOD5441X.a(ethernet.o) (NetDoRX(pool_buffer*, unsigned short, int))
c:/nburn/gcc-m68k/bin/../lib/gcc/m68k-elf/4.2.1/m5206e\libgcc.a(_double.o)
                              C:\nburn/lib/MOD5441X.a(HiResTimer.o) (__adddf3)
c:/nburn/gcc-m68k/bin/../lib/gcc/m68k-elf/4.2.1/m5206e\libgcc.a(_floatex.o)
                              c:/nburn/gcc-m68k/bin/../lib/gcc/m68k-elf/4.2.1/m5206e\libgcc.a(_double.o) (_fpCCR)
c:/nburn/gcc-m68k/bin/../lib/gcc/m68k-elf/4.2.1/m5206e\libgcc.a(_eqdf2.o)
                              C:\nburn/lib/MOD5441X.a(HiResTimer.o) (__eqdf2)
c:/nburn/gcc-m68k/bin/../lib/gcc/m68k-elf/4.2.1/m5206e\libgcc.a(_nedf2.o)
                              C:\nburn/lib/MOD5441X.a(HiResTimer.o) (__nedf2)
[...]
Memory Configuration

Name             Origin             Length             Attributes
ram              0x40000400         0x03fffcff         xrw
SRAM             0x80000400         0x0000fbf0         xrw
*default*        0x00000000         0xffffffff

Linker script and memory map

LOAD c:/nburn/gcc-m68k/bin/../lib/gcc/m68k-elf/4.2.1/../../../../m68k-elf/lib/m5206e\nb-crt0.o
LOAD c:/nburn/gcc-m68k/bin/../lib/gcc/m68k-elf/4.2.1/m5206e/crtbegin.o
LOAD QuadIMU_NB1_v2.6.o
LOAD htmldata.o
LOAD C:\nburn/MOD5441X/lib/sys.ld
                0x40000000                ovector_base = 0x40000000
                0x80000000                vector_base = 0x80000000
                0x80000400                SRAM_START_ADDR = 0x80000400
                0x80010000                SRAM_END_ADDR = 0x80010000
                0xc0000000                gConfigRec = 0xc0000000
                0xc0020000                UserParamBase = 0xc0020000
                0xc0040000                FlashAppBase = 0xc0040000
                0xec008000                sim1 = 0xec008000
                0xfc004000                sim2 = 0xfc004000
                0xfc0d4008                DBETHER_EMIR_REG = 0xfc0d4008
START GROUP
LOAD C:\nburn/lib/MOD5441X.a
LOAD C:\nburn/lib/NetBurner.a
LOAD C:\nburn/lib/FatFile.a
LOAD C:\nburn\lib\debugLibrary.a
LOAD C:\nburn\lib\Lua_Full.a
END GROUP
LOAD c:/nburn/gcc-m68k/bin/../lib/gcc/m68k-elf/4.2.1/../../../../m68k-elf/lib/m5206e\libstdc++.a
LOAD c:/nburn/gcc-m68k/bin/../lib/gcc/m68k-elf/4.2.1/../../../../m68k-elf/lib/m5206e\libm.a
LOAD c:/nburn/gcc-m68k/bin/../lib/gcc/m68k-elf/4.2.1/m5206e\libgcc.a
LOAD c:/nburn/gcc-m68k/bin/../lib/gcc/m68k-elf/4.2.1/../../../../m68k-elf/lib/m5206e\libc.a
LOAD c:/nburn/gcc-m68k/bin/../lib/gcc/m68k-elf/4.2.1/m5206e\libgcc.a
LOAD c:/nburn/gcc-m68k/bin/../lib/gcc/m68k-elf/4.2.1/m5206e/crtend.o
START GROUP
LOAD c:/nburn/gcc-m68k/bin/../lib/gcc/m68k-elf/4.2.1/../../../../m68k-elf/lib/m5206e\libc.a
LOAD c:/nburn/gcc-m68k/bin/../lib/gcc/m68k-elf/4.2.1/m5206e\libgcc.a
LOAD c:/nburn/gcc-m68k/bin/../lib/gcc/m68k-elf/4.2.1/../../../../m68k-elf/lib/m5206e\libm.a
END GROUP
                0x00000000                __DYNAMIC = 0x0
                0x44000000                PROVIDE (__stack, 0x44000000)
                0x00000000                PROVIDE (hardware_init_hook, 0x0)
                0x00000000                PROVIDE (_hardware_init_hook, 0x0)
                0x00000000                PROVIDE (software_init_hook, 0x0)
                0x00000000                PROVIDE (_software_init_hook, 0x0)

.SRAM_SECT      0x80000400     0x8d40
                0x80000400                SRAM_START = .
 *(SYS_VAR_SECT)
 SYS_VAR_SECT   0x80000400      0x3a0 C:\nburn/lib/MOD5441X.a(dspi.o)
                0x80000404                fakeRXData
                0x80000408                driverCxt
                0x80000400                fakeTXData
 SYS_VAR_SECT   0x800007a0      0x238 C:\nburn/lib/NetBurner.a(ucos.o)
                0x800008cc                TimeTick
                0x800008bc                OSLockNesting
                0x800008c6                OSRunning
                0x800008a8                OSTCBList
                0x800008d0                OSMapTbl
                0x800008c8                Secs
                0x800008b4                OSTCBFreeList
                0x800008c4                OSISRLevel
                0x800008b0                OSTCBHighRdy
                0x800008c0                OSRdyGrp
                0x800008d8                OSUnMapTbl
                0x800008a0                OSRdyTbl
                0x800008b8                OSIntNesting
                0x800008ac                OSTCBCur
                0x800007a0                OSTCBPrioTbl
 SYS_VAR_SECT   0x800009d8      0x1ac C:\nburn/lib/NetBurner.a(ucosmain.o)
                0x800009d8                OSTcbStructSize
                0x800009f0                critical_count
                0x800009f4                OSTCBTbl
 SYS_VAR_SECT   0x80000b84       0x1c C:\nburn/lib/NetBurner.a(fileio.o)
                0x80000b9c                pExtraFdFunc
 SYS_VAR_SECT   0x80000ba0       0x20 C:\nburn/lib/NetBurner.a(iosys.o)
                0x80000ba0                read_file_sets
                0x80000bb0                error_file_sets
                0x80000ba8                write_file_sets
                0x80000bc0                SYS_VAR_SECT_END = .
                0x80000bc0                . = ALIGN (0x10)
 *(IDLE_STK_SECT)
                0x80000bc0                IDLE_STK_SECT_END = .
                0x80000bc0                . = ALIGN (0x10)
 *(MAIN_STK_SECT)
 MAIN_STK_SECT  0x80000bc0     0x2000 C:\nburn/lib/NetBurner.a(main.o)
                0x80000bc0                MainStk
                0x80002bc0                MAIN_STK_SECT_END = .
                0x80002bc0                . = ALIGN (0x4)
 *(ETHER_VAR_SECT)
 ETHER_VAR_SECT
                0x80002bc0      0x110 C:\nburn/lib/MOD5441X.a(ethernet.o)
                0x80002c96                TxcPosts
                0x80002c9a                TxcSems
                0x80002bc0                EthernetMac
                0x80002c8e                LastIsrStatus
                0x80002bf0                RxBD
                0x80002c80                TxBDFlag
                0x80002c9e                RxIsr
                0x80002cac                PHY_addr
                0x80002c92                RxPosts
                0x80002cae                PHY_ID
                0x80002ca6                bEthLink
                0x80002c74                RxBDFlag
                0x80002c8a                last_rxbd
                0x80002c40                RxBDpp
                0x80002ca8                phy_data_pd
                0x80002bc6                nTx
                0x80002ca2                TxIsr
                0x80002c68                TxBDpp
                0x80002bd0                TxBD
                0x80002cd0                ETHER_VAR_SECT_END = .
                0x80002cd0                . = ALIGN (0x10)
 *(ETHER_STK_SECT)
 ETHER_STK_SECT
                0x80002cd0     0x2000 C:\nburn/lib/MOD5441X.a(ethernet.o)
                0x80002cd0                EtherSendStk
                0x80004cd0                ETHER_STK_SECT_END = .
                0x80004cd0                . = ALIGN (0x4)
 *(IP_VAR_SECT)
 IP_VAR_SECT    0x80004cd0      0x2fe C:\nburn/lib/NetBurner.a(ip.o)
                0x80004cee                pDHCPServerTick
                0x80004cd2                bTTL_Default
                0x80004fc6                next_arp_time
                0x80004cd4                ipRxFifo
                0x80004d0a                multi_home_if_record
                0x80004ce6                IcmpFifo
                0x80004d06                nAdditional_Homes
                0x80004cd0                wGlobalPktId
                0x80004cfa                pPromisciousPacketFunc
                0x80004d02                pFragFunc
                0x80004cfe                pMultiCastFunc
                0x80004fca                delay
                0x80004cf6                pAutoIPTick
                0x80004cf2                pMultiTick
                0x80004cea                pDHCPTick
                0x80004d32                multi_if_block
 IP_VAR_SECT    0x80004fce       0x78 C:\nburn/lib/NetBurner.a(udp.o)
                0x80005042                UdpNetbiosNameServicePtr
                0x8000503a                pDHCPServerProcessFunction
                0x80004fce                udp_fifos
                0x80005036                pDHCPProcessFunction
                0x8000503e                pTaskPacketFunc
                0x80005032                UDP_fifos_used
                0x80005046                IP_VAR_SECT_END = .
                0x80005050                . = ALIGN (0x10)
 *fill*         0x80005046        0xa 00
 *(IP_STK_SECT)
 IP_STK_SECT    0x80005050     0x2000 C:\nburn/lib/NetBurner.a(ip.o)
                0x80005050                IPStk
                0x80007050                IP_STK_SECT_END = .
                0x80007050                . = ALIGN (0x4)
 *(TCP_VAR_SECT)
 TCP_VAR_SECT   0x80007050       0x1e C:\nburn/lib/NetBurner.a(tcp.o)
                0x80007060                TCP_TimerSemaphore
                0x80007050                TCP_critical_section
                0x8000706e                TCP_VAR_SECT_END = .
                0x80007070                . = ALIGN (0x10)
 *fill*         0x8000706e        0x2 00
 *(TCP_STK_SECT)
 TCP_STK_SECT   0x80007070     0x2000 C:\nburn/lib/NetBurner.a(tcp.o)
                0x80007070                TCPStk
                0x80009070                TCP_STK_SECT_END = .
                0x80009070                . = ALIGN (0x10)
 *(HTTP_STK_SECT)
                0x80009070                HTTP_STK_SECT_END = .
                0x80009070                . = ALIGN (0x10)
 *(FTP_STK_SECT)
                0x80009070                FTP_STK_SECT_END = .
                0x80009070                . = ALIGN (0x10)
 *(WIFI_STK_SECT)
                0x80009070                WIFI_STK_SECT_END = .
                0x80009070                . = ALIGN (0x10)
 *(PPP_STK_SECT)
                0x80009070                PPP_STK_SECT_END = .
                0x80009070                . = ALIGN (0x10)
 *(COMMAND_STK_SECT)
                0x80009070                COMMAND_STK_SECT_END = .
                0x80009070                . = ALIGN (0x4)
 *(USER_VAR_SECT)
 USER_VAR_SECT  0x80009070       0xac C:\nburn/lib/MOD5441X.a(HiResTimer.o)
                0x80009118                HiResTimer::timerCreated
                0x80009070                HiResTimer::timers
                0x8000911c                USER_VAR_SECT_END = .
                0x80009120                . = ALIGN (0x10)
 *fill*         0x8000911c        0x4 00
 *(USER_STK_SECT)
                0x80009120                USER_STK_SECT_END = .
                0x80009120                BUFFERS_SECT_START = .
                0x80009120                . = ALIGN (0x10)
 *(BUFFERS_VAR_SECT)
 BUFFERS_VAR_SECT
                0x80009120       0x1c C:\nburn/lib/NetBurner.a(buffers.o)
                0x80009120                FAST_BUFFER_POOL_SIZE
                0x8000912e                free_fast_list
                0x80009138                free_list_is_initialized
                0x80009124                free_list
                0x80009140                . = ALIGN (0x10)
 *fill*         0x8000913c        0x4 00
                0x80009140                BUFFERS_VAR_SECT_END = .
                0x80009140                . = ALIGN (0x10)
                0x80009140                SRAM_END = .

.text           0x40000400    0x29240
 *(.text)
 .text          0x40000400       0xaa c:/nburn/gcc-m68k/bin/../lib/gcc/m68k-elf/4.2.1/../../../../m68k-elf/lib/m5206e\nb-crt0.o
                0x40000400                start
 *fill*         0x400004aa        0x2 00
 .text          0x400004ac       0x9c c:/nburn/gcc-m68k/bin/../lib/gcc/m68k-elf/4.2.1/m5206e/crtbegin.o
 .text          0x40000548      0xc62 QuadIMU_NB1_v2.6.o
                0x40000634                GetADResult(int)
                0x4000061c                ADDone()
                0x40000a18                UserMain
                0x400007e4                initPINS()
                0x40000794                FiftyHzTask()
                0x400006b0                initTIMERS(HiResTimer*)
                0x40000600                StartAD()
                0x40000654                enableWatchDog(bool, int)
                0x40000728                initDSPI()
                0x40000548                InitSingleEndAD()
                0x40000698                serviceWatchDog()
 *fill*         0x400011aa        0x2 00
 .text          0x400011ac       0x16 htmldata.o
                0x400011b8                DoHtmlVariable(int, unsigned short)
                0x400011ac                DoHtmlFunction(int, char const*, unsigned short)
 *fill*         0x400011c2        0x2 00
 .text          0x400011c4      0x3f8 C:\nburn/lib/MOD5441X.a(bsp.o)
                0x40001400                GetUserParameters
                0x4000135c                _sbrk_r
                0x400014a0                HardwareSetup
                0x400012ac                DisableCache
                0x400013b4                spaceleft
                0x400011c8                Tick5441X
                0x40001484                ForceReboot
                0x400013ec                BspGetTickFraction
                0x400011c4                xTick
                0x400013a8                atexit
                0x40001410                SaveUserParameters
                0x40001324                EnableCache
                0x400011e4                SetIntc
 .text          0x400015bc      0x1b2 C:\nburn/lib/MOD5441X.a(flash.o)
                0x40001634                FlashProgram
                0x400015bc                FlashErase
 *fill*         0x4000176e        0x2 00
 .text          0x40001770     0x1d9e C:\nburn/lib/MOD5441X.a(serial.o)
                0x4000179c                WakeTx(int)
                0x40001770                FdSerialMap(int)
                0x400026fc                SerialClose
                0x40001d8c                fake_SER_7_ISR()
                0x40003410                real_SER_5_ISR
                0x40002688                SendBreak
                0x40002ec0                OpenSerial
                0x400021c0                GetUartErrorReg
                0x40001b00                fake_SER_0_ISR()
                0x40001de4                SER_8_ISR
                0x40001ba8                real_SER_1_ISR
                0x40003450                real_SER_4_ISR
                0x40002408                fShowSerialData(__sFILE*)
                0x40003350                real_SER_8_ISR
                0x40001ce4                fake_SER_5_ISR()
                0x40001d3c                SER_6_ISR
                0x40001be8                fake_SER_2_ISR()
                0x40002338                SerialSendComplete
                0x40001e88                SerialEnableTxFlow
                0x40001ed0                SerialEnableRxFlow
                0x40003390                real_SER_7_ISR
                0x40001830                DoSerIsr(int)
                0x400020bc                Serial485HalfDupMode
                0x40003490                real_SER_3_ISR
                0x40001e38                SER_9_ISR
                0x40001c40                SER_3_ISR
                0x40001e34                fake_SER_9_ISR()
                0x40001ce8                SER_5_ISR
                0x400032d4                real_SER_0_ISR
                0x4000200c                SerialEnableHwRxFlow
                0x400029dc                serread
                0x40002cfc                BasePutChar(int, unsigned char)
                0x400029f8                BaseGetChar(int)
                0x400034d0                real_SER_2_ISR
                0x40001c94                SER_4_ISR
                0x40001b58                SER_1_ISR
                0x400027f0                serreadwto
                0x40002e20                InitializeMaps()
                0x40001b04                SER_0_ISR
                0x40002c00                serwriteaddress
                0x40001d90                SER_7_ISR
                0x40003310                real_SER_9_ISR
                0x40002ab8                serwrite
                0x400023b8                SerialExpandRxBuffer(int, int)
                0x400027cc                serexternalclose
                0x40001d38                fake_SER_6_ISR()
                0x40001bec                SER_2_ISR
                0x40001c90                fake_SER_4_ISR()
                0x40001de0                fake_SER_8_ISR()
                0x40001b54                fake_SER_1_ISR()
                0x40001c3c                fake_SER_3_ISR()
                0x400033d0                real_SER_6_ISR
                0x40001f1c                SerialEnableHwTxFlow
 *fill*         0x4000350e        0x2 00
 .text          0x40003510     0x1d06 C:\nburn/lib/MOD5441X.a(pins.o)
                0x40003510                PinIO::set(unsigned char)
                0x40004aa4                PinIO::function(int)
                0x40004008                PinIO::drive()
                0x400051b4                CReadPin
                0x40004434                PinIO::read()
                0x400051d8                CGPInPin
 *fill*         0x40005216        0x2 00
 .text          0x40005218      0xaf4 C:\nburn/lib/MOD5441X.a(HiResTimer.o)
                0x400053b8                HiResTimer::HiResTimer(int)
                0x40005318                Timer3_Interrupt
                0x4000597c                HiResTimer::clockGenerator(double)
                0x400053ec                HiResTimer::operator=(HiResTimer const&)
                0x40005270                Timer1_Interrupt
                0x40005a30                HiResTimer::pollingDelay(double)
                0x4000521c                Timer0_Interrupt
                0x40005448                HiResTimer::getHiResTimer(int)
                0x40005ca0                real_Timer1_Interrupt
                0x4000526c                fake_Timer1_Interrupt()
                0x40005570                HiResTimer::toString()
                0x40005ab0                HiResTimer::readTime()
                0x40005368                HiResTimer::releaseTimer()
                0x40005780                HiResTimer::init(double)
                0x40005314                fake_Timer3_Interrupt()
                0x40005218                fake_Timer0_Interrupt()
                0x40005c34                real_Timer2_Interrupt
                0x400052c0                fake_Timer2_Interrupt()
                0x40005bc8                real_Timer3_Interrupt
                0x400056f8                HiResTimer::delay_uSec(unsigned long)
                0x40005384                HiResTimer::HiResTimer(int)
                0x400059f0                HiResTimer::pollingDelay_refTicks(unsigned long)
                0x400055f0                HiResTimer::init_ticks(unsigned long)
                0x400052c4                Timer2_Interrupt
                0x4000589c                real_Timer0_Interrupt
                0x40005908                HiResTimer::delay(double)
 .text          0x40005d0c     0x216a C:\nburn/lib/MOD5441X.a(dspi.o)
                0x40007e60                real_dspi0_int_routine
                0x40007198                real_dspi2_rx_dma_int_routine
                0x40006524                canDoDMA(unsigned char, unsigned char*, unsigned char volatile*)
                0x400064d4                dspi3_int_routine
                0x40006284                fake_dspi2_rx_dma_int_routine()
                0x400061e0                dspi1_rx_dma_int_routine
                0x4000659c                DSPIdone(unsigned char)
                0x40007234                real_dspi0_tx_dma_int_routine
                0x400071cc                real_dspi1_tx_dma_int_routine
                0x400070fc                real_dspi3_tx_dma_int_routine
                0x40006134                fake_dspi0_rx_dma_int_routine()
                0x40006480                dspi2_int_routine
                0x40006330                dspi3_rx_dma_int_routine
                0x40005d0c                setupDSPI_Dma(int, dspistruct volatile&)
                0x4000647c                fake_dspi2_int_routine()
                0x4000664c                DSPIInit(unsigned char, unsigned long, unsigned char, unsigned char, unsigned char, unsigned char, unsigned char, unsigned char, unsigned char, unsigned char)
                0x40006428                fake_dspi1_int_routine()
                0x40007e48                real_dspi1_int_routine
                0x40006230                fake_dspi1_tx_dma_int_routine()
                0x40007e30                real_dspi2_int_routine
                0x40006288                dspi2_rx_dma_int_routine
                0x4000632c                fake_dspi3_rx_dma_int_routine()
                0x40006188                fake_dspi0_tx_dma_int_routine()
                0x4000733c                DSPI_Isr_cleanup(unsigned int, dspistruct volatile&, unsigned long, unsigned long)
                0x400061dc                fake_dspi1_rx_dma_int_routine()
                0x40007130                real_dspi3_rx_dma_int_routine
                0x400062d8                fake_dspi2_tx_dma_int_routine()
                0x400062dc                dspi2_tx_dma_int_routine
                0x400063d4                fake_dspi0_int_routine()
                0x400063d8                dspi0_int_routine
                0x40006380                fake_dspi3_tx_dma_int_routine()
                0x40006234                dspi1_tx_dma_int_routine
                0x40007264                real_dspi0_rx_dma_int_routine
                0x40006384                dspi3_tx_dma_int_routine
                0x400064d0                fake_dspi3_int_routine()
                0x40007bcc                DSPIStart(unsigned char, unsigned char*, unsigned char volatile*, unsigned long, os_sem*, unsigned char, int)
                0x400073c0                DSPI_Isr(unsigned int, dspistruct volatile*)
                0x4000642c                dspi1_int_routine
                0x40007294                DSPI_Isr_done(unsigned int, dspistruct volatile&)
                0x40007e18                real_dspi3_int_routine
                0x40007200                real_dspi1_rx_dma_int_routine
                0x40006138                dspi0_rx_dma_int_routine
                0x40007164                real_dspi2_tx_dma_int_routine
                0x4000618c                dspi0_tx_dma_int_routine
 *fill*         0x40007e76        0x2 00
 .text          0x40007e78       0xbc C:\nburn/lib/MOD5441X.a(localio.o)
                0x40007e78                GetUartRecord
                0x40007ebc                GetDefUart
                0x40007ed0                LocalInByte
                0x40007eec                LocalOutByte
                0x40007f20                LocalCharAvail
 *fill*         0x40007f34        0xc 00
 .text          0x40007f40      0x44a C:\nburn/lib/NetBurner.a(ucosmcfa.o)
                0x40008020                OSDebugTraceHalt
                0x40007f40                OSStartHighRdy
                0x40008030                TrapOutByte
                0x40008060                memcpy
                0x40008060                fmemcpy
                0x40007f60                OSCtxSw
                0x40008050                TrapCharAvail
                0x40007f90                OSIntCtxSw
                0x40008040                TrapInByte
                0x40007fc0                OSTickISR
                0x40008130                memcpysum
                0x40008000                OSSetupVBR
                0x40008360                GetSR_IntLevel
                0x400082c0                memset
                0x400082c0                fmemset
                0x40008370                SetSR_IntLevel
 *fill*         0x4000838a        0x2 00
 .text          0x4000838c        0x8 C:\nburn/lib/NetBurner.a(software_init.o)
                0x4000838c                software_init_hook
 .text          0x40008394     0x1e0c C:\nburn/lib/NetBurner.a(ucos.o)
                0x40009d40                OSCritEnterNoWait
                0x40008444                UCOSWAITS_HERE
                0x400099ec                OSFifoPostFirst
                0x40009db4                OSCritLeave
                0x40009b4c                getpid
                0x40008650                OSLock
                0x400094bc                OSQPostFirst
                0x40009ecc                OSTaskID
                0x400092a8                OSQPendNoWait
                0x40009ee4                OSSetName
                0x40009f0c                OSIntExit
                0x40008ad4                OSSemPendNoWait
                0x400087bc                OSTaskDelete
                0x40008678                OSUnlock
                0x40009b64                OSCritInit
                0x40009324                OSQPost
                0x40009ba0                OSCritEnter
                0x400096a8                OSFifoPend
                0x40008934                OSSemPend
                0x40008ca0                OSMboxInit
                0x40008edc                OSMboxPost
                0x4000965c                OSFifoInit
                0x400090c0                OSQPend
                0x400083c0                OSSched
                0x4000847c                OSTimeDly
                0x40008b14                OSSemPost
                0x400086b8                OSChangePrio
                0x40008620                OSTCBGetFree
                0x40008454                OSIntEnterWAS
                0x40008e94                OSMboxPendNoWait
                0x4000988c                OSFifoPost
                0x400088d4                OSSemInit
                0x40009fa8                OSStart
                0x40008534                OSTimeTick
                0x4000904c                OSQInit
                0x40009ef8                OSTaskName
                0x4000983c                OSFifoPendNoWait
                0x40008cf4                OSMboxPend
                0x4000a024                OSInit
                0x40008514                OSChangeTaskDly
 .text          0x4000a1a0      0x1b8 C:\nburn/lib/NetBurner.a(ucosmain.o)
                0x4000a27c                __malloc_unlock
                0x4000a1a0                UCosBegin
                0x4000a29c                balloc_lock
                0x4000a2dc                UCosSetup
                0x4000a260                balloc_unlock
                0x4000a2bc                __malloc_lock
 .text          0x4000a358      0x5f8 C:\nburn/lib/NetBurner.a(fileio.o)
                0x4000a4e8                ioctl
                0x4000a358                isatty
                0x4000a440                CurrentStdioFD
                0x4000a4b8                lseek
                0x4000a390                ReplaceStdio
                0x4000a554                write
                0x4000a374                fstat
                0x4000a684                rawwrite
                0x4000a890                stdioinbyte
                0x4000a708                read
                0x4000a470                outbyte
                0x4000a4d0                open
                0x4000a488                charavail
                0x4000a464                fcntl
                0x4000a908                close
 .text          0x4000a950      0x684 C:\nburn/lib/NetBurner.a(system.o)
                0x4000acd4                UpdateConfigRecord_Num
                0x4000a9a4                RawGetConfig
                0x4000a950                isvalidcr
                0x4000ae90                SetupDialog
                0x4000aa60                ReadLine
                0x4000ae7c                UpdateConfigRecord
                0x4000a9d0                GetValidConfig
                0x4000ac20                IpQuestion
                0x4000a9f8                ShowChange
 .text          0x4000afd4       0x78 C:\nburn/lib/NetBurner.a(main.o)
                0x4000b00c                main
                0x4000afd4                __do_global_ctors
 .text          0x4000b04c      0xc84 C:\nburn/lib/NetBurner.a(utils.o)
                0x4000ba38                fShowMac
                0x4000b23c                FancyDump(unsigned char*, int)
                0x4000bb6c                ShowCounters
                0x4000b184                convertHexAsciiToBinary
                0x4000b3fc                ShowData
                0x4000ba94                snShowIP
                0x4000b04c                kill
                0x4000bbd4                fShowCounters
                0x4000b9f8                fShowIP
                0x4000b05c                _fini
                0x4000b368                ShowIP
                0x4000b068                AsciiToIp
                0x4000bc4c                sShowCounters
                0x4000bb38                DiagMenuPicker(int, unsigned char)
                0x4000b3a4                ShowMac
                0x4000b0ec                convertBinaryToHexAscii
                0x4000b224                __builtin_delete
                0x4000b054                _exit
                0x4000bad8                snShowMac
 .text          0x4000bcd0     0x1aaa C:\nburn/lib/NetBurner.a(ip.o)
                0x4000c120                FixUpICMP(IPPKT*, unsigned char, unsigned char, unsigned char*, unsigned short)
                0x4000be90                IsMultiCast(unsigned long)
                0x4000cac0                FixHeaderAndSend(pool_buffer*, IPPKT*)
                0x4000c434                DoIPPacket(pool_buffer*, EFRAME*, unsigned short)
                0x4000bd8c                GetSum20
                0x4000cdbc                PingViaInterface
                0x4000c3d4                SaveError(pool_buffer*)
                0x4000c744                process_icmp(pool_buffer*, IPPKT*, unsigned short)
                0x4000bfcc                IpProcessEthernetPacket
                0x4000c5f8                FixHeaderAndSendViaInterface(pool_buffer*, IPPKT*, int)
                0x4000d038                ShowIPBuffer(pool_buffer*)
                0x4000cc20                SendICMPError(pool_buffer*, unsigned char, unsigned char)
                0x4000c238                InitializeStack(unsigned long, unsigned long, unsigned long, unsigned long)
                0x4000bee0                GetData(IPPKT*)
                0x4000c35c                InitializeCStack
                0x4000cecc                Ping
                0x4000bcd0                GetSum
                0x4000c368                GetMultiHomeInterface(unsigned long, int)
                0x4000c418                IsMyIp
                0x4000c1dc                IsBroadCast(unsigned long, int)
                0x4000c188                KillStack
                0x4000bf0c                PrepareIPOutput(pool_buffer*, unsigned long, unsigned short)
                0x4000beb0                GetMultiAddress(unsigned long)
                0x4000ccf4                SendPing
                0x4000bdc4                GetSumHdr
                0x4000c194                IsLocal(unsigned long, int)
                0x4000cf00                GetLocalIPInterface(unsigned long)
                0x4000cf58                AddInterface(unsigned long, unsigned long, unsigned long, int)
                0x4000c860                IPTask(void*)
 *fill*         0x4000d77a        0x2 00
 .text          0x4000d77c      0xef8 C:\nburn/lib/NetBurner.a(buffers.o)
                0x4000d860                FreeBufferList
                0x4000dc6c                fifo_buffer_storage::Full()
                0x4000dd5c                ShowBuffer
                0x4000e040                fifo_buffer_storage::Reset(unsigned char)
                0x4000d890                InitBuffers
                0x4000d9bc                buffer_list::InsertBefore(pool_buffer*, pool_buffer*)
                0x4000db94                GetBuffer
                0x4000dd3c                fifo_buffer_storage::fifo_buffer_storage(unsigned char, unsigned char)
                0x4000dc54                fifo_buffer_storage::Empty()
                0x4000e4b8                fifo_buffer_storage::ReadDatawSum(unsigned char*, int, unsigned long&)
                0x4000dc40                fifo_buffer_storage::SpaceUsed()
                0x4000d77c                ShowBuffers()
                0x4000d7a8                buffer_list::InsertHead(pool_buffer*)
                0x4000de88                GetFreeCount
                0x4000d78c                IncUsageCount
                0x4000dd1c                fifo_buffer_storage::fifo_buffer_storage(unsigned char, unsigned char)
                0x4000d958                buffer_list::InsertTail(pool_buffer*)
                0x4000e100                fifo_buffer_storage::~fifo_buffer_storage()
                0x4000e1f0                fifo_buffer_storage::SetMaxBuffers(unsigned char)
                0x4000df00                fifo_buffer_storage::ReadData(unsigned char*, int)
                0x4000dcb4                fifo_buffer_storage::Init(unsigned char, unsigned char)
                0x4000d784                DumpBuffers()
                0x4000db2c                buffer_list::RemoveHead()
                0x4000daa4                buffer_list::Remove(pool_buffer*)
                0x4000dbe0                buffer_list::RemoveTail()
                0x4000e114                fifo_buffer_storage::LongSpaceAvail()
                0x4000e280                fifo_buffer_storage::WriteData(unsigned char*, int)
                0x4000d818                FreeBuffer
                0x4000da30                buffer_list::InsertAfter(pool_buffer*, pool_buffer*)
                0x4000e1cc                fifo_buffer_storage::SpaceAvail()
                0x4000e0ec                fifo_buffer_storage::~fifo_buffer_storage()
 .text          0x4000e674     0x1922 C:\nburn/lib/NetBurner.a(arp.o)
                0x4000f3a8                FindAddArp(unsigned long)
                0x4000e7d0                sendGratuitousArp(int)
                0x4000e69c                MacEqual(MACADR, MACADR)
                0x4000e9d8                InitializeArp()
                0x4000ea80                FindArp(unsigned long)
                0x4000ecdc                SendArp(ArpRecord*, int)
                0x4000e98c                GetInterface(unsigned long)
                0x4000fc8c                AddCheckArp(MACADR*, unsigned long, int)
                0x4000e6fc                SetMac(ArpRecord*, MACADR, int)
                0x4000f1e4                DeleteArpFromIp(unsigned long)
                0x4000eb84                GetArpMacFromIp(unsigned long, MACADR&)
                0x4000f7b4                RouteOutVia(EFRAME*, unsigned long, pool_buffer*, int)
                0x4000ec38                GetProperInterface(unsigned long)
                0x4000f2f8                FreeOneArp()
                0x4000fd18                processArp(pool_buffer*, EFRAME*)
                0x4000e794                NeedsArp(int)
                0x4000ee0c                GetNextArp(ArpRecord*)
                0x4000e8a0                RawSendArp(ArpRecord*, unsigned long, int)
                0x4000f204                AgeArp()
                0x4000f9d4                RouteOut(EFRAME*, unsigned long, pool_buffer*)
                0x4000eed4                ShowArp()
                0x4000f014                DeleteArp(ArpRecord*)
                0x4000ee7c                GetFirstArp()
                0x4000ed48                GetSrcIp
                0x4000f644                IsMyAddressUsedArpDetect(unsigned short, int)
                0x4000e694                Cleanup()
                0x4000e674                IsNull(ArpRecord*)
                0x4000ef68                fShowArp(__sFILE*)
                0x4000ebdc                AddPending(MACADR*, unsigned long, int)
 *fill*         0x4000ff96        0x2 00
 .text          0x4000ff98     0x13dc C:\nburn/lib/NetBurner.a(udp.o)
                0x40010860                UDPPacket::Send(unsigned long, unsigned char)
                0x400100e0                UDPPacket::SetDestinationPort(unsigned short)
                0x400101a4                UDPPacket::GetPacketId()
                0x400101f0                UDPPacket::GetSourceAddress()
                0x40010fac                UDPPacket::UDPPacket()
                0x4001059c                UDPPacket::AddDataByte(unsigned char)
                0x40010978                UDPPacket::SendAndKeep(unsigned long, unsigned char)
                0x40010214                RegisterUDPFifo(unsigned short, os_fifo*)
                0x400105e4                UDPPacket::AddData(char const*)
                0x4001000c                UDPPacket::UDPPacket(pool_buffer*)
                0x400106a4                UDPPacket::SendViaInterface(unsigned long, int, unsigned char)
                0x4001018c                UDPPacket::GetIpPacket()
                0x400107cc                UDPPacket::SendVia(unsigned long, unsigned long, unsigned char)
                0x400109e8                UDPPacket::~UDPPacket()
                0x4000ff98                GetUdpFifoRec(unsigned short)
                0x4001011c                UDPPacket::GetDataBuffer()
                0x400102dc                RegisterUDPFifoWithNotify(unsigned short, os_fifo*, void (*)(os_fifo*, unsigned short))
                0x40010058                UDPPacket::UDPPacket(pool_buffer*)
                0x40010150                UDPPacket::GetDataSize() const
                0x40010a54                ProcessIDPacket(UDPPacket&, int)
                0x400105c0                UDPPacket::AddDataWord(unsigned short)
                0x40010ff0                process_udp(pool_buffer*, IPPKT*, unsigned short)
                0x40010614                UDPPacket::Validate()
                0x400100fc                UDPPacket::GetDestinationPort() const
                0x400104f0                UDPPacket::AddData(unsigned char const*, unsigned short)
                0x400103a4                UnregisterUDPFifo(unsigned short)
                0x400112b4                UDPPacket::UDPPacket(os_fifo*, unsigned long)
                0x40010130                UDPPacket::SetDataSize(unsigned short)
                0x4001046c                FixIDDataPacket(UDPPacket&, _InterfaceBlock*)
                0x40010178                UDPPacket::ResetData()
                0x400109c0                UDPPacket::~UDPPacket()
                0x40011314                UDPPacket::UDPPacket(os_fifo*, unsigned long)
                0x4001080c                UDPPacket::SendAndKeepVia(unsigned long, unsigned long, unsigned char)
                0x400100a4                UDPPacket::SetSourcePort(unsigned short)
                0x400100c0                UDPPacket::GetSourcePort() const
                0x400104c8                FixIDDataPacket(UDPPacket&, int)
                0x40010a10                UDPPacket::UDPPacket()
                0x400101cc                UDPPacket::GetDestinationAddress()
 .text          0x40011374     0x5416 C:\nburn/lib/NetBurner.a(tcp.o)
                0x40012a2c                SendTcpRst(IPPKT*)
                0x400119b0                GetTcpState(int)
                0x40012cdc                InitTCP()
                0x400137c0                _Socket_Private_read
                0x40011964                ShortSocketList::ShortSocketList()
                0x40011a10                SetOutOfOrderbuffers(int, unsigned char)
                0x400115e4                GetSocketRemotePort(int)
                0x40012184                socket_struct::MyAdvertisedWindow()
                0x40012020                SetSocketTxBuffers(int, int)
                0x400116f8                setsockoption(int, int)
                0x400124e0                TcpSend(socket_struct*, unsigned long, pool_buffer*, unsigned short, unsigned char)
                0x4001590c                TCPTimerTask(void*)
                0x400160fc                process_tcp(pool_buffer*, IPPKT*, unsigned short)
                0x40013e1c                socket_struct::ProcessRST()
                0x400166c0                NoBlockconnectvia(unsigned long, unsigned short, unsigned short, unsigned long)
                0x40011a54                TcpGetLastRxTime(int)
                0x40013f38                abortsocket
                0x4001431c                socket_struct::ProcessDataSegment(TCPPKT*, unsigned short, unsigned char*, pool_buffer*&)
                0x40016518                connectvia(unsigned long, unsigned short, unsigned short, unsigned long, unsigned long)
                0x400132f4                HashSocketList::RemoveSocket(socket_struct*) const
                0x400149b4                _Socket_Private_write
                0x40011730                getsockoption(int)
                0x40014ffc                socket_struct::ProcessAck(TCPPKT*)
                0x400137dc                socket_struct::SaveData(unsigned char*, unsigned short, unsigned char)
                0x40012fe4                GetTcpRtxCount(int)
                0x400114d8                fixoverlap(unsigned long, unsigned long, unsigned long&, unsigned long&)
                0x40013abc                socket_struct::SetTimer(unsigned long)
                0x40016698                connect(unsigned long, unsigned short, unsigned short, unsigned long)
                0x400117bc                HashSocketList::HashSocketList()
                0x40013538                GetTcpSocket(TCPPKT*, unsigned long)
                0x40016710                NoBlockConnect(unsigned long, unsigned short, unsigned short, unsigned long)
                0x40011ca0                TcpGetRxBufferSpaceUsed(int)
                0x400145fc                socket_struct::DoRawSend()
                0x40011ce0                ShowFdTcpSocket(int)
                0x40011fa4                socket_struct::ClearPending(int)
                0x40013058                ShortSocketList::findsocket(unsigned short, unsigned short, unsigned long) const
                0x40016610                connect(unsigned long, unsigned short, unsigned short, unsigned long, unsigned long)
                0x40012f70                TcpSendKeepAlive(int)
                0x40011554                getsocketerror(int)
                0x400117a4                EnableTcpDebug(unsigned short)
                0x40015818                socket_struct::ProcessTimer()
                0x400144d8                socket_struct::SetUpNextRetransmit()
                0x400117b4                HashSocketList::HashSocketList()
                0x400135f0                SockReadWithTimeout
                0x40012c70                GetFreeSocketCount()
                0x400152a8                socket_struct::ProcessFIN(TCPPKT*, unsigned short)
                0x400121fc                FixHeaderAndSendTcp(pool_buffer*, IPPKT*, socket_struct*)
                0x40011760                setsocketackbuffers(int, unsigned char)
                0x400116d8                socket_struct::CleanUpDeletedListener()
                0x40011494                FindListenSocket(unsigned short, unsigned long)
                0x40012318                TcpSendwSum(socket_struct*, unsigned long, pool_buffer*, unsigned short, unsigned char, unsigned long)
                0x40013b3c                socket_struct::DoCleanup()
                0x400138cc                socket_struct::TestOutofOrder()
                0x40011ac4                TcpGetLastRxInterval(int)
                0x40011374                GetFirstSeq()
                0x40012edc                FREESOCKET(socket_struct*)
                0x40013d14                ShortSocketList::AddSocket(socket_struct*)
                0x40014ee0                socket_struct::DoRetransmit(unsigned char)
                0x40011974                ShortSocketList::Init()
                0x400130fc                ShortSocketList::processTick()
                0x40016208                socket_struct::CoreConnect(unsigned long, unsigned short, unsigned short, unsigned long)
                0x4001541c                _Socket_Private_close
                0x4001555c                accept(int, unsigned long*, unsigned short*, unsigned short)
                0x4001196c                ShortSocketList::ShortSocketList()
                0x40012060                SetSocketRxBuffers(int, int)
                0x40014158                listen(unsigned long, unsigned short, unsigned char)
                0x400117c4                HashSocketList::Init() const
                0x400117dc                ShortSocketList::GetFreeShort()
                0x400115b4                GetSocketRemoteAddr(int)
                0x40013460                HashSocketList::findsocket(unsigned short, unsigned short, unsigned long) const
                0x40011c34                WaitForSocketFlush(int, unsigned long)
                0x400117ac                DumpTcpPacket(IPPKT*)
                0x40014260                RemoveFromUserCloseList(socket_struct*)
                0x400113b8                ValidateTCP(IPPKT*, unsigned short)
                0x400131ac                ShortSocketList::process(pool_buffer*, TCPPKT*, unsigned long) const
                0x400113a4                socket_struct::SetState(int)
                0x400120a0                socket_struct::processoptions(pool_buffer*, TCPPKT*, IPPKT*)
                0x40014bdc                socket_struct::DoClose(int)
                0x4001406c                GetFreeSocket()
                0x40011614                GetSocketLocalPort(int)
                0x400133ac                HashSocketList::AddSocket(socket_struct*) const
                0x40011924                ShortSocketList::FreeShort(ShortSocket*) const
                0x40011644                socket_struct::CalcRTO(unsigned long)
                0x400129d4                socket_struct::OpenWindow()
                0x40012b40                SendTcpSynRst(IPPKT*)
                0x40011be4                TcpAllDataAcked(int)
                0x40014934                clrsockoption(int, int)
                0x40011a88                TcpGetSocketState(int)
                0x4001179c                DumpTcpDebug()
                0x40011584                GetSocketLocalAddr(int)
                0x40015a34                socket_struct::process(pool_buffer*, TCPPKT*)
                0x400119e4                RegisterTCPReadNotify
                0x40012570                socket_struct::SendState(unsigned short, pool_buffer*)
 *fill*         0x4001678a        0x2 00
 .text          0x4001678c      0x23c C:\nburn/lib/NetBurner.a(extraio.o)
                0x400167bc                ExpandWrite(int, char const*, int)
                0x400167ec                ExpandClose(int)
                0x4001681c                InitExtras()
                0x40016858                GetExtraFD
                0x4001678c                ExpandRead(int, char*, int)
                0x4001698c                GetFreeExtraFDCount
                0x400168e8                FreeExtraFd
                0x40016920                GetExtraData
                0x40016954                GetExtraExtraData
 .text          0x400169c8      0x69e C:\nburn/lib/NetBurner.a(iosys.o)
                0x40016e04                SetDataAvail
                0x40016ca4                writeall
                0x40016d04                RawCheckSelects()
                0x40016db0                SetHaveError
                0x40016e40                RemoveSelect(PendingSelect*)
                0x40016dc8                SetWriteAvail
                0x40016b94                ZeroWaitSelect
                0x40016ec0                AddSelect(PendingSelect*)
                0x40016ae8                FD_ISSET
                0x40016a90                ClrDataAvail
                0x40016f18                select
                0x40016a78                ClrWriteAvail
                0x40016d7c                CheckSelects()
                0x40016c48                writestring
                0x40016b58                countbits(fd_set*)
                0x400169c8                FD_OVERLAP(fd_set*, fd_set*)
                0x40016c18                dataavail
                0x40016a04                FD_ZERO
                0x40016aa8                FD_SET
                0x40016a60                ClrHaveError
                0x40016b34                countdwbits(unsigned long)
                0x40016fb8                ReadWithTimeout
                0x40016a1c                FD_CLR
 *fill*         0x40017066        0x2 00
 .text          0x40017068      0x71c C:\nburn/lib/NetBurner.a(autoip.o)
                0x400172a4                AutoIPClient::AutoIPClient(int)
                0x40017184                AutoIPClient::stop()
                0x400175d0                AutoIPClient::arpCheck()
                0x400170f4                AutoIPClient::getNextTick()
                0x4001742c                AutoIPClient::announce()
                0x400170a8                AutoIPClient::addressCollision()
                0x400170e4                AutoIPClient::getState()
                0x40017508                AutoIPClient::startArp()
                0x4001772c                AutoIPClient::staticTimeTick()
                0x40017068                AutoIPClient::start()
                0x40017320                AutoIPClient::AutoIPClient(int)
                0x40017104                AutoIPClient::tickDelay(int)
                0x4001712c                AutoIPClient::negotiate()
                0x40017470                AutoIPClient::setRNG()
                0x40017240                AutoIPClient::~AutoIPClient()
                0x400176bc                AutoIPClient::timeTick()
                0x400171bc                AutoIPClient::restart()
                0x4001739c                AddAutoIPInterface(int)
                0x400171dc                AutoIPClient::~AutoIPClient()
                0x400174cc                AutoIPClient::generateNewIPAddr()
 .text          0x40017784        0x0 C:\nburn/lib/NetBurner.a(defappname.o)
 .text          0x40017784      0x4b2 C:\nburn/lib/NetBurner.a(netinterface.o)
                0x40017b68                InitializeNetwork(void (*)(pool_buffer*, EFRAME*, unsigned short), void (*)(pool_buffer*, EFRAME*))
                0x4001783c                InterfaceIP(int)
                0x40017930                GetEframe(pool_buffer*)
                0x40017b08                SaveIfConfig(ConfigRecord*, int)
                0x400179fc                RegisterMultiHomeInterface(_InterfaceBlock*)
                0x40017784                GetFirstInterface()
                0x40017b38                GetIfConfig(int)
                0x400178ec                InterfaceMAC(int)
                0x400177e8                GetInterFaceBlock(int)
                0x40017868                InterfaceDNS(int)
                0x40017894                InterfaceMASK(int)
                0x400177a4                GetnextInterface(int)
                0x40017bd4                TransmitBuffer(pool_buffer*, int)
                0x4001799c                DisableMulticast(MACADR, int)
                0x40017a64                RegisterInterface(_InterfaceBlock*)
                0x40017944                EnableMulticast(MACADR, int)
                0x40017ad4                Removeinterface(int)
                0x400179f4                StopNetworks()
                0x40017814                GetInterfaceNumber(_InterfaceBlock*)
                0x400178c0                InterfaceGate(int)
 *fill*         0x40017c36        0x2 00
 .text          0x40017c38      0x5c8 C:\nburn/lib/NetBurner.a(taskmon.o)
                0x40018140                ProcessTaskPacket(UDPPacket&, int)
                0x40017c38                EnableTaskMonitor()
                0x40017c4c                BufferDumpTCBState(os_tcb*)
 .text          0x40018200     0x131e C:\nburn/lib/NetBurner.a(smarttrap.o)
                0x40018234                EnableSmartTraps()
                0x40018314                WalkStack(os_tcb*, unsigned long, unsigned long)
                0x400187f4                smart_trap_asm
                0x40018614                Local_OutTCBState(os_tcb*, unsigned long, unsigned long)
                0x40018200                SafeRead(unsigned long)
                0x40018250                Local_OutHex(unsigned long, int)
                0x400187ec                Smart_Trap_Holder()
                0x400182e4                Local_OutString(char const*)
                0x40018390                Local_ShowTaskName(os_tcb volatile*)
 *fill*         0x4001951e        0x2 00
 .text          0x40019520      0x538 C:\nburn/lib/NetBurner.a(autoupdate.o)
                0x400199a8                ProcessAutoUpdatePacket(UDPPacket&)
                0x400196dc                DoData(UDPPacket&)
                0x40019520                EnableAutoUpdate
                0x40019534                DoReboot()
                0x40019564                DoExecute(UDPPacket&, int)
                0x400197cc                DoStart(UDPPacket&)
 .text          0x40019a58       0x52 C:\nburn/lib/NetBurner.a(device.o)
                0x40019a78                DeviceInitializeSem
                0x40019a58                DeviceGetQspiSem()
                0x40019a68                DeviceGetI2cSem()
 *fill*         0x40019aaa        0x2 00
 .text          0x40019aac      0x320 C:\nburn/lib/NetBurner.a(ucosmcfc.o)
                0x40019d94                OSTaskCreate
                0x40019dc0                TopOfStackKillfunction
                0x40019b68                OSTaskCreatewName
                0x40019aac                OSTCBInit
                0x40019dc4                KillFunctionLink
 .text          0x40019dcc       0x26 C:\nburn/lib/NetBurner.a(new_ops.o)
                0x40019dcc                operator new(unsigned long)
 *fill*         0x40019df2        0x2 00
 .text          0x40019df4     0x17ce C:\nburn/lib/MOD5441X.a(ethernet.o)
                0x4001a9d8                AddEthernetInterface()
                0x40019fd8                StopEnet()
                0x4001a490                ResetEnet()
                0x4001abf8                ProcessDuplexStatus()
                0x40019df4                read_eth_addr(MACADR*)
                0x4001aacc                WarmEnetReset()
                0x4001b414                real_rxenetisr
                0x40019e20                fake_rxenetisr()
                0x40019e24                rxenetisr
                0x40019e74                fake_txenetisr()
                0x4001abc8                EnablePHY()
                0x4001a02c                EthMultifunc(MACADR, unsigned char)
                0x40019ec8                GetMII(unsigned char, unsigned char)
                0x4001a048                ResetEnetPart2()
                0x40019e78                txenetisr
                0x40019f4c                SetMII(unsigned char, unsigned char, unsigned short)
                0x4001a824                InitializeEthernet()
                0x4001b070                real_txenetisr
                0x4001a008                DisablePHY()
                0x4001ab68                ManualEthernetConfig(unsigned char, unsigned char, unsigned char)
                0x4001af1c                EthTransmitBuffer(pool_buffer*)
                0x4001b268                Ether_ProcessTask(void*)
 *fill*         0x4001b5c2        0x2 00
 .text          0x4001b5c4     0x16e8 C:\nburn/lib/MOD5441X.a(etherprint.o)
                0x4001cbd4                EtherLink()
                0x4001b5c4                EtherSpeed100()
                0x4001cbc8                denet()
                0x4001c868                ShowFECRegisters()
                0x4001b69c                ShowMII(unsigned char, unsigned char, char const*, unsigned short)
                0x4001cc08                elink()
                0x4001cbbc                dEnet()
                0x4001b5e4                SwitchMIIPage(unsigned long)
                0x4001b5d4                EtherDuplex()
                0x4001b610                showbinary(unsigned short, unsigned short)
                0x4001b704                ShowPhyterMII()
 .text          0x4001ccac      0x196 C:\nburn/lib/MOD5441X.a(emulticast.o)
                0x4001cd90                EthDisableMulticast(MACADR)
                0x4001ccec                EthEnableMulticast(MACADR)
                0x4001ccac                GetMultiCastCRC(MACADR)
 *fill*         0x4001ce42        0x2 00
 .text          0x4001ce44      0x1f2 C:\nburn/lib/NetBurner.a(netrx.o)
                0x4001ce44                NetDoRX(pool_buffer*, unsigned short, int)
 *fill*         0x4001d036        0x2 00
 .text          0x4001d038      0xba0 c:/nburn/gcc-m68k/bin/../lib/gcc/m68k-elf/4.2.1/m5206e\libgcc.a(_double.o)
                0x4001db36                __cmpdf2
                0x4001d098                __adddf3
                0x4001da00                __negdf2
                0x4001d710                __divdf3
                0x4001da5e                __cmpdf2_internal
                0x4001d534                __muldf3
                0x4001d092                __subdf3
 .text          0x4001dbd8       0x74 c:/nburn/gcc-m68k/bin/../lib/gcc/m68k-elf/4.2.1/m5206e\libgcc.a(_floatex.o)
                0x4001dbe4                $_exception_handler
                0x4001dbd8                __clear_sticky_bit
 .text          0x4001dc4c       0x22 c:/nburn/gcc-m68k/bin/../lib/gcc/m68k-elf/4.2.1/m5206e\libgcc.a(_eqdf2.o)
                0x4001dc4c                __eqdf2
 *fill*         0x4001dc6e        0x2 00
 .text          0x4001dc70       0x22 c:/nburn/gcc-m68k/bin/../lib/gcc/m68k-elf/4.2.1/m5206e\libgcc.a(_nedf2.o)
                0x4001dc70                __nedf2
 *fill*         0x4001dc92        0x2 00
 .text          0x4001dc94       0x7a c:/nburn/gcc-m68k/bin/../lib/gcc/m68k-elf/4.2.1/m5206e\libgcc.a(_fixunsdfsi.o)
                0x4001dc94                __fixunsdfsi
 *fill*         0x4001dd0e        0x2 00
 .text          0x4001dd10      0x49a c:/nburn/gcc-m68k/bin/../lib/gcc/m68k-elf/4.2.1/m5206e\libgcc.a(fpgnulib.o)
                0x4001e190                __fixsfsi
                0x4001de78                __floatsidf
                0x4001df4e                __extendsfdf2
                0x4001de06                __floatunsidf
                0x4001e110                __fixdfsi
                0x4001df34                __floatsisf
                0x4001dfe8                __truncdfsf2
                0x4001dd10                __unordsf2
                0x4001df1a                __floatunsisf
                0x4001dd72                __unorddf2
 *fill*         0x4001e1aa        0x2 00
 .text          0x4001e1ac       0x22 c:/nburn/gcc-m68k/bin/../lib/gcc/m68k-elf/4.2.1/m5206e\libgcc.a(_gedf2.o)
                0x4001e1ac                __gedf2
 *fill*         0x4001e1ce        0x2 00
 .text          0x4001e1d0       0x1e c:/nburn/gcc-m68k/bin/../lib/gcc/m68k-elf/4.2.1/../../../../m68k-elf/lib/m5206e\libc.a(lib_a-cxa_atexit.o)
                0x4001e1d0                __cxa_atexit
 *fill*         0x4001e1ee        0x2 00
 .text          0x4001e1f0        0xe c:/nburn/gcc-m68k/bin/../lib/gcc/m68k-elf/4.2.1/../../../../m68k-elf/lib/m5206e\libc.a(lib_a-errno.o)
                0x4001e1f0                __errno
 *fill*         0x4001e1fe        0x2 00
 .text          0x4001e200       0x24 c:/nburn/gcc-m68k/bin/../lib/gcc/m68k-elf/4.2.1/../../../../m68k-elf/lib/m5206e\libc.a(lib_a-fiprintf.o)
                0x4001e200                fiprintf
 .text          0x4001e224        0x0 c:/nburn/gcc-m68k/bin/../lib/gcc/m68k-elf/4.2.1/../../../../m68k-elf/lib/m5206e\libc.a(lib_a-impure.o)
 .text          0x4001e224       0x54 c:/nburn/gcc-m68k/bin/../lib/gcc/m68k-elf/4.2.1/../../../../m68k-elf/lib/m5206e\libc.a(lib_a-iprintf.o)
                0x4001e224                _iprintf_r
                0x4001e24e                iprintf
 .text          0x4001e278       0x32 c:/nburn/gcc-m68k/bin/../lib/gcc/m68k-elf/4.2.1/../../../../m68k-elf/lib/m5206e\libc.a(lib_a-malloc.o)
                0x4001e292                malloc
                0x4001e278                free
 *fill*         0x4001e2aa        0x2 00
 .text          0x4001e2ac      0x78c c:/nburn/gcc-m68k/bin/../lib/gcc/m68k-elf/4.2.1/../../../../m68k-elf/lib/m5206e\libc.a(lib_a-mallocr.o)
                0x4001e2ac                _malloc_r
 .text          0x4001ea38       0x8a c:/nburn/gcc-m68k/bin/../lib/gcc/m68k-elf/4.2.1/../../../../m68k-elf/lib/m5206e\libc.a(lib_a-puts.o)
                0x4001ea38                _puts_r
                0x4001eaac                puts
 *fill*         0x4001eac2        0x2 00
 .text          0x4001eac4       0x6a c:/nburn/gcc-m68k/bin/../lib/gcc/m68k-elf/4.2.1/../../../../m68k-elf/lib/m5206e\libc.a(lib_a-rand.o)
                0x4001eadc                rand
                0x4001eac4                srand
 *fill*         0x4001eb2e        0x2 00
 .text          0x4001eb30       0x4e c:/nburn/gcc-m68k/bin/../lib/gcc/m68k-elf/4.2.1/../../../../m68k-elf/lib/m5206e\libc.a(lib_a-rget.o)
                0x4001eb6a                __srget
                0x4001eb30                __srget_r
 *fill*         0x4001eb7e        0x2 00
 .text          0x4001eb80      0x1ee c:/nburn/gcc-m68k/bin/../lib/gcc/m68k-elf/4.2.1/../../../../m68k-elf/lib/m5206e\libc.a(lib_a-setvbuf.o)
                0x4001eb80                setvbuf
 *fill*         0x4001ed6e        0x2 00
 .text          0x4001ed70       0xba c:/nburn/gcc-m68k/bin/../lib/gcc/m68k-elf/4.2.1/../../../../m68k-elf/lib/m5206e\libc.a(lib_a-siprintf.o)
                0x4001edce                _siprintf_r
                0x4001ed70                siprintf
 *fill*         0x4001ee2a        0x2 00
 .text          0x4001ee2c      0x14c c:/nburn/gcc-m68k/bin/../lib/gcc/m68k-elf/4.2.1/../../../../m68k-elf/lib/m5206e\libc.a(lib_a-sniprintf.o)
                0x4001eed4                _sniprintf_r
                0x4001ee2c                sniprintf
 .text          0x4001ef78       0xba c:/nburn/gcc-m68k/bin/../lib/gcc/m68k-elf/4.2.1/../../../../m68k-elf/lib/m5206e\libc.a(lib_a-sprintf.o)
                0x4001efd6                _sprintf_r
                0x4001ef78                sprintf
 *fill*         0x4001f032        0x2 00
 .text          0x4001f034       0x1a c:/nburn/gcc-m68k/bin/../lib/gcc/m68k-elf/4.2.1/../../../../m68k-elf/lib/m5206e\libc.a(lib_a-strlen.o)
                0x4001f034                strlen
 *fill*         0x4001f04e        0x2 00
 .text          0x4001f050     0x1280 c:/nburn/gcc-m68k/bin/../lib/gcc/m68k-elf/4.2.1/../../../../m68k-elf/lib/m5206e\libc.a(lib_a-vfiprintf.o)
                0x400202b2                vfiprintf
                0x4001f094                _vfiprintf_r
 .text          0x400202d0     0x1fac c:/nburn/gcc-m68k/bin/../lib/gcc/m68k-elf/4.2.1/../../../../m68k-elf/lib/m5206e\libc.a(lib_a-vfprintf.o)
                0x40020314                _vfprintf_r
                0x4002225e                vfprintf
 .text          0x4002227c      0x124 c:/nburn/gcc-m68k/bin/../lib/gcc/m68k-elf/4.2.1/../../../../m68k-elf/lib/m5206e\libc.a(lib_a-wbuf.o)
                0x4002227c                __swbuf_r
                0x40022386                __swbuf
 .text          0x400223a0       0x7c c:/nburn/gcc-m68k/bin/../lib/gcc/m68k-elf/4.2.1/../../../../m68k-elf/lib/m5206e\libc.a(lib_a-wcrtomb.o)
                0x400223a0                _wcrtomb_r
                0x40022400                wcrtomb
 .text          0x4002241c      0x130 c:/nburn/gcc-m68k/bin/../lib/gcc/m68k-elf/4.2.1/../../../../m68k-elf/lib/m5206e\libc.a(lib_a-wcsrtombs.o)
                0x4002241c                _wcsrtombs_r
                0x4002252a                wcsrtombs
 .text          0x4002254c      0x452 c:/nburn/gcc-m68k/bin/../lib/gcc/m68k-elf/4.2.1/../../../../m68k-elf/lib/m5206e\libc.a(lib_a-wctomb_r.o)
                0x4002254c                _wctomb_r
 *fill*         0x4002299e        0x2 00
 .text          0x400229a0      0x130 c:/nburn/gcc-m68k/bin/../lib/gcc/m68k-elf/4.2.1/../../../../m68k-elf/lib/m5206e\libc.a(lib_a-wsetup.o)
                0x400229a0                __swsetup
 .text          0x40022ad0       0xe8 c:/nburn/gcc-m68k/bin/../lib/gcc/m68k-elf/4.2.1/../../../../m68k-elf/lib/m5206e\libc.a(lib_a-__atexit.o)
                0x40022ad0                __register_exitproc
 .text          0x40022bb8     0x160a c:/nburn/gcc-m68k/bin/../lib/gcc/m68k-elf/4.2.1/../../../../m68k-elf/lib/m5206e\libc.a(lib_a-dtoa.o)
                0x40022d6a                _dtoa_r
 *fill*         0x400241c2        0x2 00
 .text          0x400241c4      0x198 c:/nburn/gcc-m68k/bin/../lib/gcc/m68k-elf/4.2.1/../../../../m68k-elf/lib/m5206e\libc.a(lib_a-fflush.o)
                0x400241c4                fflush
 .text          0x4002435c      0x25e c:/nburn/gcc-m68k/bin/../lib/gcc/m68k-elf/4.2.1/../../../../m68k-elf/lib/m5206e\libc.a(lib_a-findfp.o)
                0x400243b6                __sinit
                0x4002446e                __sfmoreglue
                0x4002445c                _cleanup
                0x40024442                _cleanup_r
                0x400244dc                __sfp
 *fill*         0x400245ba        0x2 00
 .text          0x400245bc      0x422 c:/nburn/gcc-m68k/bin/../lib/gcc/m68k-elf/4.2.1/../../../../m68k-elf/lib/m5206e\libc.a(lib_a-freer.o)
                0x400246ac                _free_r
                0x400245bc                _malloc_trim_r
 *fill*         0x400249de        0x2 00
 .text          0x400249e0      0x37e c:/nburn/gcc-m68k/bin/../lib/gcc/m68k-elf/4.2.1/../../../../m68k-elf/lib/m5206e\libc.a(lib_a-fvwrite.o)
                0x400249e0                __sfvwrite_r
 *fill*         0x40024d5e        0x2 00
 .text          0x40024d60       0xe4 c:/nburn/gcc-m68k/bin/../lib/gcc/m68k-elf/4.2.1/../../../../m68k-elf/lib/m5206e\libc.a(lib_a-fwalk.o)
                0x40024d60                _fwalk
                0x40024dd0                _fwalk_reent
 .text          0x40024e44       0xa6 c:/nburn/gcc-m68k/bin/../lib/gcc/m68k-elf/4.2.1/../../../../m68k-elf/lib/m5206e\libc.a(lib_a-locale.o)
                0x40024e72                _setlocale_r
                0x40024e44                __locale_charset
                0x40024e52                _localeconv_r
                0x40024ed2                setlocale
                0x40024e60                localeconv
 *fill*         0x40024eea        0x2 00
 .text          0x40024eec      0x178 c:/nburn/gcc-m68k/bin/../lib/gcc/m68k-elf/4.2.1/../../../../m68k-elf/lib/m5206e\libc.a(lib_a-makebuf.o)
                0x40024eec                __smakebuf
 .text          0x40025064       0xd2 c:/nburn/gcc-m68k/bin/../lib/gcc/m68k-elf/4.2.1/../../../../m68k-elf/lib/m5206e\libc.a(lib_a-memchr.o)
                0x40025064                memchr
 *fill*         0x40025136        0x2 00
 .text          0x40025138       0xb6 c:/nburn/gcc-m68k/bin/../lib/gcc/m68k-elf/4.2.1/../../../../m68k-elf/lib/m5206e\libc.a(lib_a-memmove.o)
                0x40025138                memmove
 *fill*         0x400251ee        0x2 00
 .text          0x400251f0      0xc78 c:/nburn/gcc-m68k/bin/../lib/gcc/m68k-elf/4.2.1/../../../../m68k-elf/lib/m5206e\libc.a(lib_a-mprec.o)
                0x40025544                _mprec_log10
                0x400255fa                __any_on
                0x400256a0                _Balloc
                0x400254b2                __ratio
                0x40025bc8                __i2b
                0x400253c2                __b2d
                0x40025d90                __s2b
                0x400252e0                __mcmp
                0x400251f0                __hi0bits
                0x40025cae                __pow5mult
                0x400259ac                __lshift
                0x40025a5a                __multiply
                0x40025756                __d2b
                0x400255b6                __copybits
                0x40025340                __ulp
                0x4002586c                __mdiff
                0x40025254                __lo0bits
                0x40025bea                __multadd
                0x40025666                _Bfree
 .text          0x40025e68      0x502 c:/nburn/gcc-m68k/bin/../lib/gcc/m68k-elf/4.2.1/../../../../m68k-elf/lib/m5206e\libc.a(lib_a-reallocr.o)
                0x40025e68                _realloc_r
 *fill*         0x4002636a        0x2 00
 .text          0x4002636c      0x21c c:/nburn/gcc-m68k/bin/../lib/gcc/m68k-elf/4.2.1/../../../../m68k-elf/lib/m5206e\libc.a(lib_a-refill.o)
                0x40026390                __srefill_r
 .text          0x40026588       0x42 c:/nburn/gcc-m68k/bin/../lib/gcc/m68k-elf/4.2.1/../../../../m68k-elf/lib/m5206e\libc.a(lib_a-s_isinfd.o)
                0x40026588                __isinfd
 *fill*         0x400265ca        0x2 00
 .text          0x400265cc       0x34 c:/nburn/gcc-m68k/bin/../lib/gcc/m68k-elf/4.2.1/../../../../m68k-elf/lib/m5206e\libc.a(lib_a-s_isnand.o)
                0x400265cc                __isnand
 .text          0x40026600      0x162 c:/nburn/gcc-m68k/bin/../lib/gcc/m68k-elf/4.2.1/../../../../m68k-elf/lib/m5206e\libc.a(lib_a-stdio.o)
                0x4002661e                __sseek
                0x40026710                __sread
                0x40026600                __sclose
                0x40026680                __swrite
 *fill*         0x40026762        0x2 00
 .text          0x40026764       0x70 c:/nburn/gcc-m68k/bin/../lib/gcc/m68k-elf/4.2.1/../../../../m68k-elf/lib/m5206e\libc.a(lib_a-strcmp.o)
                0x40026764                strcmp
 .text          0x400267d4       0x3e c:/nburn/gcc-m68k/bin/../lib/gcc/m68k-elf/4.2.1/../../../../m68k-elf/lib/m5206e\libc.a(lib_a-writer.o)
                0x400267d4                _write_r
 *fill*         0x40026812        0x2 00
 .text          0x40026814       0x92 c:/nburn/gcc-m68k/bin/../lib/gcc/m68k-elf/4.2.1/../../../../m68k-elf/lib/m5206e\libc.a(lib_a-callocr.o)
                0x40026814                _calloc_r
 *fill*         0x400268a6        0x2 00
 .text          0x400268a8       0x32 c:/nburn/gcc-m68k/bin/../lib/gcc/m68k-elf/4.2.1/../../../../m68k-elf/lib/m5206e\libc.a(lib_a-closer.o)
                0x400268a8                _close_r
 *fill*         0x400268da        0x2 00
 .text          0x400268dc       0xfe c:/nburn/gcc-m68k/bin/../lib/gcc/m68k-elf/4.2.1/../../../../m68k-elf/lib/m5206e\libc.a(lib_a-fclose.o)
                0x400268dc                _fclose_r
                0x400269c4                fclose
 *fill*         0x400269da        0x2 00
 .text          0x400269dc       0x36 c:/nburn/gcc-m68k/bin/../lib/gcc/m68k-elf/4.2.1/../../../../m68k-elf/lib/m5206e\libc.a(lib_a-fstatr.o)
                0x400269dc                _fstat_r
 *fill*         0x40026a12        0x2 00
 .text          0x40026a14       0x3e c:/nburn/gcc-m68k/bin/../lib/gcc/m68k-elf/4.2.1/../../../../m68k-elf/lib/m5206e\libc.a(lib_a-lseekr.o)
                0x40026a14                _lseek_r
 *fill*         0x40026a52        0x2 00
 .text          0x40026a54       0x3e c:/nburn/gcc-m68k/bin/../lib/gcc/m68k-elf/4.2.1/../../../../m68k-elf/lib/m5206e\libc.a(lib_a-readr.o)
                0x40026a54                _read_r
 *fill*         0x40026a92        0x2 00
 .text          0x40026a94       0x22 c:/nburn/gcc-m68k/bin/../lib/gcc/m68k-elf/4.2.1/m5206e\libgcc.a(_gtdf2.o)
                0x40026a94                __gtdf2
 *fill*         0x40026ab6        0x2 00
 .text          0x40026ab8       0x22 c:/nburn/gcc-m68k/bin/../lib/gcc/m68k-elf/4.2.1/m5206e\libgcc.a(_ltdf2.o)
                0x40026ab8                __ltdf2
 *fill*         0x40026ada        0x2 00
 .text          0x40026adc       0x72 c:/nburn/gcc-m68k/bin/../lib/gcc/m68k-elf/4.2.1/m5206e\libgcc.a(_muldi3.o)
                0x40026adc                __muldi3
 *fill*         0x40026b4e        0x2 00
 .text          0x40026b50      0x4f6 c:/nburn/gcc-m68k/bin/../lib/gcc/m68k-elf/4.2.1/m5206e\libgcc.a(_udivdi3.o)
                0x40026b50                __udivdi3
 *fill*         0x40027046        0x2 00
 .text          0x40027048      0x4f8 c:/nburn/gcc-m68k/bin/../lib/gcc/m68k-elf/4.2.1/m5206e\libgcc.a(_umoddi3.o)
                0x40027048                __umoddi3
 .text          0x40027540        0x0 c:/nburn/gcc-m68k/bin/../lib/gcc/m68k-elf/4.2.1/m5206e\libgcc.a(_clz.o)
 .text          0x40027540       0x32 c:/nburn/gcc-m68k/bin/../lib/gcc/m68k-elf/4.2.1/m5206e/crtend.o
                0x40027580                . = ALIGN (0x10)
 *fill*         0x40027572        0xe 00
 *(.text.*)
                0x40027580                . = ALIGN (0x10)
 *(.eh_frame)
 .eh_frame      0x40027580        0x0 c:/nburn/gcc-m68k/bin/../lib/gcc/m68k-elf/4.2.1/m5206e/crtbegin.o
 .eh_frame      0x40027580       0x40 c:/nburn/gcc-m68k/bin/../lib/gcc/m68k-elf/4.2.1/m5206e\libgcc.a(_udivdi3.o)
 .eh_frame      0x400275c0       0x2c c:/nburn/gcc-m68k/bin/../lib/gcc/m68k-elf/4.2.1/m5206e\libgcc.a(_umoddi3.o)
                                 0x40 (size before relaxing)
 .eh_frame      0x400275ec        0x4 c:/nburn/gcc-m68k/bin/../lib/gcc/m68k-elf/4.2.1/m5206e/crtend.o
                0x400275f0                . = ALIGN (0x10)
 *fill*         0x400275f0        0x0 00
 *(.gnu.linkonce.t.*)
                0x400275f0                . = ALIGN (0x4)
                0x400275f0                __CTOR_LIST__ = .
 *(.ctors)
 .ctors         0x400275f0        0x4 c:/nburn/gcc-m68k/bin/../lib/gcc/m68k-elf/4.2.1/m5206e/crtbegin.o
 .ctors         0x400275f4        0x4 C:\nburn/lib/MOD5441X.a(serial.o)
 .ctors         0x400275f8        0x4 C:\nburn/lib/MOD5441X.a(HiResTimer.o)
 .ctors         0x400275fc        0x4 C:\nburn/lib/NetBurner.a(ip.o)
 .ctors         0x40027600        0x4 C:\nburn/lib/NetBurner.a(buffers.o)
 .ctors         0x40027604        0x4 C:\nburn/lib/NetBurner.a(tcp.o)
 .ctors         0x40027608        0x4 c:/nburn/gcc-m68k/bin/../lib/gcc/m68k-elf/4.2.1/m5206e/crtend.o
                0x4002760c                __CTOR_END__ = .
                0x4002760c        0x4 LONG 0x0
                0x40027610                __CTOR_END__ = .
                0x40027610                __DTOR_LIST__ = .
                0x40027610                ___DTOR_LIST__ = .
                0x40027610        0x4 LONG 0x2 (((__DTOR_END__ - __DTOR_LIST__) / 0x4) - 0x2)
 *(.dtors)
 .dtors         0x40027614        0x4 c:/nburn/gcc-m68k/bin/../lib/gcc/m68k-elf/4.2.1/m5206e/crtbegin.o
 .dtors         0x40027618        0x4 c:/nburn/gcc-m68k/bin/../lib/gcc/m68k-elf/4.2.1/m5206e/crtend.o
                0x4002761c        0x4 LONG 0x0
                0x40027620                __DTOR_END__ = .
 *(.rodata)
 .rodata        0x40027620       0x6b htmldata.o
                0x40027620                n_file_record
                0x40027624                file_record
 *fill*         0x4002768b        0x1 00
 .rodata        0x4002768c       0x50 C:\nburn/lib/MOD5441X.a(serial.o)
 .rodata        0x400276dc      0x108 C:\nburn/lib/NetBurner.a(ucos.o)
                0x400276e4                FAKE_OSUnMapTbl
                0x400276dc                FAKE_OSMapTbl
 .rodata        0x400277e4       0xb8 C:\nburn/lib/NetBurner.a(utils.o)
 *fill*         0x4002789c        0x4 00
 .rodata        0x400278a0        0x4 C:\nburn/lib/NetBurner.a(buffers.o)
 .rodata        0x400278a4        0x2 C:\nburn/lib/NetBurner.a(udp.o)
 .rodata        0x400278a6        0xd C:\nburn/lib/NetBurner.a(tcp.o)
 *fill*         0x400278b3        0x1 00
 .rodata        0x400278b4      0x400 C:\nburn/lib/MOD5441X.a(emulticast.o)
 .rodata        0x40027cb4        0x4 c:/nburn/gcc-m68k/bin/../lib/gcc/m68k-elf/4.2.1/../../../../m68k-elf/lib/m5206e\libc.a(lib_a-impure.o)
                0x40027cb4                _global_impure_ptr
 .rodata        0x40027cb8       0x20 c:/nburn/gcc-m68k/bin/../lib/gcc/m68k-elf/4.2.1/../../../../m68k-elf/lib/m5206e\libc.a(lib_a-vfiprintf.o)
 .rodata        0x40027cd8       0x20 c:/nburn/gcc-m68k/bin/../lib/gcc/m68k-elf/4.2.1/../../../../m68k-elf/lib/m5206e\libc.a(lib_a-vfprintf.o)
 .rodata        0x40027cf8       0x34 c:/nburn/gcc-m68k/bin/../lib/gcc/m68k-elf/4.2.1/../../../../m68k-elf/lib/m5206e\libc.a(lib_a-locale.o)
 .rodata        0x40027d2c      0x124 c:/nburn/gcc-m68k/bin/../lib/gcc/m68k-elf/4.2.1/../../../../m68k-elf/lib/m5206e\libc.a(lib_a-mprec.o)
                0x40027e1c                __mprec_tinytens
                0x40027d2c                __mprec_tens
                0x40027df4                __mprec_bigtens
 .rodata        0x40027e50      0x100 c:/nburn/gcc-m68k/bin/../lib/gcc/m68k-elf/4.2.1/m5206e\libgcc.a(_clz.o)
                0x40027e50                __clz_tab
 *(.rodata.*)
 .rodata.str1.1
                0x40027f50        0x4 QuadIMU_NB1_v2.6.o
 .rodata.str1.1
                0x40027f54      0x138 htmldata.o
                                0x158 (size before relaxing)
 .rodata.str1.1
                0x4002808c        0x9 C:\nburn/lib/MOD5441X.a(bsp.o)
 .rodata.str1.1
                0x40028095      0x15a C:\nburn/lib/MOD5441X.a(serial.o)
 .rodata.str1.1
                0x400281ef       0xcf C:\nburn/lib/MOD5441X.a(HiResTimer.o)
 .rodata.str1.1
                0x400282be        0x5 C:\nburn/lib/NetBurner.a(ucos.o)
 .rodata.str1.1
                0x400282c3        0x3 C:\nburn/lib/NetBurner.a(fileio.o)
                                  0x6 (size before relaxing)
 .rodata.str1.1
                0x400282c6       0xc9 C:\nburn/lib/NetBurner.a(system.o)
                                 0xcd (size before relaxing)
 .rodata.str1.1
                0x4002838f        0x5 C:\nburn/lib/NetBurner.a(main.o)
 .rodata.str1.1
                0x40028394      0x179 C:\nburn/lib/NetBurner.a(utils.o)
                                0x17b (size before relaxing)
 .rodata.str1.1
                0x4002850d      0x212 C:\nburn/lib/NetBurner.a(ip.o)
                                0x217 (size before relaxing)
 .rodata.str1.1
                0x4002871f       0x68 C:\nburn/lib/NetBurner.a(buffers.o)
                                 0x70 (size before relaxing)
 .rodata.str1.1
                0x40028787       0x50 C:\nburn/lib/NetBurner.a(arp.o)
 .rodata.str1.1
                0x400287d7       0x18 C:\nburn/lib/NetBurner.a(udp.o)
 .rodata.str1.1
                0x400287ef      0x38f C:\nburn/lib/NetBurner.a(tcp.o)
                                0x392 (size before relaxing)
 .rodata.str1.1
                0x40028b7e        0x8 C:\nburn/lib/NetBurner.a(defappname.o)
 .rodata.str1.1
                0x40028b86       0xa4 C:\nburn/lib/NetBurner.a(taskmon.o)
                                 0xa7 (size before relaxing)
 .rodata.str1.1
                0x40028c2a      0x4f9 C:\nburn/lib/NetBurner.a(smarttrap.o)
                                0x540 (size before relaxing)
 .rodata.str1.1
                0x40029123        0xe C:\nburn/lib/MOD5441X.a(ethernet.o)
 .rodata.str1.1
                0x40029131      0x452 C:\nburn/lib/MOD5441X.a(etherprint.o)
                                0x46c (size before relaxing)
 .rodata.str1.1
                0x40029583        0x2 c:/nburn/gcc-m68k/bin/../lib/gcc/m68k-elf/4.2.1/../../../../m68k-elf/lib/m5206e\libc.a(lib_a-impure.o)
 .rodata.str1.1
                0x00000000        0x2 c:/nburn/gcc-m68k/bin/../lib/gcc/m68k-elf/4.2.1/../../../../m68k-elf/lib/m5206e\libc.a(lib_a-puts.o)
 .rodata.str1.1
                0x40029585       0x43 c:/nburn/gcc-m68k/bin/../lib/gcc/m68k-elf/4.2.1/../../../../m68k-elf/lib/m5206e\libc.a(lib_a-vfiprintf.o)
 .rodata.str1.1
                0x400295c8       0x10 c:/nburn/gcc-m68k/bin/../lib/gcc/m68k-elf/4.2.1/../../../../m68k-elf/lib/m5206e\libc.a(lib_a-vfprintf.o)
                                 0x57 (size before relaxing)
 .rodata.str1.1
                0x400295d8       0x1d c:/nburn/gcc-m68k/bin/../lib/gcc/m68k-elf/4.2.1/../../../../m68k-elf/lib/m5206e\libc.a(lib_a-wctomb_r.o)
 .rodata.str1.1
                0x400295f5        0xd c:/nburn/gcc-m68k/bin/../lib/gcc/m68k-elf/4.2.1/../../../../m68k-elf/lib/m5206e\libc.a(lib_a-dtoa.o)
                                  0xf (size before relaxing)
 .rodata.str1.1
                0x40029602        0xb c:/nburn/gcc-m68k/bin/../lib/gcc/m68k-elf/4.2.1/../../../../m68k-elf/lib/m5206e\libc.a(lib_a-locale.o)
                                 0x10 (size before relaxing)
 *(.gnu.linkonce.*)
 *(.gcc_except_table)
                0x40029610                . = ALIGN (0x4)
 *fill*         0x4002960d        0x3 00
                0x40029610                __INIT_SECTION__ = .
                0x40029610        0x4 LONG 0x4e560000
 *(.init)
 .init          0x40029614        0x6 c:/nburn/gcc-m68k/bin/../lib/gcc/m68k-elf/4.2.1/m5206e/crtbegin.o
 .init          0x4002961a        0x6 c:/nburn/gcc-m68k/bin/../lib/gcc/m68k-elf/4.2.1/m5206e/crtend.o
                0x40029620        0x2 SHORT 0x4e5e
                0x40029622        0x2 SHORT 0x4e75
                0x40029624                . = ALIGN (0x4)
                0x40029624                __FINI_SECTION__ = .
                0x40029624        0x4 LONG 0x4e560000
 *(.fini)
 .fini          0x40029628        0x6 c:/nburn/gcc-m68k/bin/../lib/gcc/m68k-elf/4.2.1/m5206e/crtbegin.o
                0x4002962e        0x2 SHORT 0x4e5e
                0x40029630        0x2 SHORT 0x4e75
 *(.lit)
                0x40029640                . = ALIGN (0x10)
 *fill*         0x40029632        0xe 00
                0x40029640                _etext = .
                0x40029640                etext = .

.data           0x40029640      0x970
                0x40029640                copy_start = .
 *(.shdata)
 *(.data)
 .data          0x40029640        0x4 c:/nburn/gcc-m68k/bin/../lib/gcc/m68k-elf/4.2.1/../../../../m68k-elf/lib/m5206e\nb-crt0.o
 .data          0x40029644        0x8 c:/nburn/gcc-m68k/bin/../lib/gcc/m68k-elf/4.2.1/m5206e/crtbegin.o
                0x40029644                __dso_handle
 .data          0x4002964c       0x18 QuadIMU_NB1_v2.6.o
 .data          0x40029664      0x108 htmldata.o
                0x4002966c                html_table
                0x40029668                MIME_table
                0x40029664                default_page
 .data          0x4002976c        0x4 C:\nburn/lib/MOD5441X.a(bsp.o)
                0x4002976c                PlatformName
 .data          0x40029770        0x0 C:\nburn/lib/MOD5441X.a(flash.o)
 .data          0x40029770        0x0 C:\nburn/lib/MOD5441X.a(serial.o)
 .data          0x40029770        0x0 C:\nburn/lib/MOD5441X.a(pins.o)
 .data          0x40029770        0x0 C:\nburn/lib/MOD5441X.a(HiResTimer.o)
 .data          0x40029770        0x1 C:\nburn/lib/MOD5441X.a(dspi.o)
 *fill*         0x40029771        0x3 00
 .data          0x40029774        0x0 C:\nburn/lib/MOD5441X.a(localio.o)
 .data          0x40029774        0x0 C:\nburn/lib/NetBurner.a(ucosmcfa.o)
 .data          0x40029774        0x0 C:\nburn/lib/NetBurner.a(software_init.o)
 .data          0x40029774        0x0 C:\nburn/lib/NetBurner.a(ucos.o)
 .data          0x40029774        0x0 C:\nburn/lib/NetBurner.a(ucosmain.o)
 .data          0x40029774        0x0 C:\nburn/lib/NetBurner.a(fileio.o)
 .data          0x40029774        0x0 C:\nburn/lib/NetBurner.a(system.o)
 .data          0x40029774        0x0 C:\nburn/lib/NetBurner.a(main.o)
 .data          0x40029774        0x0 C:\nburn/lib/NetBurner.a(utils.o)
 .data          0x40029774        0x0 C:\nburn/lib/NetBurner.a(ip.o)
 .data          0x40029774        0x0 C:\nburn/lib/NetBurner.a(buffers.o)
 .data          0x40029774        0x0 C:\nburn/lib/NetBurner.a(arp.o)
 .data          0x40029774        0x0 C:\nburn/lib/NetBurner.a(udp.o)
 .data          0x40029774        0x0 C:\nburn/lib/NetBurner.a(tcp.o)
 .data          0x40029774        0x0 C:\nburn/lib/NetBurner.a(extraio.o)
 .data          0x40029774        0x0 C:\nburn/lib/NetBurner.a(iosys.o)
 .data          0x40029774        0x0 C:\nburn/lib/NetBurner.a(autoip.o)
 .data          0x40029774        0x4 C:\nburn/lib/NetBurner.a(defappname.o)
                0x40029774                AppName
 .data          0x40029778        0x0 C:\nburn/lib/NetBurner.a(netinterface.o)
 .data          0x40029778        0x0 C:\nburn/lib/NetBurner.a(taskmon.o)
 .data          0x40029778        0x0 C:\nburn/lib/NetBurner.a(smarttrap.o)
 .data          0x40029778        0x0 C:\nburn/lib/NetBurner.a(autoupdate.o)
 .data          0x40029778        0x0 C:\nburn/lib/NetBurner.a(device.o)
 .data          0x40029778        0x0 C:\nburn/lib/NetBurner.a(ucosmcfc.o)
 .data          0x40029778        0x0 C:\nburn/lib/NetBurner.a(new_ops.o)
 .data          0x40029778        0x4 C:\nburn/lib/MOD5441X.a(ethernet.o)
                0x40029778                AutoNeg
                0x4002977a                wait
 .data          0x4002977c        0x0 C:\nburn/lib/MOD5441X.a(etherprint.o)
 .data          0x4002977c        0x0 C:\nburn/lib/MOD5441X.a(emulticast.o)
 .data          0x4002977c        0x0 C:\nburn/lib/NetBurner.a(netrx.o)
 .data          0x4002977c        0x0 c:/nburn/gcc-m68k/bin/../lib/gcc/m68k-elf/4.2.1/m5206e\libgcc.a(_double.o)
 .data          0x4002977c       0x1c c:/nburn/gcc-m68k/bin/../lib/gcc/m68k-elf/4.2.1/m5206e\libgcc.a(_floatex.o)
                0x4002977c                _fpCCR
 .data          0x40029798        0x0 c:/nburn/gcc-m68k/bin/../lib/gcc/m68k-elf/4.2.1/m5206e\libgcc.a(_eqdf2.o)
 .data          0x40029798        0x0 c:/nburn/gcc-m68k/bin/../lib/gcc/m68k-elf/4.2.1/m5206e\libgcc.a(_nedf2.o)
 .data          0x40029798        0x0 c:/nburn/gcc-m68k/bin/../lib/gcc/m68k-elf/4.2.1/m5206e\libgcc.a(_fixunsdfsi.o)
 .data          0x40029798        0x0 c:/nburn/gcc-m68k/bin/../lib/gcc/m68k-elf/4.2.1/m5206e\libgcc.a(fpgnulib.o)
 .data          0x40029798        0x0 c:/nburn/gcc-m68k/bin/../lib/gcc/m68k-elf/4.2.1/m5206e\libgcc.a(_gedf2.o)
 .data          0x40029798        0x0 c:/nburn/gcc-m68k/bin/../lib/gcc/m68k-elf/4.2.1/../../../../m68k-elf/lib/m5206e\libc.a(lib_a-cxa_atexit.o)
 .data          0x40029798        0x0 c:/nburn/gcc-m68k/bin/../lib/gcc/m68k-elf/4.2.1/../../../../m68k-elf/lib/m5206e\libc.a(lib_a-errno.o)
 .data          0x40029798        0x0 c:/nburn/gcc-m68k/bin/../lib/gcc/m68k-elf/4.2.1/../../../../m68k-elf/lib/m5206e\libc.a(lib_a-fiprintf.o)
 .data          0x40029798      0x3f6 c:/nburn/gcc-m68k/bin/../lib/gcc/m68k-elf/4.2.1/../../../../m68k-elf/lib/m5206e\libc.a(lib_a-impure.o)
                0x40029798                _impure_ptr
 *fill*         0x40029b8e        0x2 00
 .data          0x40029b90        0x0 c:/nburn/gcc-m68k/bin/../lib/gcc/m68k-elf/4.2.1/../../../../m68k-elf/lib/m5206e\libc.a(lib_a-iprintf.o)
 .data          0x40029b90        0x0 c:/nburn/gcc-m68k/bin/../lib/gcc/m68k-elf/4.2.1/../../../../m68k-elf/lib/m5206e\libc.a(lib_a-malloc.o)
 .data          0x40029b90      0x410 c:/nburn/gcc-m68k/bin/../lib/gcc/m68k-elf/4.2.1/../../../../m68k-elf/lib/m5206e\libc.a(lib_a-mallocr.o)
                0x40029f9c                __malloc_sbrk_base
                0x40029b90                __malloc_av_
                0x40029f98                __malloc_trim_threshold
 .data          0x40029fa0        0x0 c:/nburn/gcc-m68k/bin/../lib/gcc/m68k-elf/4.2.1/../../../../m68k-elf/lib/m5206e\libc.a(lib_a-puts.o)
 .data          0x40029fa0        0x0 c:/nburn/gcc-m68k/bin/../lib/gcc/m68k-elf/4.2.1/../../../../m68k-elf/lib/m5206e\libc.a(lib_a-rand.o)
 .data          0x40029fa0        0x0 c:/nburn/gcc-m68k/bin/../lib/gcc/m68k-elf/4.2.1/../../../../m68k-elf/lib/m5206e\libc.a(lib_a-rget.o)
 .data          0x40029fa0        0x0 c:/nburn/gcc-m68k/bin/../lib/gcc/m68k-elf/4.2.1/../../../../m68k-elf/lib/m5206e\libc.a(lib_a-setvbuf.o)
 .data          0x40029fa0        0x0 c:/nburn/gcc-m68k/bin/../lib/gcc/m68k-elf/4.2.1/../../../../m68k-elf/lib/m5206e\libc.a(lib_a-siprintf.o)
 .data          0x40029fa0        0x0 c:/nburn/gcc-m68k/bin/../lib/gcc/m68k-elf/4.2.1/../../../../m68k-elf/lib/m5206e\libc.a(lib_a-sniprintf.o)
 .data          0x40029fa0        0x0 c:/nburn/gcc-m68k/bin/../lib/gcc/m68k-elf/4.2.1/../../../../m68k-elf/lib/m5206e\libc.a(lib_a-sprintf.o)
 .data          0x40029fa0        0x0 c:/nburn/gcc-m68k/bin/../lib/gcc/m68k-elf/4.2.1/../../../../m68k-elf/lib/m5206e\libc.a(lib_a-strlen.o)
 .data          0x40029fa0        0x0 c:/nburn/gcc-m68k/bin/../lib/gcc/m68k-elf/4.2.1/../../../../m68k-elf/lib/m5206e\libc.a(lib_a-vfiprintf.o)
 .data          0x40029fa0        0x0 c:/nburn/gcc-m68k/bin/../lib/gcc/m68k-elf/4.2.1/../../../../m68k-elf/lib/m5206e\libc.a(lib_a-vfprintf.o)
 .data          0x40029fa0        0x0 c:/nburn/gcc-m68k/bin/../lib/gcc/m68k-elf/4.2.1/../../../../m68k-elf/lib/m5206e\libc.a(lib_a-wbuf.o)
 .data          0x40029fa0        0x0 c:/nburn/gcc-m68k/bin/../lib/gcc/m68k-elf/4.2.1/../../../../m68k-elf/lib/m5206e\libc.a(lib_a-wcrtomb.o)
 .data          0x40029fa0        0x0 c:/nburn/gcc-m68k/bin/../lib/gcc/m68k-elf/4.2.1/../../../../m68k-elf/lib/m5206e\libc.a(lib_a-wcsrtombs.o)
 .data          0x40029fa0        0x0 c:/nburn/gcc-m68k/bin/../lib/gcc/m68k-elf/4.2.1/../../../../m68k-elf/lib/m5206e\libc.a(lib_a-wctomb_r.o)
 .data          0x40029fa0        0x0 c:/nburn/gcc-m68k/bin/../lib/gcc/m68k-elf/4.2.1/../../../../m68k-elf/lib/m5206e\libc.a(lib_a-wsetup.o)
 .data          0x40029fa0        0x0 c:/nburn/gcc-m68k/bin/../lib/gcc/m68k-elf/4.2.1/../../../../m68k-elf/lib/m5206e\libc.a(lib_a-__atexit.o)
 .data          0x40029fa0        0x0 c:/nburn/gcc-m68k/bin/../lib/gcc/m68k-elf/4.2.1/../../../../m68k-elf/lib/m5206e\libc.a(lib_a-dtoa.o)
 .data          0x40029fa0        0x0 c:/nburn/gcc-m68k/bin/../lib/gcc/m68k-elf/4.2.1/../../../../m68k-elf/lib/m5206e\libc.a(lib_a-fflush.o)
 .data          0x40029fa0        0x0 c:/nburn/gcc-m68k/bin/../lib/gcc/m68k-elf/4.2.1/../../../../m68k-elf/lib/m5206e\libc.a(lib_a-findfp.o)
 .data          0x40029fa0        0x0 c:/nburn/gcc-m68k/bin/../lib/gcc/m68k-elf/4.2.1/../../../../m68k-elf/lib/m5206e\libc.a(lib_a-freer.o)
 .data          0x40029fa0        0x0 c:/nburn/gcc-m68k/bin/../lib/gcc/m68k-elf/4.2.1/../../../../m68k-elf/lib/m5206e\libc.a(lib_a-fvwrite.o)
 .data          0x40029fa0        0x0 c:/nburn/gcc-m68k/bin/../lib/gcc/m68k-elf/4.2.1/../../../../m68k-elf/lib/m5206e\libc.a(lib_a-fwalk.o)
 .data          0x40029fa0       0x10 c:/nburn/gcc-m68k/bin/../lib/gcc/m68k-elf/4.2.1/../../../../m68k-elf/lib/m5206e\libc.a(lib_a-locale.o)
                0x40029fa0                __mb_cur_max
                0x40029fa4                __lc_ctype
 .data          0x40029fb0        0x0 c:/nburn/gcc-m68k/bin/../lib/gcc/m68k-elf/4.2.1/../../../../m68k-elf/lib/m5206e\libc.a(lib_a-makebuf.o)
 .data          0x40029fb0        0x0 c:/nburn/gcc-m68k/bin/../lib/gcc/m68k-elf/4.2.1/../../../../m68k-elf/lib/m5206e\libc.a(lib_a-memchr.o)
 .data          0x40029fb0        0x0 c:/nburn/gcc-m68k/bin/../lib/gcc/m68k-elf/4.2.1/../../../../m68k-elf/lib/m5206e\libc.a(lib_a-memmove.o)
 .data          0x40029fb0        0x0 c:/nburn/gcc-m68k/bin/../lib/gcc/m68k-elf/4.2.1/../../../../m68k-elf/lib/m5206e\libc.a(lib_a-mprec.o)
 .data          0x40029fb0        0x0 c:/nburn/gcc-m68k/bin/../lib/gcc/m68k-elf/4.2.1/../../../../m68k-elf/lib/m5206e\libc.a(lib_a-reallocr.o)
 .data          0x40029fb0        0x0 c:/nburn/gcc-m68k/bin/../lib/gcc/m68k-elf/4.2.1/../../../../m68k-elf/lib/m5206e\libc.a(lib_a-refill.o)
 .data          0x40029fb0        0x0 c:/nburn/gcc-m68k/bin/../lib/gcc/m68k-elf/4.2.1/../../../../m68k-elf/lib/m5206e\libc.a(lib_a-s_isinfd.o)
 .data          0x40029fb0        0x0 c:/nburn/gcc-m68k/bin/../lib/gcc/m68k-elf/4.2.1/../../../../m68k-elf/lib/m5206e\libc.a(lib_a-s_isnand.o)
 .data          0x40029fb0        0x0 c:/nburn/gcc-m68k/bin/../lib/gcc/m68k-elf/4.2.1/../../../../m68k-elf/lib/m5206e\libc.a(lib_a-stdio.o)
 .data          0x40029fb0        0x0 c:/nburn/gcc-m68k/bin/../lib/gcc/m68k-elf/4.2.1/../../../../m68k-elf/lib/m5206e\libc.a(lib_a-strcmp.o)
 .data          0x40029fb0        0x0 c:/nburn/gcc-m68k/bin/../lib/gcc/m68k-elf/4.2.1/../../../../m68k-elf/lib/m5206e\libc.a(lib_a-writer.o)
 .data          0x40029fb0        0x0 c:/nburn/gcc-m68k/bin/../lib/gcc/m68k-elf/4.2.1/../../../../m68k-elf/lib/m5206e\libc.a(lib_a-callocr.o)
 .data          0x40029fb0        0x0 c:/nburn/gcc-m68k/bin/../lib/gcc/m68k-elf/4.2.1/../../../../m68k-elf/lib/m5206e\libc.a(lib_a-closer.o)
 .data          0x40029fb0        0x0 c:/nburn/gcc-m68k/bin/../lib/gcc/m68k-elf/4.2.1/../../../../m68k-elf/lib/m5206e\libc.a(lib_a-fclose.o)
 .data          0x40029fb0        0x0 c:/nburn/gcc-m68k/bin/../lib/gcc/m68k-elf/4.2.1/../../../../m68k-elf/lib/m5206e\libc.a(lib_a-fstatr.o)
 .data          0x40029fb0        0x0 c:/nburn/gcc-m68k/bin/../lib/gcc/m68k-elf/4.2.1/../../../../m68k-elf/lib/m5206e\libc.a(lib_a-lseekr.o)
 .data          0x40029fb0        0x0 c:/nburn/gcc-m68k/bin/../lib/gcc/m68k-elf/4.2.1/../../../../m68k-elf/lib/m5206e\libc.a(lib_a-readr.o)
 .data          0x40029fb0        0x0 c:/nburn/gcc-m68k/bin/../lib/gcc/m68k-elf/4.2.1/m5206e\libgcc.a(_gtdf2.o)
 .data          0x40029fb0        0x0 c:/nburn/gcc-m68k/bin/../lib/gcc/m68k-elf/4.2.1/m5206e\libgcc.a(_ltdf2.o)
 .data          0x40029fb0        0x0 c:/nburn/gcc-m68k/bin/../lib/gcc/m68k-elf/4.2.1/m5206e\libgcc.a(_muldi3.o)
 .data          0x40029fb0        0x0 c:/nburn/gcc-m68k/bin/../lib/gcc/m68k-elf/4.2.1/m5206e\libgcc.a(_udivdi3.o)
 .data          0x40029fb0        0x0 c:/nburn/gcc-m68k/bin/../lib/gcc/m68k-elf/4.2.1/m5206e\libgcc.a(_umoddi3.o)
 .data          0x40029fb0        0x0 c:/nburn/gcc-m68k/bin/../lib/gcc/m68k-elf/4.2.1/m5206e\libgcc.a(_clz.o)
 .data          0x40029fb0        0x0 c:/nburn/gcc-m68k/bin/../lib/gcc/m68k-elf/4.2.1/m5206e/crtend.o
                0x40029fb0                . = ALIGN (0x10)
                0x40029fb0                _edata = .
                0x40029fb0                copy_end = .

.jcr            0x40029fb0        0x4
 .jcr           0x40029fb0        0x0 c:/nburn/gcc-m68k/bin/../lib/gcc/m68k-elf/4.2.1/m5206e/crtbegin.o
 .jcr           0x40029fb0        0x4 c:/nburn/gcc-m68k/bin/../lib/gcc/m68k-elf/4.2.1/m5206e/crtend.o

.bss            0x40029fc0    0x735e8
                0x40029fc0                . = ALIGN (0x4)
                0x40029fc0                __bss_start = .
 *(.shbss)
 *(.bss)
 .bss           0x40029fc0        0x0 c:/nburn/gcc-m68k/bin/../lib/gcc/m68k-elf/4.2.1/../../../../m68k-elf/lib/m5206e\nb-crt0.o
 .bss           0x40029fc0       0x1a c:/nburn/gcc-m68k/bin/../lib/gcc/m68k-elf/4.2.1/m5206e/crtbegin.o
 *fill*         0x40029fda        0x2 00
 .bss           0x40029fdc        0x8 QuadIMU_NB1_v2.6.o
 .bss           0x40029fe4        0x0 htmldata.o
 .bss           0x40029fe4        0x0 C:\nburn/lib/MOD5441X.a(bsp.o)