Archive member included because of file (symbol)

C:\nburn/lib/MOD5441X.a(bsp.o)
                              Sensor_Interface_Board_v7.o (SetIntc)
C:\nburn/lib/MOD5441X.a(serial.o)
                              Sensor_Interface_Board_v7.o (SerialClose)
C:\nburn/lib/MOD5441X.a(pins.o)
                              SIB_initPINS.o (PinIO::set(unsigned char))
C:\nburn/lib/MOD5441X.a(HiResTimer.o)
                              Sensor_Interface_Board_v7.o (HiResTimer::readTime())
C:\nburn/lib/MOD5441X.a(dspi.o)
                              Sensor_Interface_Board_v7.o (DSPIInit(unsigned char, unsigned long, unsigned char, unsigned char, unsigned char, unsigned char, unsigned char, unsigned char, unsigned char, unsigned char))
C:\nburn/lib/MOD5441X.a(localio.o)
                              C:\nburn/lib/MOD5441X.a(serial.o) (GetUartRecord)
C:\nburn/lib/NetBurner.a(ucosmcfa.o)
                              C:\nburn/lib/MOD5441X.a(bsp.o) (OSCtxSw)
C:\nburn/lib/NetBurner.a(software_init.o)
                              c:/nburn/gcc-m68k/bin/../lib/gcc/m68k-elf/4.2.1/../../../../m68k-elf/lib/m5206e\nb-crt0.o (software_init_hook)
C:\nburn/lib/NetBurner.a(ucosmcfc.o)
                              Sensor_Interface_Board_v7.o (OSTaskCreate)
C:\nburn/lib/NetBurner.a(ucos.o)
                              C:\nburn/lib/NetBurner.a(ucosmcfc.o) (OSSched)
C:\nburn/lib/NetBurner.a(ucosmain.o)
                              C:\nburn/lib/MOD5441X.a(bsp.o) (critical_count)
C:\nburn/lib/NetBurner.a(fileio.o)
                              Sensor_Interface_Board_v7.o (ReplaceStdio)
C:\nburn/lib/NetBurner.a(system.o)
                              C:\nburn/lib/MOD5441X.a(serial.o) (rnd_cnt)
C:\nburn/lib/NetBurner.a(main.o)
                              c:/nburn/gcc-m68k/bin/../lib/gcc/m68k-elf/4.2.1/../../../../m68k-elf/lib/m5206e\nb-crt0.o (main)
C:\nburn/lib/NetBurner.a(utils.o)
                              C:\nburn/lib/NetBurner.a(system.o) (AsciiToIp)
C:\nburn/lib/NetBurner.a(ip.o)
                              Sensor_Interface_Board_v7.o (InitializeStack(unsigned long, unsigned long, unsigned long, unsigned long))
C:\nburn/lib/NetBurner.a(buffers.o)
                              C:\nburn/lib/NetBurner.a(ip.o) (FreeBuffer)
C:\nburn/lib/NetBurner.a(arp.o)
                              C:\nburn/lib/NetBurner.a(ip.o) (wArpLifetime)
C:\nburn/lib/NetBurner.a(udp.o)
                              C:\nburn/lib/NetBurner.a(ip.o) (process_udp(pool_buffer*, IPPKT*, unsigned short))
C:\nburn/lib/NetBurner.a(tcp.o)
                              C:\nburn/lib/NetBurner.a(ip.o) (DumpTcpPacket(IPPKT*))
C:\nburn/lib/NetBurner.a(extraio.o)
                              C:\nburn/lib/MOD5441X.a(serial.o) (GetExtraFD)
C:\nburn/lib/NetBurner.a(iosys.o)
                              C:\nburn/lib/MOD5441X.a(serial.o) (FD_ZERO)
C:\nburn/lib/NetBurner.a(autoip.o)
                              C:\nburn/lib/NetBurner.a(arp.o) (AutoIPClient::addressCollision())
C:\nburn/lib/NetBurner.a(defappname.o)
                              C:\nburn/lib/NetBurner.a(udp.o) (AppName)
C:\nburn/lib/NetBurner.a(netinterface.o)
                              C:\nburn/lib/NetBurner.a(ip.o) (GetFirstInterface())
C:\nburn/lib/NetBurner.a(taskmon.o)
                              Sensor_Interface_Board_v7.o (EnableTaskMonitor())
C:\nburn/lib/NetBurner.a(smarttrap.o)
                              Sensor_Interface_Board_v7.o (EnableSmartTraps())
C:\nburn/lib/NetBurner.a(autoupdate.o)
                              Sensor_Interface_Board_v7.o (EnableAutoUpdate)
C:\nburn/lib/NetBurner.a(device.o)
                              C:\nburn/lib/NetBurner.a(main.o) (DeviceInitializeSem)
C:\nburn/lib/NetBurner.a(new_ops.o)
                              C:\nburn/lib/NetBurner.a(autoip.o) (operator new(unsigned long))
C:\nburn/lib/MOD5441X.a(flash.o)
                              C:\nburn/lib/NetBurner.a(system.o) (FlashErase)
C:\nburn/lib/MOD5441X.a(ethernet.o)
                              C:\nburn/lib/NetBurner.a(netinterface.o) (AddEthernetInterface())
C:\nburn/lib/MOD5441X.a(etherprint.o)
                              C:\nburn/lib/MOD5441X.a(ethernet.o) (EtherLink())
C:\nburn/lib/MOD5441X.a(emulticast.o)
                              C:\nburn/lib/MOD5441X.a(ethernet.o) (EthEnableMulticast(MACADR))
C:\nburn/lib/NetBurner.a(netrx.o)
                              C:\nburn/lib/MOD5441X.a(ethernet.o) (NetDoRX(pool_buffer*, unsigned short, int))
c:/nburn/gcc-m68k/bin/../lib/gcc/m68k-elf/4.2.1/m5206e\libgcc.a(_double.o)
                              Sensor_Interface_Board_v7.o (__adddf3)
c:/nburn/gcc-m68k/bin/../lib/gcc/m68k-elf/4.2.1/m5206e\libgcc.a(_floatex.o)
                              c:/nburn/gcc-m68k/bin/../lib/gcc/m68k-elf/4.2.1/m5206e\libgcc.a(_double.o) (_fpCCR)
c:/nburn/gcc-m68k/bin/../lib/gcc/m68k-elf/4.2.1/m5206e\libgcc.a(_eqdf2.o)
                              C:\nburn/lib/MOD5441X.a(HiResTimer.o) (__eqdf2)
c:/nburn/gcc-m68k/bin/../lib/gcc/m68k-elf/4.2.1/m5206e\libgcc.a(_nedf2.o)
[...]
Memory Configuration

Name             Origin             Length             Attributes
ram              0x40000400         0x03fffcff         xrw
SRAM             0x80000400         0x0000fbf0         xrw
*default*        0x00000000         0xffffffff

Linker script and memory map

LOAD c:/nburn/gcc-m68k/bin/../lib/gcc/m68k-elf/4.2.1/../../../../m68k-elf/lib/m5206e\nb-crt0.o
LOAD c:/nburn/gcc-m68k/bin/../lib/gcc/m68k-elf/4.2.1/m5206e/crtbegin.o
LOAD Sensor_Interface_Board_v7.o
LOAD SIB_initPINS.o
LOAD SIB_SendtoNAVCOMP.o
LOAD Ranging_Radio.o
LOAD Laser_rangefinder.o
LOAD C:\nburn/MOD5441X/lib/sys.ld
                0x40000000                ovector_base = 0x40000000
                0x80000000                vector_base = 0x80000000
                0x80000400                SRAM_START_ADDR = 0x80000400
                0x80010000                SRAM_END_ADDR = 0x80010000
                0xc0000000                gConfigRec = 0xc0000000
                0xc0020000                UserParamBase = 0xc0020000
                0xc0040000                FlashAppBase = 0xc0040000
                0xec008000                sim1 = 0xec008000
                0xfc004000                sim2 = 0xfc004000
                0xfc0d4008                DBETHER_EMIR_REG = 0xfc0d4008
START GROUP
LOAD C:\nburn/lib/MOD5441X.a
LOAD C:\nburn/lib/NetBurner.a
LOAD C:\nburn/lib/FatFile.a
LOAD C:\nburn\lib\debugLibrary.a
LOAD C:\nburn\lib\Lua_Full.a
END GROUP
LOAD c:/nburn/gcc-m68k/bin/../lib/gcc/m68k-elf/4.2.1/../../../../m68k-elf/lib/m5206e\libstdc++.a
LOAD c:/nburn/gcc-m68k/bin/../lib/gcc/m68k-elf/4.2.1/../../../../m68k-elf/lib/m5206e\libm.a
LOAD c:/nburn/gcc-m68k/bin/../lib/gcc/m68k-elf/4.2.1/m5206e\libgcc.a
LOAD c:/nburn/gcc-m68k/bin/../lib/gcc/m68k-elf/4.2.1/../../../../m68k-elf/lib/m5206e\libc.a
LOAD c:/nburn/gcc-m68k/bin/../lib/gcc/m68k-elf/4.2.1/m5206e\libgcc.a
LOAD c:/nburn/gcc-m68k/bin/../lib/gcc/m68k-elf/4.2.1/m5206e/crtend.o
START GROUP
LOAD c:/nburn/gcc-m68k/bin/../lib/gcc/m68k-elf/4.2.1/../../../../m68k-elf/lib/m5206e\libc.a
LOAD c:/nburn/gcc-m68k/bin/../lib/gcc/m68k-elf/4.2.1/m5206e\libgcc.a
LOAD c:/nburn/gcc-m68k/bin/../lib/gcc/m68k-elf/4.2.1/../../../../m68k-elf/lib/m5206e\libm.a
END GROUP
                0x00000000                __DYNAMIC = 0x0
                0x44000000                PROVIDE (__stack, 0x44000000)
                0x00000000                PROVIDE (hardware_init_hook, 0x0)
                0x00000000                PROVIDE (_hardware_init_hook, 0x0)
                0x00000000                PROVIDE (software_init_hook, 0x0)
                0x00000000                PROVIDE (_software_init_hook, 0x0)

.SRAM_SECT      0x80000400     0x8d20
                0x80000400                SRAM_START = .
 *(SYS_VAR_SECT)
 SYS_VAR_SECT   0x80000400      0x388 C:\nburn/lib/MOD5441X.a(dspi.o)
                0x80000404                fakeRXData
                0x80000408                driverCxt
                0x80000400                fakeTXData
 SYS_VAR_SECT   0x80000788      0x238 C:\nburn/lib/NetBurner.a(ucos.o)
                0x800008b4                TimeTick
                0x800008a4                OSLockNesting
                0x800008ae                OSRunning
                0x80000890                OSTCBList
                0x800008b8                OSMapTbl
                0x800008b0                Secs
                0x8000089c                OSTCBFreeList
                0x800008ac                OSISRLevel
                0x80000898                OSTCBHighRdy
                0x800008a8                OSRdyGrp
                0x800008c0                OSUnMapTbl
                0x80000888                OSRdyTbl
                0x800008a0                OSIntNesting
                0x80000894                OSTCBCur
                0x80000788                OSTCBPrioTbl
 SYS_VAR_SECT   0x800009c0      0x1ac C:\nburn/lib/NetBurner.a(ucosmain.o)
                0x800009c0                OSTcbStructSize
                0x800009d8                critical_count
                0x800009dc                OSTCBTbl
 SYS_VAR_SECT   0x80000b6c       0x1c C:\nburn/lib/NetBurner.a(fileio.o)
                0x80000b84                pExtraFdFunc
 SYS_VAR_SECT   0x80000b88       0x20 C:\nburn/lib/NetBurner.a(iosys.o)
                0x80000b88                read_file_sets
                0x80000b98                error_file_sets
                0x80000b90                write_file_sets
                0x80000ba8                SYS_VAR_SECT_END = .
                0x80000bb0                . = ALIGN (0x10)
 *fill*         0x80000ba8        0x8 00
 *(IDLE_STK_SECT)
                0x80000bb0                IDLE_STK_SECT_END = .
                0x80000bb0                . = ALIGN (0x10)
 *(MAIN_STK_SECT)
 MAIN_STK_SECT  0x80000bb0     0x2000 C:\nburn/lib/NetBurner.a(main.o)
                0x80000bb0                MainStk
                0x80002bb0                MAIN_STK_SECT_END = .
                0x80002bb0                . = ALIGN (0x4)
 *(ETHER_VAR_SECT)
 ETHER_VAR_SECT
                0x80002bb0      0x110 C:\nburn/lib/MOD5441X.a(ethernet.o)
                0x80002c86                TxcPosts
                0x80002c8a                TxcSems
                0x80002bb0                EthernetMac
                0x80002c7e                LastIsrStatus
                0x80002be0                RxBD
                0x80002c70                TxBDFlag
                0x80002c8e                RxIsr
                0x80002c9c                PHY_addr
                0x80002c82                RxPosts
                0x80002c9e                PHY_ID
                0x80002c96                bEthLink
                0x80002c64                RxBDFlag
                0x80002c7a                last_rxbd
                0x80002c30                RxBDpp
                0x80002c98                phy_data_pd
                0x80002bb6                nTx
                0x80002c92                TxIsr
                0x80002c58                TxBDpp
                0x80002bc0                TxBD
                0x80002cc0                ETHER_VAR_SECT_END = .
                0x80002cc0                . = ALIGN (0x10)
 *(ETHER_STK_SECT)
 ETHER_STK_SECT
                0x80002cc0     0x2000 C:\nburn/lib/MOD5441X.a(ethernet.o)
                0x80002cc0                EtherSendStk
                0x80004cc0                ETHER_STK_SECT_END = .
                0x80004cc0                . = ALIGN (0x4)
 *(IP_VAR_SECT)
 IP_VAR_SECT    0x80004cc0      0x2fa C:\nburn/lib/NetBurner.a(ip.o)
                0x80004cc2                bTTL_Default
                0x80004fb2                next_arp_time
                0x80004cc4                ipRxFifo
                0x80004cf6                multi_home_if_record
                0x80004cd6                IcmpFifo
                0x80004cf2                nAdditional_Homes
                0x80004cc0                wGlobalPktId
                0x80004ce6                pPromisciousPacketFunc
                0x80004cee                pFragFunc
                0x80004cea                pMultiCastFunc
                0x80004fb6                delay
                0x80004ce2                pAutoIPTick
                0x80004cde                pMultiTick
                0x80004cda                pDHCPTick
                0x80004d1e                multi_if_block
 IP_VAR_SECT    0x80004fba       0x74 C:\nburn/lib/NetBurner.a(udp.o)
                0x8000502a                UdpNetbiosNameServicePtr
                0x80004fba                udp_fifos
                0x80005022                pDHCPProcessFunction
                0x80005026                pTaskPacketFunc
                0x8000501e                UDP_fifos_used
                0x8000502e                IP_VAR_SECT_END = .
                0x80005030                . = ALIGN (0x10)
 *fill*         0x8000502e        0x2 00
 *(IP_STK_SECT)
 IP_STK_SECT    0x80005030     0x2000 C:\nburn/lib/NetBurner.a(ip.o)
                0x80005030                IPStk
                0x80007030                IP_STK_SECT_END = .
                0x80007030                . = ALIGN (0x4)
 *(TCP_VAR_SECT)
 TCP_VAR_SECT   0x80007030       0x1e C:\nburn/lib/NetBurner.a(tcp.o)
                0x80007040                TCP_TimerSemaphore
                0x80007030                TCP_critical_section
                0x8000704e                TCP_VAR_SECT_END = .
                0x80007050                . = ALIGN (0x10)
 *fill*         0x8000704e        0x2 00
 *(TCP_STK_SECT)
 TCP_STK_SECT   0x80007050     0x2000 C:\nburn/lib/NetBurner.a(tcp.o)
                0x80007050                TCPStk
                0x80009050                TCP_STK_SECT_END = .
                0x80009050                . = ALIGN (0x10)
 *(HTTP_STK_SECT)
                0x80009050                HTTP_STK_SECT_END = .
                0x80009050                . = ALIGN (0x10)
 *(FTP_STK_SECT)
                0x80009050                FTP_STK_SECT_END = .
                0x80009050                . = ALIGN (0x10)
 *(WIFI_STK_SECT)
                0x80009050                WIFI_STK_SECT_END = .
                0x80009050                . = ALIGN (0x10)
 *(PPP_STK_SECT)
                0x80009050                PPP_STK_SECT_END = .
                0x80009050                . = ALIGN (0x10)
 *(COMMAND_STK_SECT)
                0x80009050                COMMAND_STK_SECT_END = .
                0x80009050                . = ALIGN (0x4)
 *(USER_VAR_SECT)
 USER_VAR_SECT  0x80009050       0xac C:\nburn/lib/MOD5441X.a(HiResTimer.o)
                0x800090f8                HiResTimer::timerCreated
                0x80009050                HiResTimer::timers
                0x800090fc                USER_VAR_SECT_END = .
                0x80009100                . = ALIGN (0x10)
 *fill*         0x800090fc        0x4 00
 *(USER_STK_SECT)
                0x80009100                USER_STK_SECT_END = .
                0x80009100                BUFFERS_SECT_START = .
                0x80009100                . = ALIGN (0x10)
 *(BUFFERS_VAR_SECT)
 BUFFERS_VAR_SECT
                0x80009100       0x1c C:\nburn/lib/NetBurner.a(buffers.o)
                0x80009100                FAST_BUFFER_POOL_SIZE
                0x8000910e                free_fast_list
                0x80009118                free_list_is_initialized
                0x80009104                free_list
                0x80009120                . = ALIGN (0x10)
 *fill*         0x8000911c        0x4 00
                0x80009120                BUFFERS_VAR_SECT_END = .
                0x80009120                . = ALIGN (0x10)
                0x80009120                SRAM_END = .

.text           0x40000400    0x2bdd0
 *(.text)
 .text          0x40000400       0xaa c:/nburn/gcc-m68k/bin/../lib/gcc/m68k-elf/4.2.1/../../../../m68k-elf/lib/m5206e\nb-crt0.o
                0x40000400                start
 *fill*         0x400004aa        0x2 00
 .text          0x400004ac       0x9c c:/nburn/gcc-m68k/bin/../lib/gcc/m68k-elf/4.2.1/m5206e/crtbegin.o
 .text          0x40000548      0xba8 Sensor_Interface_Board_v7.o
                0x40000634                GetADResult(int)
                0x4000061c                ADDone()
                0x40000654                fake_EdgeportISR()
                0x40000a04                UserMain
                0x400006a8                FiftyHzTask()
                0x4000098c                initTIMERS(HiResTimer*)
                0x40000600                StartAD()
                0x40000f74                NAVcompData(void*)
                0x40000548                InitSingleEndAD()
                0x40000658                EdgeportISR
                0x4000084c                real_EdgeportISR
 .text          0x400010f0      0x37c SIB_initPINS.o
                0x400010f0                initPINS
 .text          0x4000146c      0x310 SIB_SendtoNAVCOMP.o
                0x4000146c                SendtoNAVCOMP
 .text          0x4000177c      0x266 Ranging_Radio.o
                0x4000177c                crc16
                0x400017f0                ReadRadio
 *fill*         0x400019e2        0x2 00
 .text          0x400019e4       0x7a Laser_rangefinder.o
                0x400019e4                ReadLaser
 *fill*         0x40001a5e        0x2 00
 .text          0x40001a60      0x374 C:\nburn/lib/MOD5441X.a(bsp.o)
                0x40001bf8                _sbrk_r
                0x40001cb8                HardwareSetup
                0x40001b48                DisableCache
                0x40001c50                spaceleft
                0x40001a64                Tick5441X
                0x40001c9c                ForceReboot
                0x40001c88                BspGetTickFraction
                0x40001a60                xTick
                0x40001c44                atexit
                0x40001bc0                EnableCache
                0x40001a80                SetIntc
 .text          0x40001dd4     0x1d9e C:\nburn/lib/MOD5441X.a(serial.o)
                0x40001e00                WakeTx(int)
                0x40001dd4                FdSerialMap(int)
                0x40002d60                SerialClose
                0x400023f0                fake_SER_7_ISR()
                0x40003a74                real_SER_5_ISR
                0x40002cec                SendBreak
                0x40003524                OpenSerial
                0x40002824                GetUartErrorReg
                0x40002164                fake_SER_0_ISR()
                0x40002448                SER_8_ISR
                0x4000220c                real_SER_1_ISR
                0x40003ab4                real_SER_4_ISR
                0x40002a6c                fShowSerialData(__sFILE*)
                0x400039b4                real_SER_8_ISR
                0x40002348                fake_SER_5_ISR()
                0x400023a0                SER_6_ISR
                0x4000224c                fake_SER_2_ISR()
                0x4000299c                SerialSendComplete
                0x400024ec                SerialEnableTxFlow
                0x40002534                SerialEnableRxFlow
                0x400039f4                real_SER_7_ISR
                0x40001e94                DoSerIsr(int)
                0x40002720                Serial485HalfDupMode
                0x40003af4                real_SER_3_ISR
                0x4000249c                SER_9_ISR
                0x400022a4                SER_3_ISR
                0x40002498                fake_SER_9_ISR()
                0x4000234c                SER_5_ISR
                0x40003938                real_SER_0_ISR
                0x40002670                SerialEnableHwRxFlow
                0x40003040                serread
                0x40003360                BasePutChar(int, unsigned char)
                0x4000305c                BaseGetChar(int)
                0x40003b34                real_SER_2_ISR
                0x400022f8                SER_4_ISR
                0x400021bc                SER_1_ISR
                0x40002e54                serreadwto
                0x40003484                InitializeMaps()
                0x40002168                SER_0_ISR
                0x40003264                serwriteaddress
                0x400023f4                SER_7_ISR
                0x40003974                real_SER_9_ISR
                0x4000311c                serwrite
                0x40002a1c                SerialExpandRxBuffer(int, int)
                0x40002e30                serexternalclose
                0x4000239c                fake_SER_6_ISR()
                0x40002250                SER_2_ISR
                0x400022f4                fake_SER_4_ISR()
                0x40002444                fake_SER_8_ISR()
                0x400021b8                fake_SER_1_ISR()
                0x400022a0                fake_SER_3_ISR()
                0x40003a34                real_SER_6_ISR
                0x40002580                SerialEnableHwTxFlow
 *fill*         0x40003b72        0x2 00
 .text          0x40003b74     0x1d06 C:\nburn/lib/MOD5441X.a(pins.o)
                0x40003b74                PinIO::set(unsigned char)
                0x40005108                PinIO::function(int)
                0x4000466c                PinIO::drive()
                0x40005818                CReadPin
                0x40004a98                PinIO::read()
                0x4000583c                CGPInPin
 *fill*         0x4000587a        0x2 00
 .text          0x4000587c      0xaf0 C:\nburn/lib/MOD5441X.a(HiResTimer.o)
                0x40005b34                HiResTimer::HiResTimer(int)
                0x4000597c                Timer3_Interrupt
                0x400060f4                HiResTimer::clockGenerator(double)
                0x40005b68                HiResTimer::operator=(HiResTimer const&)
                0x400058d4                Timer1_Interrupt
                0x400061a8                HiResTimer::pollingDelay(double)
                0x40005880                Timer0_Interrupt
                0x40005bc4                HiResTimer::getHiResTimer(int)
                0x40006300                real_Timer1_Interrupt
                0x400058d0                fake_Timer1_Interrupt()
                0x40005cec                HiResTimer::toString()
                0x400059cc                HiResTimer::readTime()
                0x40005ae4                HiResTimer::releaseTimer()
                0x40005ef8                HiResTimer::init(double)
                0x40005978                fake_Timer3_Interrupt()
                0x4000587c                fake_Timer0_Interrupt()
                0x40006294                real_Timer2_Interrupt
                0x40005924                fake_Timer2_Interrupt()
                0x40006228                real_Timer3_Interrupt
                0x40005e74                HiResTimer::delay_uSec(unsigned long)
                0x40005b00                HiResTimer::HiResTimer(int)
                0x40006168                HiResTimer::pollingDelay_refTicks(unsigned long)
                0x40005d6c                HiResTimer::init_ticks(unsigned long)
                0x40005928                Timer2_Interrupt
                0x40006014                real_Timer0_Interrupt
                0x40006080                HiResTimer::delay(double)
 .text          0x4000636c     0x1c6a C:\nburn/lib/MOD5441X.a(dspi.o)
                0x40007fc0                real_dspi0_int_routine
                0x40007730                real_dspi2_rx_dma_int_routine
                0x40006b1c                canDoDMA(unsigned char, unsigned char*, unsigned char volatile*)
                0x40006acc                dspi3_int_routine
                0x4000687c                fake_dspi2_rx_dma_int_routine()
                0x400067d8                dspi1_rx_dma_int_routine
                0x40006b8c                DSPIdone(unsigned char)
                0x400077cc                real_dspi0_tx_dma_int_routine
                0x40007764                real_dspi1_tx_dma_int_routine
                0x40007694                real_dspi3_tx_dma_int_routine
                0x4000672c                fake_dspi0_rx_dma_int_routine()
                0x40006a78                dspi2_int_routine
                0x40006928                dspi3_rx_dma_int_routine
                0x4000636c                setupDSPI_Dma(int, dspistruct volatile&)
                0x40006a74                fake_dspi2_int_routine()
                0x40006c20                DSPIInit(unsigned char, unsigned long, unsigned char, unsigned char, unsigned char, unsigned char, unsigned char, unsigned char, unsigned char, unsigned char)
                0x40006a20                fake_dspi1_int_routine()
                0x40007fa8                real_dspi1_int_routine
                0x40006828                fake_dspi1_tx_dma_int_routine()
                0x40007f90                real_dspi2_int_routine
                0x40006880                dspi2_rx_dma_int_routine
                0x40006924                fake_dspi3_rx_dma_int_routine()
                0x40006780                fake_dspi0_tx_dma_int_routine()
                0x40007884                DSPI_Isr_cleanup(unsigned int, dspistruct volatile&, unsigned long, unsigned long)
                0x400067d4                fake_dspi1_rx_dma_int_routine()
                0x400076c8                real_dspi3_rx_dma_int_routine
                0x400068d0                fake_dspi2_tx_dma_int_routine()
                0x400068d4                dspi2_tx_dma_int_routine
                0x400069cc                fake_dspi0_int_routine()
                0x400069d0                dspi0_int_routine
                0x40007db8                DSPIStart(unsigned char, unsigned char*, unsigned char volatile*, unsigned long, os_sem*, unsigned char)
                0x40006978                fake_dspi3_tx_dma_int_routine()
                0x4000682c                dspi1_tx_dma_int_routine
                0x400077fc                real_dspi0_rx_dma_int_routine
                0x4000697c                dspi3_tx_dma_int_routine
                0x40006ac8                fake_dspi3_int_routine()
                0x400078f8                DSPI_Isr(unsigned int, dspistruct volatile*)
                0x40006a24                dspi1_int_routine
                0x4000782c                DSPI_Isr_done(unsigned int, dspistruct volatile&)
                0x40007f78                real_dspi3_int_routine
                0x40007798                real_dspi1_rx_dma_int_routine
                0x40006730                dspi0_rx_dma_int_routine
                0x400076fc                real_dspi2_tx_dma_int_routine
                0x40006784                dspi0_tx_dma_int_routine
 *fill*         0x40007fd6        0x2 00
 .text          0x40007fd8       0xbc C:\nburn/lib/MOD5441X.a(localio.o)
                0x40007fd8                GetUartRecord
                0x4000801c                GetDefUart
                0x40008030                LocalInByte
                0x4000804c                LocalOutByte
                0x40008080                LocalCharAvail
 *fill*         0x40008094        0xc 00
 .text          0x400080a0      0x44a C:\nburn/lib/NetBurner.a(ucosmcfa.o)
                0x40008180                OSDebugTraceHalt
                0x400080a0                OSStartHighRdy
                0x40008190                TrapOutByte
                0x400081c0                memcpy
                0x400081c0                fmemcpy
                0x400080c0                OSCtxSw
                0x400081b0                TrapCharAvail
                0x400080f0                OSIntCtxSw
                0x400081a0                TrapInByte
                0x40008120                OSTickISR
                0x40008290                memcpysum
                0x40008160                OSSetupVBR
                0x400084c0                GetSR_IntLevel
                0x40008420                memset
                0x40008420                fmemset
                0x400084d0                SetSR_IntLevel
 *fill*         0x400084ea        0x2 00
 .text          0x400084ec        0x8 C:\nburn/lib/NetBurner.a(software_init.o)
                0x400084ec                software_init_hook
 .text          0x400084f4      0x320 C:\nburn/lib/NetBurner.a(ucosmcfc.o)
                0x400087dc                OSTaskCreate
                0x40008808                TopOfStackKillfunction
                0x400085b0                OSTaskCreatewName
                0x400084f4                OSTCBInit
                0x4000880c                KillFunctionLink
 .text          0x40008814     0x1de4 C:\nburn/lib/NetBurner.a(ucos.o)
                0x4000a198                OSCritEnterNoWait
                0x400088c4                UCOSWAITS_HERE
                0x40009e44                OSFifoPostFirst
                0x4000a20c                OSCritLeave
                0x40009fa4                getpid
                0x40008ad0                OSLock
                0x40009914                OSQPostFirst
                0x4000a324                OSTaskID
                0x40009700                OSQPendNoWait
                0x4000a33c                OSSetName
                0x4000a364                OSIntExit
                0x40008f54                OSSemPendNoWait
                0x40008c3c                OSTaskDelete
                0x40008af8                OSUnlock
                0x40009fbc                OSCritInit
                0x4000977c                OSQPost
                0x40009ff8                OSCritEnter
                0x40009b00                OSFifoPend
                0x40008db4                OSSemPend
                0x40009120                OSMboxInit
                0x4000933c                OSMboxPost
                0x40009ab4                OSFifoInit
                0x40009518                OSQPend
                0x40008840                OSSched
                0x400088fc                OSTimeDly
                0x40008f94                OSSemPost
                0x40008b38                OSChangePrio
                0x40008aa0                OSTCBGetFree
                0x400088d4                OSIntEnterWAS
                0x400092fc                OSMboxPendNoWait
                0x40009ce4                OSFifoPost
                0x40008d54                OSSemInit
                0x4000a400                OSStart
                0x400089b4                OSTimeTick
                0x400094a4                OSQInit
                0x4000a350                OSTaskName
                0x40009c94                OSFifoPendNoWait
                0x40009168                OSMboxPend
                0x4000a47c                OSInit
                0x40008994                OSChangeTaskDly
 .text          0x4000a5f8      0x1b8 C:\nburn/lib/NetBurner.a(ucosmain.o)
                0x4000a6d4                __malloc_unlock
                0x4000a5f8                UCosBegin
                0x4000a6f4                balloc_lock
                0x4000a734                UCosSetup
                0x4000a6b8                balloc_unlock
                0x4000a714                __malloc_lock
 .text          0x4000a7b0      0x5f8 C:\nburn/lib/NetBurner.a(fileio.o)
                0x4000a940                ioctl
                0x4000a7b0                isatty
                0x4000a898                CurrentStdioFD
                0x4000a910                lseek
                0x4000a7e8                ReplaceStdio
                0x4000a9ac                write
                0x4000a7cc                fstat
                0x4000aadc                rawwrite
                0x4000ace8                stdioinbyte
                0x4000ab60                read
                0x4000a8c8                outbyte
                0x4000a928                open
                0x4000a8e0                charavail
                0x4000a8bc                fcntl
                0x4000ad60                close
 .text          0x4000ada8      0x6d8 C:\nburn/lib/NetBurner.a(system.o)
                0x4000ae20                GetUserParameters
                0x4000b180                UpdateConfigRecord_Num
                0x4000adf4                RawGetConfig
                0x4000ada8                isvalidcr
                0x4000b33c                SetupDialog
                0x4000ae98                ReadLine
                0x4000b328                UpdateConfigRecord
                0x4000b058                IpQuestion
                0x4000b10c                SaveUserParameters
                0x4000ae30                ShowChange
 .text          0x4000b480       0x78 C:\nburn/lib/NetBurner.a(main.o)
                0x4000b4b8                main
                0x4000b480                __do_global_ctors
 .text          0x4000b4f8      0xbe0 C:\nburn/lib/NetBurner.a(utils.o)
                0x4000bee4                fShowMac
                0x4000b6e8                FancyDump(unsigned char*, int)
                0x4000bf74                ShowCounters
                0x4000b630                convertHexAsciiToBinary
                0x4000b8a8                ShowData
                0x4000b4f8                kill
                0x4000bfdc                fShowCounters
                0x4000bea4                fShowIP
                0x4000b508                _fini
                0x4000b814                ShowIP
                0x4000b514                AsciiToIp
                0x4000c054                sShowCounters
                0x4000bf40                DiagMenuPicker(int, unsigned char)
                0x4000b850                ShowMac
                0x4000b598                convertBinaryToHexAscii
                0x4000b6d0                __builtin_delete
                0x4000b500                _exit
 .text          0x4000c0d8     0x1aaa C:\nburn/lib/NetBurner.a(ip.o)
                0x4000c528                FixUpICMP(IPPKT*, unsigned char, unsigned char, unsigned char*, unsigned short)
                0x4000c298                IsMultiCast(unsigned long)
                0x4000cec8                FixHeaderAndSend(pool_buffer*, IPPKT*)
                0x4000c83c                DoIPPacket(pool_buffer*, EFRAME*, unsigned short)
                0x4000c194                GetSum20
                0x4000d1c4                PingViaInterface
                0x4000c7dc                SaveError(pool_buffer*)
                0x4000cb4c                process_icmp(pool_buffer*, IPPKT*, unsigned short)
                0x4000c3d4                IpProcessEthernetPacket
                0x4000ca00                FixHeaderAndSendViaInterface(pool_buffer*, IPPKT*, int)
                0x4000d440                ShowIPBuffer(pool_buffer*)
                0x4000d028                SendICMPError(pool_buffer*, unsigned char, unsigned char)
                0x4000c640                InitializeStack(unsigned long, unsigned long, unsigned long, unsigned long)
                0x4000c2e8                GetData(IPPKT*)
                0x4000c764                InitializeCStack
                0x4000d2d4                Ping
                0x4000c0d8                GetSum
                0x4000c770                GetMultiHomeInterface(unsigned long, int)
                0x4000c820                IsMyIp
                0x4000c5e4                IsBroadCast(unsigned long, int)
                0x4000c590                KillStack
                0x4000c314                PrepareIPOutput(pool_buffer*, unsigned long, unsigned short)
                0x4000c2b8                GetMultiAddress(unsigned long)
                0x4000d0fc                SendPing
                0x4000c1cc                GetSumHdr
                0x4000c59c                IsLocal(unsigned long, int)
                0x4000d308                GetLocalIPInterface(unsigned long)
                0x4000d360                AddInterface(unsigned long, unsigned long, unsigned long, int)
                0x4000cc68                IPTask(void*)
 *fill*         0x4000db82        0x2 00
 .text          0x4000db84      0xef8 C:\nburn/lib/NetBurner.a(buffers.o)
                0x4000dc68                FreeBufferList
                0x4000e074                fifo_buffer_storage::Full()
                0x4000e164                ShowBuffer
                0x4000e448                fifo_buffer_storage::Reset(unsigned char)
                0x4000dc98                InitBuffers
                0x4000ddc4                buffer_list::InsertBefore(pool_buffer*, pool_buffer*)
                0x4000df9c                GetBuffer
                0x4000e144                fifo_buffer_storage::fifo_buffer_storage(unsigned char, unsigned char)
                0x4000e05c                fifo_buffer_storage::Empty()
                0x4000e8c0                fifo_buffer_storage::ReadDatawSum(unsigned char*, int, unsigned long&)
                0x4000e048                fifo_buffer_storage::SpaceUsed()
                0x4000db84                ShowBuffers()
                0x4000dbb0                buffer_list::InsertHead(pool_buffer*)
                0x4000e290                GetFreeCount
                0x4000db94                IncUsageCount
                0x4000e124                fifo_buffer_storage::fifo_buffer_storage(unsigned char, unsigned char)
                0x4000dd60                buffer_list::InsertTail(pool_buffer*)
                0x4000e508                fifo_buffer_storage::~fifo_buffer_storage()
                0x4000e5f8                fifo_buffer_storage::SetMaxBuffers(unsigned char)
                0x4000e308                fifo_buffer_storage::ReadData(unsigned char*, int)
                0x4000e0bc                fifo_buffer_storage::Init(unsigned char, unsigned char)
                0x4000db8c                DumpBuffers()
                0x4000df34                buffer_list::RemoveHead()
                0x4000deac                buffer_list::Remove(pool_buffer*)
                0x4000dfe8                buffer_list::RemoveTail()
                0x4000e51c                fifo_buffer_storage::LongSpaceAvail()
                0x4000e688                fifo_buffer_storage::WriteData(unsigned char*, int)
                0x4000dc20                FreeBuffer
                0x4000de38                buffer_list::InsertAfter(pool_buffer*, pool_buffer*)
                0x4000e5d4                fifo_buffer_storage::SpaceAvail()
                0x4000e4f4                fifo_buffer_storage::~fifo_buffer_storage()
 .text          0x4000ea7c     0x1922 C:\nburn/lib/NetBurner.a(arp.o)
                0x4000f7b0                FindAddArp(unsigned long)
                0x4000ebd8                sendGratuitousArp(int)
                0x4000eaa4                MacEqual(MACADR, MACADR)
                0x4000ede0                InitializeArp()
                0x4000ee88                FindArp(unsigned long)
                0x4000f0e4                SendArp(ArpRecord*, int)
                0x4000ed94                GetInterface(unsigned long)
                0x40010094                AddCheckArp(MACADR*, unsigned long, int)
                0x4000eb04                SetMac(ArpRecord*, MACADR, int)
                0x4000f5ec                DeleteArpFromIp(unsigned long)
                0x4000ef8c                GetArpMacFromIp(unsigned long, MACADR&)
                0x4000fbbc                RouteOutVia(EFRAME*, unsigned long, pool_buffer*, int)
                0x4000f040                GetProperInterface(unsigned long)
                0x4000f700                FreeOneArp()
                0x40010120                processArp(pool_buffer*, EFRAME*)
                0x4000eb9c                NeedsArp(int)
                0x4000f214                GetNextArp(ArpRecord*)
                0x4000eca8                RawSendArp(ArpRecord*, unsigned long, int)
                0x4000f60c                AgeArp()
                0x4000fddc                RouteOut(EFRAME*, unsigned long, pool_buffer*)
                0x4000f2dc                ShowArp()
                0x4000f41c                DeleteArp(ArpRecord*)
                0x4000f284                GetFirstArp()
                0x4000f150                GetSrcIp
                0x4000fa4c                IsMyAddressUsedArpDetect(unsigned short, int)
                0x4000ea9c                Cleanup()
                0x4000ea7c                IsNull(ArpRecord*)
                0x4000f370                fShowArp(__sFILE*)
                0x4000efe4                AddPending(MACADR*, unsigned long, int)
 *fill*         0x4001039e        0x2 00
 .text          0x400103a0     0x1404 C:\nburn/lib/NetBurner.a(udp.o)
                0x40010c68                UDPPacket::Send(unsigned long, unsigned char)
                0x400104e8                UDPPacket::SetDestinationPort(unsigned short)
                0x400105ac                UDPPacket::GetPacketId()
                0x400105f8                UDPPacket::GetSourceAddress()
                0x400113b4                UDPPacket::UDPPacket()
                0x400109a4                UDPPacket::AddDataByte(unsigned char)
                0x40010d80                UDPPacket::SendAndKeep(unsigned long, unsigned char)
                0x400108f8                UDPPacket::AddData(unsigned char*, unsigned short)
                0x4001061c                RegisterUDPFifo(unsigned short, os_fifo*)
                0x400109ec                UDPPacket::AddData(char const*)
                0x40010414                UDPPacket::UDPPacket(pool_buffer*)
                0x40010aac                UDPPacket::SendViaInterface(unsigned long, int, unsigned char)
                0x40010594                UDPPacket::GetIpPacket()
                0x40010bd4                UDPPacket::SendVia(unsigned long, unsigned long, unsigned char)
                0x40010df0                UDPPacket::~UDPPacket()
                0x400103a0                GetUdpFifoRec(unsigned short)
                0x40010524                UDPPacket::GetDataBuffer()
                0x400106e4                RegisterUDPFifoWithNotify(unsigned short, os_fifo*, void (*)(os_fifo*, unsigned short))
                0x40010460                UDPPacket::UDPPacket(pool_buffer*)
                0x40010558                UDPPacket::GetDataSize() const
                0x40010e5c                ProcessIDPacket(UDPPacket&, int)
                0x400109c8                UDPPacket::AddDataWord(unsigned short)
                0x400113f8                process_udp(pool_buffer*, IPPKT*, unsigned short)
                0x40010a1c                UDPPacket::Validate()
                0x40010504                UDPPacket::GetDestinationPort() const
                0x400107ac                UnregisterUDPFifo(unsigned short)
                0x400116e4                UDPPacket::UDPPacket(os_fifo*, unsigned long)
                0x40010538                UDPPacket::SetDataSize(unsigned short)
                0x40010874                FixIDDataPacket(UDPPacket&, _InterfaceBlock*)
                0x40010580                UDPPacket::ResetData()
                0x40010dc8                UDPPacket::~UDPPacket()
                0x40011744                UDPPacket::UDPPacket(os_fifo*, unsigned long)
                0x40010c14                UDPPacket::SendAndKeepVia(unsigned long, unsigned long, unsigned char)
                0x400104ac                UDPPacket::SetSourcePort(unsigned short)
                0x400104c8                UDPPacket::GetSourcePort() const
                0x400108d0                FixIDDataPacket(UDPPacket&, int)
                0x40010e18                UDPPacket::UDPPacket()
                0x400105d4                UDPPacket::GetDestinationAddress()
 .text          0x400117a4     0x538a C:\nburn/lib/NetBurner.a(tcp.o)
                0x40012ec4                SendTcpRst(IPPKT*)
                0x40011de0                GetTcpState(int)
                0x40013108                InitTCP()
                0x4001588c                _Socket_Private_read
                0x40011d94                ShortSocketList::ShortSocketList()
                0x40011e40                SetOutOfOrderbuffers(int, unsigned char)
                0x40011a14                GetSocketRemotePort(int)
                0x40012634                socket_struct::MyAdvertisedWindow()
                0x400124d0                SetSocketTxBuffers(int, int)
                0x40011b28                setsockoption(int, int)
                0x40012978                TcpSend(socket_struct*, unsigned long, pool_buffer*, unsigned short, unsigned char)
                0x40016a08                TCPTimerTask(void*)
                0x40016808                process_tcp(pool_buffer*, IPPKT*, unsigned short)
                0x40013e20                socket_struct::ProcessRST()
                0x400153c8                NoBlockconnectvia(unsigned long, unsigned short, unsigned short, unsigned long)
                0x40011e84                TcpGetLastRxTime(int)
                0x40014f1c                abortsocket
                0x40015f84                socket_struct::ProcessDataSegment(TCPPKT*, unsigned short, unsigned char*, pool_buffer*&)
                0x40015244                connectvia(unsigned long, unsigned short, unsigned short, unsigned long, unsigned long)
                0x40013788                HashSocketList::RemoveSocket(socket_struct*) const
                0x40015494                _Socket_Private_write
                0x40011b60                getsockoption(int)
                0x40014afc                socket_struct::ProcessAck(TCPPKT*)
                0x40015ca4                socket_struct::SaveData(unsigned char*, unsigned short, unsigned char)
                0x40013478                GetTcpRtxCount(int)
                0x40011908                fixoverlap(unsigned long, unsigned long, unsigned long&, unsigned long&)
                0x40012450                socket_struct::SetTimer(unsigned long)
                0x400153a0                connect(unsigned long, unsigned short, unsigned short, unsigned long)
                0x40011bec                HashSocketList::HashSocketList()
                0x400139cc                GetTcpSocket(TCPPKT*, unsigned long)
                0x40015418                NoBlockConnect(unsigned long, unsigned short, unsigned short, unsigned long)
                0x400120d0                TcpGetRxBufferSpaceUsed(int)
                0x40014060                socket_struct::DoRawSend()
                0x40012110                ShowFdTcpSocket(int)
                0x400123d4                socket_struct::ClearPending(int)
                0x400134ec                ShortSocketList::findsocket(unsigned short, unsigned short, unsigned long) const
                0x40015318                connect(unsigned long, unsigned short, unsigned short, unsigned long, unsigned long)
                0x40013404                TcpSendKeepAlive(int)
                0x40011984                getsocketerror(int)
                0x40011bd4                EnableTcpDebug(unsigned short)
                0x40016914                socket_struct::ProcessTimer()
                0x40013f3c                socket_struct::SetUpNextRetransmit()
                0x40011be4                HashSocketList::HashSocketList()
                0x400156bc                SockReadWithTimeout
                0x40013398                GetFreeSocketCount()
                0x40014da8                socket_struct::ProcessFIN(TCPPKT*, unsigned short)
                0x400126ac                FixHeaderAndSendTcp(pool_buffer*, IPPKT*, socket_struct*)
                0x40011b90                setsocketackbuffers(int, unsigned char)
                0x40011b08                socket_struct::CleanUpDeletedListener()
                0x400118c4                FindListenSocket(unsigned short, unsigned long)
                0x400127b0                TcpSendwSum(socket_struct*, unsigned long, pool_buffer*, unsigned short, unsigned char, unsigned long)
                0x40013a84                socket_struct::DoCleanup()
                0x40015d94                socket_struct::TestOutofOrder()
                0x40011ef4                TcpGetLastRxInterval(int)
                0x400117a4                GetFirstSeq()
                0x40013304                FREESOCKET(socket_struct*)
                0x40013c5c                ShortSocketList::AddSocket(socket_struct*)
                0x4001471c                socket_struct::DoRetransmit(unsigned char)
                0x40011da4                ShortSocketList::Init()
                0x40013590                ShortSocketList::processTick()
                0x40014834                socket_struct::CoreConnect(unsigned long, unsigned short, unsigned short, unsigned long)
                0x400158a8                _Socket_Private_close
                0x400159e8                accept(int, unsigned long*, unsigned short*, unsigned short)
                0x40011d9c                ShortSocketList::ShortSocketList()
                0x40012510                SetSocketRxBuffers(int, int)
                0x4001513c                listen(unsigned long, unsigned short, unsigned char)
                0x40011bf4                HashSocketList::Init() const
                0x40011c0c                ShortSocketList::GetFreeShort()
                0x400119e4                GetSocketRemoteAddr(int)
                0x400138f4                HashSocketList::findsocket(unsigned short, unsigned short, unsigned long) const
                0x40012064                WaitForSocketFlush(int, unsigned long)
                0x40011bdc                DumpTcpPacket(IPPKT*)
                0x40013d64                RemoveFromUserCloseList(socket_struct*)
                0x400117e8                ValidateTCP(IPPKT*, unsigned short)
                0x40013640                ShortSocketList::process(pool_buffer*, TCPPKT*, unsigned long) const
                0x400117d4                socket_struct::SetState(int)
                0x40012550                socket_struct::processoptions(pool_buffer*, TCPPKT*, IPPKT*)
                0x40014418                socket_struct::DoClose(int)
                0x40015050                GetFreeSocket()
                0x40011a44                GetSocketLocalPort(int)
                0x40013840                HashSocketList::AddSocket(socket_struct*) const
                0x40011d54                ShortSocketList::FreeShort(ShortSocket*) const
                0x40011a74                socket_struct::CalcRTO(unsigned long)
                0x40012e6c                socket_struct::OpenWindow()
                0x40012fd8                SendTcpSynRst(IPPKT*)
                0x40012014                TcpAllDataAcked(int)
                0x40014398                clrsockoption(int, int)
                0x40011eb8                TcpGetSocketState(int)
                0x40011bcc                DumpTcpDebug()
                0x400119b4                GetSocketLocalAddr(int)
                0x40016140                socket_struct::process(pool_buffer*, TCPPKT*)
                0x40011e14                RegisterTCPReadNotify
                0x40012a08                socket_struct::SendState(unsigned short, pool_buffer*)
 *fill*         0x40016b2e        0x2 00
 .text          0x40016b30      0x23c C:\nburn/lib/NetBurner.a(extraio.o)
                0x40016b60                ExpandWrite(int, char const*, int)
                0x40016b90                ExpandClose(int)
                0x40016bc0                InitExtras()
                0x40016bfc                GetExtraFD
                0x40016b30                ExpandRead(int, char*, int)
                0x40016d30                GetFreeExtraFDCount
                0x40016c8c                FreeExtraFd
                0x40016cc4                GetExtraData
                0x40016cf8                GetExtraExtraData
 .text          0x40016d6c      0x69e C:\nburn/lib/NetBurner.a(iosys.o)
                0x400171a8                SetDataAvail
                0x40017048                writeall
                0x400170a8                RawCheckSelects()
                0x40017154                SetHaveError
                0x400171e4                RemoveSelect(PendingSelect*)
                0x4001716c                SetWriteAvail
                0x40016f38                ZeroWaitSelect
                0x40017264                AddSelect(PendingSelect*)
                0x40016e8c                FD_ISSET
                0x40016e34                ClrDataAvail
                0x400172bc                select
                0x40016e1c                ClrWriteAvail
                0x40017120                CheckSelects()
                0x40016fec                writestring
                0x40016efc                countbits(fd_set*)
                0x40016d6c                FD_OVERLAP(fd_set*, fd_set*)
                0x40016fbc                dataavail
                0x40016da8                FD_ZERO
                0x40016e4c                FD_SET
                0x40016e04                ClrHaveError
                0x40016ed8                countdwbits(unsigned long)
                0x4001735c                ReadWithTimeout
                0x40016dc0                FD_CLR
 *fill*         0x4001740a        0x2 00
 .text          0x4001740c      0x71c C:\nburn/lib/NetBurner.a(autoip.o)
                0x40017648                AutoIPClient::AutoIPClient(int)
                0x40017528                AutoIPClient::stop()
                0x40017974                AutoIPClient::arpCheck()
                0x40017498                AutoIPClient::getNextTick()
                0x400177d0                AutoIPClient::announce()
                0x4001744c                AutoIPClient::addressCollision()
                0x40017488                AutoIPClient::getState()
                0x400178ac                AutoIPClient::startArp()
                0x40017ad0                AutoIPClient::staticTimeTick()
                0x4001740c                AutoIPClient::start()
                0x400176c4                AutoIPClient::AutoIPClient(int)
                0x400174a8                AutoIPClient::tickDelay(int)
                0x400174d0                AutoIPClient::negotiate()
                0x40017814                AutoIPClient::setRNG()
                0x400175e4                AutoIPClient::~AutoIPClient()
                0x40017a60                AutoIPClient::timeTick()
                0x40017560                AutoIPClient::restart()
                0x40017740                AddAutoIPInterface(int)
                0x40017580                AutoIPClient::~AutoIPClient()
                0x40017870                AutoIPClient::generateNewIPAddr()
 .text          0x40017b28        0x0 C:\nburn/lib/NetBurner.a(defappname.o)
 .text          0x40017b28      0x4b2 C:\nburn/lib/NetBurner.a(netinterface.o)
                0x40017f0c                InitializeNetwork(void (*)(pool_buffer*, EFRAME*, unsigned short), void (*)(pool_buffer*, EFRAME*))
                0x40017be0                InterfaceIP(int)
                0x40017cd4                GetEframe(pool_buffer*)
                0x40017eac                SaveIfConfig(ConfigRecord*, int)
                0x40017da0                RegisterMultiHomeInterface(_InterfaceBlock*)
                0x40017b28                GetFirstInterface()
                0x40017edc                GetIfConfig(int)
                0x40017c90                InterfaceMAC(int)
                0x40017b8c                GetInterFaceBlock(int)
                0x40017c0c                InterfaceDNS(int)
                0x40017c38                InterfaceMASK(int)
                0x40017b48                GetnextInterface(int)
                0x40017f78                TransmitBuffer(pool_buffer*, int)
                0x40017d40                DisableMulticast(MACADR, int)
                0x40017e08                RegisterInterface(_InterfaceBlock*)
                0x40017ce8                EnableMulticast(MACADR, int)
                0x40017e78                Removeinterface(int)
                0x40017d98                StopNetworks()
                0x40017bb8                GetInterfaceNumber(_InterfaceBlock*)
                0x40017c64                InterfaceGate(int)
 *fill*         0x40017fda        0x2 00
 .text          0x40017fdc      0x5c8 C:\nburn/lib/NetBurner.a(taskmon.o)
                0x400184e4                ProcessTaskPacket(UDPPacket&, int)
                0x40017fdc                EnableTaskMonitor()
                0x40017ff0                BufferDumpTCBState(os_tcb*)
 .text          0x400185a4     0x131e C:\nburn/lib/NetBurner.a(smarttrap.o)
                0x400185d8                EnableSmartTraps()
                0x400186b8                WalkStack(os_tcb*, unsigned long, unsigned long)
                0x40018b98                smart_trap_asm
                0x400189b8                Local_OutTCBState(os_tcb*, unsigned long, unsigned long)
                0x400185a4                SafeRead(unsigned long)
                0x400185f4                Local_OutHex(unsigned long, int)
                0x40018b90                Smart_Trap_Holder()
                0x40018688                Local_OutString(char const*)
                0x40018734                Local_ShowTaskName(os_tcb volatile*)
 *fill*         0x400198c2        0x2 00
 .text          0x400198c4      0x538 C:\nburn/lib/NetBurner.a(autoupdate.o)
                0x40019d4c                ProcessAutoUpdatePacket(UDPPacket&)
                0x40019a80                DoData(UDPPacket&)
                0x400198c4                EnableAutoUpdate
                0x400198d8                DoReboot()
                0x40019908                DoExecute(UDPPacket&, int)
                0x40019b70                DoStart(UDPPacket&)
 .text          0x40019dfc       0x52 C:\nburn/lib/NetBurner.a(device.o)
                0x40019e1c                DeviceInitializeSem
                0x40019dfc                DeviceGetQspiSem()
                0x40019e0c                DeviceGetI2cSem()
 *fill*         0x40019e4e        0x2 00
 .text          0x40019e50       0x26 C:\nburn/lib/NetBurner.a(new_ops.o)
                0x40019e50                operator new(unsigned long)
 *fill*         0x40019e76        0x2 00
 .text          0x40019e78      0x1b2 C:\nburn/lib/MOD5441X.a(flash.o)
                0x40019ef0                FlashProgram
                0x40019e78                FlashErase
 *fill*         0x4001a02a        0x2 00
 .text          0x4001a02c     0x17ce C:\nburn/lib/MOD5441X.a(ethernet.o)
                0x4001ac10                AddEthernetInterface()
                0x4001a210                StopEnet()
                0x4001a6c8                ResetEnet()
                0x4001ae30                ProcessDuplexStatus()
                0x4001a02c                read_eth_addr(MACADR*)
                0x4001ad04                WarmEnetReset()
                0x4001b64c                real_rxenetisr
                0x4001a058                fake_rxenetisr()
                0x4001a05c                rxenetisr
                0x4001a0ac                fake_txenetisr()
                0x4001ae00                EnablePHY()
                0x4001a264                EthMultifunc(MACADR, unsigned char)
                0x4001a100                GetMII(unsigned char, unsigned char)
                0x4001a280                ResetEnetPart2()
                0x4001a0b0                txenetisr
                0x4001a184                SetMII(unsigned char, unsigned char, unsigned short)
                0x4001aa5c                InitializeEthernet()
                0x4001b2a8                real_txenetisr
                0x4001a240                DisablePHY()
                0x4001ada0                ManualEthernetConfig(unsigned char, unsigned char, unsigned char)
                0x4001b154                EthTransmitBuffer(pool_buffer*)
                0x4001b4a0                Ether_ProcessTask(void*)
 *fill*         0x4001b7fa        0x2 00
 .text          0x4001b7fc     0x16e8 C:\nburn/lib/MOD5441X.a(etherprint.o)
                0x4001ce0c                EtherLink()
                0x4001b7fc                EtherSpeed100()
                0x4001ce00                denet()
                0x4001caa0                ShowFECRegisters()
                0x4001b8d4                ShowMII(unsigned char, unsigned char, char const*, unsigned short)
                0x4001ce40                elink()
                0x4001cdf4                dEnet()
                0x4001b81c                SwitchMIIPage(unsigned long)
                0x4001b80c                EtherDuplex()
                0x4001b848                showbinary(unsigned short, unsigned short)
                0x4001b93c                ShowPhyterMII()
 .text          0x4001cee4      0x196 C:\nburn/lib/MOD5441X.a(emulticast.o)
                0x4001cfc8                EthDisableMulticast(MACADR)
                0x4001cf24                EthEnableMulticast(MACADR)
                0x4001cee4                GetMultiCastCRC(MACADR)
 *fill*         0x4001d07a        0x2 00
 .text          0x4001d07c      0x1f2 C:\nburn/lib/NetBurner.a(netrx.o)
                0x4001d07c                NetDoRX(pool_buffer*, unsigned short, int)
 *fill*         0x4001d26e        0x2 00
 .text          0x4001d270      0xba0 c:/nburn/gcc-m68k/bin/../lib/gcc/m68k-elf/4.2.1/m5206e\libgcc.a(_double.o)
                0x4001dd6e                __cmpdf2
                0x4001d2d0                __adddf3
                0x4001dc38                __negdf2
                0x4001d948                __divdf3
                0x4001dc96                __cmpdf2_internal
                0x4001d76c                __muldf3
                0x4001d2ca                __subdf3
 .text          0x4001de10       0x74 c:/nburn/gcc-m68k/bin/../lib/gcc/m68k-elf/4.2.1/m5206e\libgcc.a(_floatex.o)
                0x4001de1c                $_exception_handler
                0x4001de10                __clear_sticky_bit
 .text          0x4001de84       0x22 c:/nburn/gcc-m68k/bin/../lib/gcc/m68k-elf/4.2.1/m5206e\libgcc.a(_eqdf2.o)
                0x4001de84                __eqdf2
 *fill*         0x4001dea6        0x2 00
 .text          0x4001dea8       0x22 c:/nburn/gcc-m68k/bin/../lib/gcc/m68k-elf/4.2.1/m5206e\libgcc.a(_nedf2.o)
                0x4001dea8                __nedf2
 *fill*         0x4001deca        0x2 00
 .text          0x4001decc       0x22 c:/nburn/gcc-m68k/bin/../lib/gcc/m68k-elf/4.2.1/m5206e\libgcc.a(_gedf2.o)
                0x4001decc                __gedf2
 *fill*         0x4001deee        0x2 00
 .text          0x4001def0       0x7a c:/nburn/gcc-m68k/bin/../lib/gcc/m68k-elf/4.2.1/m5206e\libgcc.a(_fixunsdfsi.o)
                0x4001def0                __fixunsdfsi
 *fill*         0x4001df6a        0x2 00
 .text          0x4001df6c      0x49a c:/nburn/gcc-m68k/bin/../lib/gcc/m68k-elf/4.2.1/m5206e\libgcc.a(fpgnulib.o)
                0x4001e3ec                __fixsfsi
                0x4001e0d4                __floatsidf
                0x4001e1aa                __extendsfdf2
                0x4001e062                __floatunsidf
                0x4001e36c                __fixdfsi
                0x4001e190                __floatsisf
                0x4001e244                __truncdfsf2
                0x4001df6c                __unordsf2
                0x4001e176                __floatunsisf
                0x4001dfce                __unorddf2
 *fill*         0x4001e406        0x2 00
 .text          0x4001e408       0x14 c:/nburn/gcc-m68k/bin/../lib/gcc/m68k-elf/4.2.1/../../../../m68k-elf/lib/m5206e\libc.a(lib_a-atof.o)
                0x4001e408                atof
 .text          0x4001e41c       0x1e c:/nburn/gcc-m68k/bin/../lib/gcc/m68k-elf/4.2.1/../../../../m68k-elf/lib/m5206e\libc.a(lib_a-cxa_atexit.o)
                0x4001e41c                __cxa_atexit
 *fill*         0x4001e43a        0x2 00
 .text          0x4001e43c        0xe c:/nburn/gcc-m68k/bin/../lib/gcc/m68k-elf/4.2.1/../../../../m68k-elf/lib/m5206e\libc.a(lib_a-errno.o)
                0x4001e43c                __errno
 *fill*         0x4001e44a        0x2 00
 .text          0x4001e44c       0x24 c:/nburn/gcc-m68k/bin/../lib/gcc/m68k-elf/4.2.1/../../../../m68k-elf/lib/m5206e\libc.a(lib_a-fiprintf.o)
                0x4001e44c                fiprintf
 .text          0x4001e470        0x0 c:/nburn/gcc-m68k/bin/../lib/gcc/m68k-elf/4.2.1/../../../../m68k-elf/lib/m5206e\libc.a(lib_a-impure.o)
 .text          0x4001e470       0x54 c:/nburn/gcc-m68k/bin/../lib/gcc/m68k-elf/4.2.1/../../../../m68k-elf/lib/m5206e\libc.a(lib_a-iprintf.o)
                0x4001e470                _iprintf_r
                0x4001e49a                iprintf
 .text          0x4001e4c4       0x32 c:/nburn/gcc-m68k/bin/../lib/gcc/m68k-elf/4.2.1/../../../../m68k-elf/lib/m5206e\libc.a(lib_a-malloc.o)
                0x4001e4de                malloc
                0x4001e4c4                free
 *fill*         0x4001e4f6        0x2 00
 .text          0x4001e4f8      0x78c c:/nburn/gcc-m68k/bin/../lib/gcc/m68k-elf/4.2.1/../../../../m68k-elf/lib/m5206e\libc.a(lib_a-mallocr.o)
                0x4001e4f8                _malloc_r
 .text          0x4001ec84       0x54 c:/nburn/gcc-m68k/bin/../lib/gcc/m68k-elf/4.2.1/../../../../m68k-elf/lib/m5206e\libc.a(lib_a-printf.o)
                0x4001ec84                printf
                0x4001ecae                _printf_r
 .text          0x4001ecd8       0x8a c:/nburn/gcc-m68k/bin/../lib/gcc/m68k-elf/4.2.1/../../../../m68k-elf/lib/m5206e\libc.a(lib_a-puts.o)
                0x4001ecd8                _puts_r
                0x4001ed4c                puts
 *fill*         0x4001ed62        0x2 00
 .text          0x4001ed64       0x6a c:/nburn/gcc-m68k/bin/../lib/gcc/m68k-elf/4.2.1/../../../../m68k-elf/lib/m5206e\libc.a(lib_a-rand.o)
                0x4001ed7c                rand
                0x4001ed64                srand
 *fill*         0x4001edce        0x2 00
 .text          0x4001edd0       0x4e c:/nburn/gcc-m68k/bin/../lib/gcc/m68k-elf/4.2.1/../../../../m68k-elf/lib/m5206e\libc.a(lib_a-rget.o)
                0x4001ee0a                __srget
                0x4001edd0                __srget_r
 *fill*         0x4001ee1e        0x2 00
 .text          0x4001ee20      0x1ee c:/nburn/gcc-m68k/bin/../lib/gcc/m68k-elf/4.2.1/../../../../m68k-elf/lib/m5206e\libc.a(lib_a-setvbuf.o)
                0x4001ee20                setvbuf
 *fill*         0x4001f00e        0x2 00
 .text          0x4001f010       0xba c:/nburn/gcc-m68k/bin/../lib/gcc/m68k-elf/4.2.1/../../../../m68k-elf/lib/m5206e\libc.a(lib_a-siprintf.o)
                0x4001f06e                _siprintf_r
                0x4001f010                siprintf
 *fill*         0x4001f0ca        0x2 00
 .text          0x4001f0cc       0xba c:/nburn/gcc-m68k/bin/../lib/gcc/m68k-elf/4.2.1/../../../../m68k-elf/lib/m5206e\libc.a(lib_a-sprintf.o)
                0x4001f12a                _sprintf_r
                0x4001f0cc                sprintf
 *fill*         0x4001f186        0x2 00
 .text          0x4001f188       0x1a c:/nburn/gcc-m68k/bin/../lib/gcc/m68k-elf/4.2.1/../../../../m68k-elf/lib/m5206e\libc.a(lib_a-strlen.o)
                0x4001f188                strlen
 *fill*         0x4001f1a2        0x2 00
 .text          0x4001f1a4     0x174a c:/nburn/gcc-m68k/bin/../lib/gcc/m68k-elf/4.2.1/../../../../m68k-elf/lib/m5206e\libc.a(lib_a-strtod.o)
                0x4001f1f6                _strtod_r
                0x400208d4                strtod
                0x400207ee                strtof
 *fill*         0x400208ee        0x2 00
 .text          0x400208f0     0x1280 c:/nburn/gcc-m68k/bin/../lib/gcc/m68k-elf/4.2.1/../../../../m68k-elf/lib/m5206e\libc.a(lib_a-vfiprintf.o)
                0x40021b52                vfiprintf
                0x40020934                _vfiprintf_r
 .text          0x40021b70     0x1fac c:/nburn/gcc-m68k/bin/../lib/gcc/m68k-elf/4.2.1/../../../../m68k-elf/lib/m5206e\libc.a(lib_a-vfprintf.o)
                0x40021bb4                _vfprintf_r
                0x40023afe                vfprintf
 .text          0x40023b1c      0x124 c:/nburn/gcc-m68k/bin/../lib/gcc/m68k-elf/4.2.1/../../../../m68k-elf/lib/m5206e\libc.a(lib_a-wbuf.o)
                0x40023b1c                __swbuf_r
                0x40023c26                __swbuf
 .text          0x40023c40       0x7c c:/nburn/gcc-m68k/bin/../lib/gcc/m68k-elf/4.2.1/../../../../m68k-elf/lib/m5206e\libc.a(lib_a-wcrtomb.o)
                0x40023c40                _wcrtomb_r
                0x40023ca0                wcrtomb
 .text          0x40023cbc      0x130 c:/nburn/gcc-m68k/bin/../lib/gcc/m68k-elf/4.2.1/../../../../m68k-elf/lib/m5206e\libc.a(lib_a-wcsrtombs.o)
                0x40023cbc                _wcsrtombs_r
                0x40023dca                wcsrtombs
 .text          0x40023dec      0x452 c:/nburn/gcc-m68k/bin/../lib/gcc/m68k-elf/4.2.1/../../../../m68k-elf/lib/m5206e\libc.a(lib_a-wctomb_r.o)
                0x40023dec                _wctomb_r
 *fill*         0x4002423e        0x2 00
 .text          0x40024240      0x130 c:/nburn/gcc-m68k/bin/../lib/gcc/m68k-elf/4.2.1/../../../../m68k-elf/lib/m5206e\libc.a(lib_a-wsetup.o)
                0x40024240                __swsetup
 .text          0x40024370       0xe8 c:/nburn/gcc-m68k/bin/../lib/gcc/m68k-elf/4.2.1/../../../../m68k-elf/lib/m5206e\libc.a(lib_a-__atexit.o)
                0x40024370                __register_exitproc
 .text          0x40024458     0x160a c:/nburn/gcc-m68k/bin/../lib/gcc/m68k-elf/4.2.1/../../../../m68k-elf/lib/m5206e\libc.a(lib_a-dtoa.o)
                0x4002460a                _dtoa_r
 *fill*         0x40025a62        0x2 00
 .text          0x40025a64      0x198 c:/nburn/gcc-m68k/bin/../lib/gcc/m68k-elf/4.2.1/../../../../m68k-elf/lib/m5206e\libc.a(lib_a-fflush.o)
                0x40025a64                fflush
 .text          0x40025bfc      0x25e c:/nburn/gcc-m68k/bin/../lib/gcc/m68k-elf/4.2.1/../../../../m68k-elf/lib/m5206e\libc.a(lib_a-findfp.o)
                0x40025c56                __sinit
                0x40025d0e                __sfmoreglue
                0x40025cfc                _cleanup
                0x40025ce2                _cleanup_r
                0x40025d7c                __sfp
 *fill*         0x40025e5a        0x2 00
 .text          0x40025e5c      0x422 c:/nburn/gcc-m68k/bin/../lib/gcc/m68k-elf/4.2.1/../../../../m68k-elf/lib/m5206e\libc.a(lib_a-freer.o)
                0x40025f4c                _free_r
                0x40025e5c                _malloc_trim_r
 *fill*         0x4002627e        0x2 00
 .text          0x40026280      0x37e c:/nburn/gcc-m68k/bin/../lib/gcc/m68k-elf/4.2.1/../../../../m68k-elf/lib/m5206e\libc.a(lib_a-fvwrite.o)
                0x40026280                __sfvwrite_r
 *fill*         0x400265fe        0x2 00
 .text          0x40026600       0xe4 c:/nburn/gcc-m68k/bin/../lib/gcc/m68k-elf/4.2.1/../../../../m68k-elf/lib/m5206e\libc.a(lib_a-fwalk.o)
                0x40026600                _fwalk
                0x40026670                _fwalk_reent
 .text          0x400266e4      0x800 c:/nburn/gcc-m68k/bin/../lib/gcc/m68k-elf/4.2.1/../../../../m68k-elf/lib/m5206e\libc.a(lib_a-gdtoa-gethex.o)
                0x40026716                __hexdig_init
                0x400267dc                __gethex
 .text          0x40026ee4      0x1d2 c:/nburn/gcc-m68k/bin/../lib/gcc/m68k-elf/4.2.1/../../../../m68k-elf/lib/m5206e\libc.a(lib_a-gdtoa-hexnan.o)
                0x40026f22                __hexnan
 *fill*         0x400270b6        0x2 00
 .text          0x400270b8       0xa6 c:/nburn/gcc-m68k/bin/../lib/gcc/m68k-elf/4.2.1/../../../../m68k-elf/lib/m5206e\libc.a(lib_a-locale.o)
                0x400270e6                _setlocale_r
                0x400270b8                __locale_charset
                0x400270c6                _localeconv_r
                0x40027146                setlocale
                0x400270d4                localeconv
 *fill*         0x4002715e        0x2 00
 .text          0x40027160      0x178 c:/nburn/gcc-m68k/bin/../lib/gcc/m68k-elf/4.2.1/../../../../m68k-elf/lib/m5206e\libc.a(lib_a-makebuf.o)
                0x40027160                __smakebuf
 .text          0x400272d8       0xd2 c:/nburn/gcc-m68k/bin/../lib/gcc/m68k-elf/4.2.1/../../../../m68k-elf/lib/m5206e\libc.a(lib_a-memchr.o)
                0x400272d8                memchr
 *fill*         0x400273aa        0x2 00
 .text          0x400273ac       0xb6 c:/nburn/gcc-m68k/bin/../lib/gcc/m68k-elf/4.2.1/../../../../m68k-elf/lib/m5206e\libc.a(lib_a-memmove.o)
                0x400273ac                memmove
 *fill*         0x40027462        0x2 00
 .text          0x40027464      0xc78 c:/nburn/gcc-m68k/bin/../lib/gcc/m68k-elf/4.2.1/../../../../m68k-elf/lib/m5206e\libc.a(lib_a-mprec.o)
                0x400277b8                _mprec_log10
                0x4002786e                __any_on
                0x40027914                _Balloc
                0x40027726                __ratio
                0x40027e3c                __i2b
                0x40027636                __b2d
                0x40028004                __s2b
                0x40027554                __mcmp
                0x40027464                __hi0bits
                0x40027f22                __pow5mult
                0x40027c20                __lshift
                0x40027cce                __multiply
                0x400279ca                __d2b
                0x4002782a                __copybits
                0x400275b4                __ulp
                0x40027ae0                __mdiff
                0x400274c8                __lo0bits
                0x40027e5e                __multadd
                0x400278da                _Bfree
 .text          0x400280dc      0x502 c:/nburn/gcc-m68k/bin/../lib/gcc/m68k-elf/4.2.1/../../../../m68k-elf/lib/m5206e\libc.a(lib_a-reallocr.o)
                0x400280dc                _realloc_r
 *fill*         0x400285de        0x2 00
 .text          0x400285e0      0x21c c:/nburn/gcc-m68k/bin/../lib/gcc/m68k-elf/4.2.1/../../../../m68k-elf/lib/m5206e\libc.a(lib_a-refill.o)
                0x40028604                __srefill_r
 .text          0x400287fc       0x42 c:/nburn/gcc-m68k/bin/../lib/gcc/m68k-elf/4.2.1/../../../../m68k-elf/lib/m5206e\libc.a(lib_a-s_isinfd.o)
                0x400287fc                __isinfd
 *fill*         0x4002883e        0x2 00
 .text          0x40028840       0x34 c:/nburn/gcc-m68k/bin/../lib/gcc/m68k-elf/4.2.1/../../../../m68k-elf/lib/m5206e\libc.a(lib_a-s_isnand.o)
                0x40028840                __isnand
 .text          0x40028874      0x162 c:/nburn/gcc-m68k/bin/../lib/gcc/m68k-elf/4.2.1/../../../../m68k-elf/lib/m5206e\libc.a(lib_a-stdio.o)
                0x40028892                __sseek
                0x40028984                __sread
                0x40028874                __sclose
                0x400288f4                __swrite
 *fill*         0x400289d6        0x2 00
 .text          0x400289d8       0x70 c:/nburn/gcc-m68k/bin/../lib/gcc/m68k-elf/4.2.1/../../../../m68k-elf/lib/m5206e\libc.a(lib_a-strcmp.o)
                0x400289d8                strcmp
 .text          0x40028a48       0x3e c:/nburn/gcc-m68k/bin/../lib/gcc/m68k-elf/4.2.1/../../../../m68k-elf/lib/m5206e\libc.a(lib_a-writer.o)
                0x40028a48                _write_r
 *fill*         0x40028a86        0x2 00
 .text          0x40028a88       0x92 c:/nburn/gcc-m68k/bin/../lib/gcc/m68k-elf/4.2.1/../../../../m68k-elf/lib/m5206e\libc.a(lib_a-callocr.o)
                0x40028a88                _calloc_r
 *fill*         0x40028b1a        0x2 00
 .text          0x40028b1c       0x32 c:/nburn/gcc-m68k/bin/../lib/gcc/m68k-elf/4.2.1/../../../../m68k-elf/lib/m5206e\libc.a(lib_a-closer.o)
                0x40028b1c                _close_r
 *fill*         0x40028b4e        0x2 00
 .text          0x40028b50       0xfe c:/nburn/gcc-m68k/bin/../lib/gcc/m68k-elf/4.2.1/../../../../m68k-elf/lib/m5206e\libc.a(lib_a-fclose.o)
                0x40028b50                _fclose_r
                0x40028c38                fclose
 *fill*         0x40028c4e        0x2 00
 .text          0x40028c50       0x36 c:/nburn/gcc-m68k/bin/../lib/gcc/m68k-elf/4.2.1/../../../../m68k-elf/lib/m5206e\libc.a(lib_a-fstatr.o)
                0x40028c50                _fstat_r
 *fill*         0x40028c86        0x2 00
 .text          0x40028c88       0x3e c:/nburn/gcc-m68k/bin/../lib/gcc/m68k-elf/4.2.1/../../../../m68k-elf/lib/m5206e\libc.a(lib_a-lseekr.o)
                0x40028c88                _lseek_r
 *fill*         0x40028cc6        0x2 00
 .text          0x40028cc8       0x3e c:/nburn/gcc-m68k/bin/../lib/gcc/m68k-elf/4.2.1/../../../../m68k-elf/lib/m5206e\libc.a(lib_a-readr.o)
                0x40028cc8                _read_r
 *fill*         0x40028d06        0x2 00
 .text          0x40028d08       0x22 c:/nburn/gcc-m68k/bin/../lib/gcc/m68k-elf/4.2.1/m5206e\libgcc.a(_gtdf2.o)
                0x40028d08                __gtdf2
 *fill*         0x40028d2a        0x2 00
 .text          0x40028d2c       0x22 c:/nburn/gcc-m68k/bin/../lib/gcc/m68k-elf/4.2.1/m5206e\libgcc.a(_ltdf2.o)
                0x40028d2c                __ltdf2
 *fill*         0x40028d4e        0x2 00
 .text          0x40028d50       0x22 c:/nburn/gcc-m68k/bin/../lib/gcc/m68k-elf/4.2.1/m5206e\libgcc.a(_ledf2.o)
                0x40028d50                __ledf2
 *fill*         0x40028d72        0x2 00
 .text          0x40028d74       0x1a c:/nburn/gcc-m68k/bin/../lib/gcc/m68k-elf/4.2.1/m5206e\libgcc.a(_nesf2.o)
                0x40028d74                __nesf2
 *fill*         0x40028d8e        0x2 00
 .text          0x40028d90       0x1a c:/nburn/gcc-m68k/bin/../lib/gcc/m68k-elf/4.2.1/m5206e\libgcc.a(_gtsf2.o)
                0x40028d90                __gtsf2
 *fill*         0x40028daa        0x2 00
 .text          0x40028dac       0x1a c:/nburn/gcc-m68k/bin/../lib/gcc/m68k-elf/4.2.1/m5206e\libgcc.a(_ltsf2.o)
                0x40028dac                __ltsf2
 *fill*         0x40028dc6        0x2 00
 .text          0x40028dc8       0x72 c:/nburn/gcc-m68k/bin/../lib/gcc/m68k-elf/4.2.1/m5206e\libgcc.a(_muldi3.o)
                0x40028dc8                __muldi3
 *fill*         0x40028e3a        0x2 00
 .text          0x40028e3c      0x4f6 c:/nburn/gcc-m68k/bin/../lib/gcc/m68k-elf/4.2.1/m5206e\libgcc.a(_udivdi3.o)
                0x40028e3c                __udivdi3
 *fill*         0x40029332        0x2 00
 .text          0x40029334      0x4f8 c:/nburn/gcc-m68k/bin/../lib/gcc/m68k-elf/4.2.1/m5206e\libgcc.a(_umoddi3.o)
                0x40029334                __umoddi3
 .text          0x4002982c      0x7ca c:/nburn/gcc-m68k/bin/../lib/gcc/m68k-elf/4.2.1/m5206e\libgcc.a(_float.o)
                0x40029c9e                __divsf3
                0x40029874                __subsf3
                0x40029e92                __negsf2
                0x40029f84                __cmpsf2
                0x40029ee4                __cmpsf2_internal
                0x40029b5c                __mulsf3
                0x4002987a                __addsf3
 *fill*         0x40029ff6        0x2 00
 .text          0x40029ff8        0x0 c:/nburn/gcc-m68k/bin/../lib/gcc/m68k-elf/4.2.1/m5206e\libgcc.a(_clz.o)
 .text          0x40029ff8       0x32 c:/nburn/gcc-m68k/bin/../lib/gcc/m68k-elf/4.2.1/m5206e/crtend.o
                0x4002a030                . = ALIGN (0x10)
 *fill*         0x4002a02a        0x6 00
 *(.text.*)
                0x4002a030                . = ALIGN (0x10)
 *(.eh_frame)
 .eh_frame      0x4002a030        0x0 c:/nburn/gcc-m68k/bin/../lib/gcc/m68k-elf/4.2.1/m5206e/crtbegin.o
 .eh_frame      0x4002a030       0x40 c:/nburn/gcc-m68k/bin/../lib/gcc/m68k-elf/4.2.1/m5206e\libgcc.a(_udivdi3.o)
 .eh_frame      0x4002a070       0x2c c:/nburn/gcc-m68k/bin/../lib/gcc/m68k-elf/4.2.1/m5206e\libgcc.a(_umoddi3.o)
                                 0x40 (size before relaxing)
 .eh_frame      0x4002a09c        0x4 c:/nburn/gcc-m68k/bin/../lib/gcc/m68k-elf/4.2.1/m5206e/crtend.o
                0x4002a0a0                . = ALIGN (0x10)
 *fill*         0x4002a0a0        0x0 00
 *(.gnu.linkonce.t.*)
                0x4002a0a0                . = ALIGN (0x4)
                0x4002a0a0                __CTOR_LIST__ = .
 *(.ctors)
 .ctors         0x4002a0a0        0x4 c:/nburn/gcc-m68k/bin/../lib/gcc/m68k-elf/4.2.1/m5206e/crtbegin.o
 .ctors         0x4002a0a4        0x4 C:\nburn/lib/MOD5441X.a(serial.o)
 .ctors         0x4002a0a8        0x4 C:\nburn/lib/MOD5441X.a(HiResTimer.o)
 .ctors         0x4002a0ac        0x4 C:\nburn/lib/NetBurner.a(ip.o)
 .ctors         0x4002a0b0        0x4 C:\nburn/lib/NetBurner.a(buffers.o)
 .ctors         0x4002a0b4        0x4 C:\nburn/lib/NetBurner.a(tcp.o)
 .ctors         0x4002a0b8        0x4 c:/nburn/gcc-m68k/bin/../lib/gcc/m68k-elf/4.2.1/m5206e/crtend.o
                0x4002a0bc                __CTOR_END__ = .
                0x4002a0bc        0x4 LONG 0x0
                0x4002a0c0                __CTOR_END__ = .
                0x4002a0c0                __DTOR_LIST__ = .
                0x4002a0c0                ___DTOR_LIST__ = .
                0x4002a0c0        0x4 LONG 0x2 (((__DTOR_END__ - __DTOR_LIST__) / 0x4) - 0x2)
 *(.dtors)
 .dtors         0x4002a0c4        0x4 c:/nburn/gcc-m68k/bin/../lib/gcc/m68k-elf/4.2.1/m5206e/crtbegin.o
 .dtors         0x4002a0c8        0x4 c:/nburn/gcc-m68k/bin/../lib/gcc/m68k-elf/4.2.1/m5206e/crtend.o
                0x4002a0cc        0x4 LONG 0x0
                0x4002a0d0                __DTOR_END__ = .
 *(.rodata)
 .rodata        0x4002a0d0      0x200 Ranging_Radio.o
 .rodata        0x4002a2d0       0x50 C:\nburn/lib/MOD5441X.a(serial.o)
 .rodata        0x4002a320      0x108 C:\nburn/lib/NetBurner.a(ucos.o)
                0x4002a328                FAKE_OSUnMapTbl
                0x4002a320                FAKE_OSMapTbl
 .rodata        0x4002a428       0xb8 C:\nburn/lib/NetBurner.a(utils.o)
 .rodata        0x4002a4e0        0x4 C:\nburn/lib/NetBurner.a(buffers.o)
 .rodata        0x4002a4e4        0x2 C:\nburn/lib/NetBurner.a(udp.o)
 .rodata        0x4002a4e6        0xd C:\nburn/lib/NetBurner.a(tcp.o)
 *fill*         0x4002a4f3        0x1 00
 .rodata        0x4002a4f4      0x400 C:\nburn/lib/MOD5441X.a(emulticast.o)
 .rodata        0x4002a8f4        0x4 c:/nburn/gcc-m68k/bin/../lib/gcc/m68k-elf/4.2.1/../../../../m68k-elf/lib/m5206e\libc.a(lib_a-impure.o)
                0x4002a8f4                _global_impure_ptr
 .rodata        0x4002a8f8       0x28 c:/nburn/gcc-m68k/bin/../lib/gcc/m68k-elf/4.2.1/../../../../m68k-elf/lib/m5206e\libc.a(lib_a-strtod.o)
 .rodata        0x4002a920       0x20 c:/nburn/gcc-m68k/bin/../lib/gcc/m68k-elf/4.2.1/../../../../m68k-elf/lib/m5206e\libc.a(lib_a-vfiprintf.o)
 .rodata        0x4002a940       0x20 c:/nburn/gcc-m68k/bin/../lib/gcc/m68k-elf/4.2.1/../../../../m68k-elf/lib/m5206e\libc.a(lib_a-vfprintf.o)
 .rodata        0x4002a960       0x34 c:/nburn/gcc-m68k/bin/../lib/gcc/m68k-elf/4.2.1/../../../../m68k-elf/lib/m5206e\libc.a(lib_a-locale.o)
 .rodata        0x4002a994      0x124 c:/nburn/gcc-m68k/bin/../lib/gcc/m68k-elf/4.2.1/../../../../m68k-elf/lib/m5206e\libc.a(lib_a-mprec.o)
                0x4002aa84                __mprec_tinytens
                0x4002a994                __mprec_tens
                0x4002aa5c                __mprec_bigtens
 .rodata        0x4002aab8      0x100 c:/nburn/gcc-m68k/bin/../lib/gcc/m68k-elf/4.2.1/m5206e\libgcc.a(_clz.o)
                0x4002aab8                __clz_tab
 *(.rodata.*)
 .rodata.str1.1
                0x4002abb8       0x5f Sensor_Interface_Board_v7.o
 .rodata.str1.1
                0x4002ac17        0x9 C:\nburn/lib/MOD5441X.a(bsp.o)
 .rodata.str1.1
                0x4002ac20      0x15a C:\nburn/lib/MOD5441X.a(serial.o)
 .rodata.str1.1
                0x4002ad7a       0xcf C:\nburn/lib/MOD5441X.a(HiResTimer.o)
 .rodata.str1.1
                0x4002ae49        0x5 C:\nburn/lib/NetBurner.a(ucos.o)
 .rodata.str1.1
                0x4002ae4e        0x3 C:\nburn/lib/NetBurner.a(fileio.o)
                                  0x6 (size before relaxing)
 .rodata.str1.1
                0x4002ae51       0xc9 C:\nburn/lib/NetBurner.a(system.o)
                                 0xcd (size before relaxing)
 .rodata.str1.1
                0x4002af1a        0x5 C:\nburn/lib/NetBurner.a(main.o)
 .rodata.str1.1
                0x4002af1f      0x179 C:\nburn/lib/NetBurner.a(utils.o)
                                0x17b (size before relaxing)
 .rodata.str1.1
                0x4002b098      0x212 C:\nburn/lib/NetBurner.a(ip.o)
                                0x217 (size before relaxing)
 .rodata.str1.1
                0x4002b2aa       0x68 C:\nburn/lib/NetBurner.a(buffers.o)
                                 0x70 (size before relaxing)
 .rodata.str1.1
                0x4002b312       0x50 C:\nburn/lib/NetBurner.a(arp.o)
 .rodata.str1.1
                0x4002b362       0x18 C:\nburn/lib/NetBurner.a(udp.o)
 .rodata.str1.1
                0x4002b37a      0x38f C:\nburn/lib/NetBurner.a(tcp.o)
                                0x392 (size before relaxing)
 .rodata.str1.1
                0x4002b709        0x8 C:\nburn/lib/NetBurner.a(defappname.o)
 .rodata.str1.1
                0x4002b711       0xa4 C:\nburn/lib/NetBurner.a(taskmon.o)
                                 0xa7 (size before relaxing)
 .rodata.str1.1
                0x4002b7b5      0x4f9 C:\nburn/lib/NetBurner.a(smarttrap.o)
                                0x540 (size before relaxing)
 .rodata.str1.1
                0x4002bcae        0xe C:\nburn/lib/MOD5441X.a(ethernet.o)
 .rodata.str1.1
                0x4002bcbc      0x452 C:\nburn/lib/MOD5441X.a(etherprint.o)
                                0x46c (size before relaxing)
 .rodata.str1.1
                0x4002c10e        0x2 c:/nburn/gcc-m68k/bin/../lib/gcc/m68k-elf/4.2.1/../../../../m68k-elf/lib/m5206e\libc.a(lib_a-impure.o)
 .rodata.str1.1
                0x00000000        0x2 c:/nburn/gcc-m68k/bin/../lib/gcc/m68k-elf/4.2.1/../../../../m68k-elf/lib/m5206e\libc.a(lib_a-puts.o)
 .rodata.str1.1
                0x00000000        0x2 c:/nburn/gcc-m68k/bin/../lib/gcc/m68k-elf/4.2.1/../../../../m68k-elf/lib/m5206e\libc.a(lib_a-strtod.o)
                                  0xc (size before relaxing)
 .rodata.str1.1
                0x4002c110       0x43 c:/nburn/gcc-m68k/bin/../lib/gcc/m68k-elf/4.2.1/../../../../m68k-elf/lib/m5206e\libc.a(lib_a-vfiprintf.o)
 .rodata.str1.1
                0x4002c153       0x10 c:/nburn/gcc-m68k/bin/../lib/gcc/m68k-elf/4.2.1/../../../../m68k-elf/lib/m5206e\libc.a(lib_a-vfprintf.o)
                                 0x57 (size before relaxing)
 .rodata.str1.1
                0x4002c163       0x1d c:/nburn/gcc-m68k/bin/../lib/gcc/m68k-elf/4.2.1/../../../../m68k-elf/lib/m5206e\libc.a(lib_a-wctomb_r.o)
 .rodata.str1.1
                0x4002c180        0xd c:/nburn/gcc-m68k/bin/../lib/gcc/m68k-elf/4.2.1/../../../../m68k-elf/lib/m5206e\libc.a(lib_a-dtoa.o)
                                  0xf (size before relaxing)
 .rodata.str1.1
                0x4002c18d        0xb c:/nburn/gcc-m68k/bin/../lib/gcc/m68k-elf/4.2.1/../../../../m68k-elf/lib/m5206e\libc.a(lib_a-gdtoa-gethex.o)
                                 0x19 (size before relaxing)
 .rodata.str1.1
                0x4002c198        0xb c:/nburn/gcc-m68k/bin/../lib/gcc/m68k-elf/4.2.1/../../../../m68k-elf/lib/m5206e\libc.a(lib_a-locale.o)
                                 0x10 (size before relaxing)
 *(.gnu.linkonce.*)
 *(.gcc_except_table)
                0x4002c1a4                . = ALIGN (0x4)
 *fill*         0x4002c1a3        0x1 00
                0x4002c1a4                __INIT_SECTION__ = .
                0x4002c1a4        0x4 LONG 0x4e560000
 *(.init)
 .init          0x4002c1a8        0x6 c:/nburn/gcc-m68k/bin/../lib/gcc/m68k-elf/4.2.1/m5206e/crtbegin.o
 .init          0x4002c1ae        0x6 c:/nburn/gcc-m68k/bin/../lib/gcc/m68k-elf/4.2.1/m5206e/crtend.o
                0x4002c1b4        0x2 SHORT 0x4e5e
                0x4002c1b6        0x2 SHORT 0x4e75
                0x4002c1b8                . = ALIGN (0x4)
                0x4002c1b8                __FINI_SECTION__ = .
                0x4002c1b8        0x4 LONG 0x4e560000
 *(.fini)
 .fini          0x4002c1bc        0x6 c:/nburn/gcc-m68k/bin/../lib/gcc/m68k-elf/4.2.1/m5206e/crtbegin.o
                0x4002c1c2        0x2 SHORT 0x4e5e
                0x4002c1c4        0x2 SHORT 0x4e75
 *(.lit)
                0x4002c1d0                . = ALIGN (0x10)
 *fill*         0x4002c1c6        0xa 00
                0x4002c1d0                _etext = .
                0x4002c1d0                etext = .

.data           0x4002c1d0      0x940
                0x4002c1d0                copy_start = .
 *(.shdata)
 *(.data)
 .data          0x4002c1d0        0x4 c:/nburn/gcc-m68k/bin/../lib/gcc/m68k-elf/4.2.1/../../../../m68k-elf/lib/m5206e\nb-crt0.o
 .data          0x4002c1d4        0x8 c:/nburn/gcc-m68k/bin/../lib/gcc/m68k-elf/4.2.1/m5206e/crtbegin.o
                0x4002c1d4                __dso_handle
 .data          0x4002c1dc       0x62 Sensor_Interface_Board_v7.o
                0x4002c1dc                pilot_channel
 *fill*         0x4002c23e        0x2 00
 .data          0x4002c240        0x0 SIB_initPINS.o
 .data          0x4002c240        0x0 SIB_SendtoNAVCOMP.o
 .data          0x4002c240       0x64 Ranging_Radio.o
 .data          0x4002c2a4        0x0 Laser_rangefinder.o
 .data          0x4002c2a4        0x4 C:\nburn/lib/MOD5441X.a(bsp.o)
                0x4002c2a4                PlatformName
 .data          0x4002c2a8        0x0 C:\nburn/lib/MOD5441X.a(serial.o)
 .data          0x4002c2a8        0x0 C:\nburn/lib/MOD5441X.a(pins.o)
 .data          0x4002c2a8        0x0 C:\nburn/lib/MOD5441X.a(HiResTimer.o)
 .data          0x4002c2a8        0x1 C:\nburn/lib/MOD5441X.a(dspi.o)
 *fill*         0x4002c2a9        0x3 00
 .data          0x4002c2ac        0x0 C:\nburn/lib/MOD5441X.a(localio.o)
 .data          0x4002c2ac        0x0 C:\nburn/lib/NetBurner.a(ucosmcfa.o)
 .data          0x4002c2ac        0x0 C:\nburn/lib/NetBurner.a(software_init.o)
 .data          0x4002c2ac        0x0 C:\nburn/lib/NetBurner.a(ucosmcfc.o)
 .data          0x4002c2ac        0x0 C:\nburn/lib/NetBurner.a(ucos.o)
 .data          0x4002c2ac        0x0 C:\nburn/lib/NetBurner.a(ucosmain.o)
 .data          0x4002c2ac        0x0 C:\nburn/lib/NetBurner.a(fileio.o)
 .data          0x4002c2ac        0x0 C:\nburn/lib/NetBurner.a(system.o)
 .data          0x4002c2ac        0x0 C:\nburn/lib/NetBurner.a(main.o)
 .data          0x4002c2ac        0x0 C:\nburn/lib/NetBurner.a(utils.o)
 .data          0x4002c2ac        0x0 C:\nburn/lib/NetBurner.a(ip.o)
 .data          0x4002c2ac        0x0 C:\nburn/lib/NetBurner.a(buffers.o)
 .data          0x4002c2ac        0x0 C:\nburn/lib/NetBurner.a(arp.o)
 .data          0x4002c2ac        0x0 C:\nburn/lib/NetBurner.a(udp.o)
 .data          0x4002c2ac        0x0 C:\nburn/lib/NetBurner.a(tcp.o)
 .data          0x4002c2ac        0x0 C:\nburn/lib/NetBurner.a(extraio.o)
 .data          0x4002c2ac        0x0 C:\nburn/lib/NetBurner.a(iosys.o)
 .data          0x4002c2ac        0x0 C:\nburn/lib/NetBurner.a(autoip.o)
 .data          0x4002c2ac        0x4 C:\nburn/lib/NetBurner.a(defappname.o)
                0x4002c2ac                AppName
 .data          0x4002c2b0        0x0 C:\nburn/lib/NetBurner.a(netinterface.o)
 .data          0x4002c2b0        0x0 C:\nburn/lib/NetBurner.a(taskmon.o)
 .data          0x4002c2b0        0x0 C:\nburn/lib/NetBurner.a(smarttrap.o)
 .data          0x4002c2b0        0x0 C:\nburn/lib/NetBurner.a(autoupdate.o)
 .data          0x4002c2b0        0x0 C:\nburn/lib/NetBurner.a(device.o)
 .data          0x4002c2b0        0x0 C:\nburn/lib/NetBurner.a(new_ops.o)
 .data          0x4002c2b0        0x0 C:\nburn/lib/MOD5441X.a(flash.o)
 .data          0x4002c2b0        0x4 C:\nburn/lib/MOD5441X.a(ethernet.o)
                0x4002c2b0                AutoNeg
                0x4002c2b2                wait
 .data          0x4002c2b4        0x0 C:\nburn/lib/MOD5441X.a(etherprint.o)
 .data          0x4002c2b4        0x0 C:\nburn/lib/MOD5441X.a(emulticast.o)
 .data          0x4002c2b4        0x0 C:\nburn/lib/NetBurner.a(netrx.o)
 .data          0x4002c2b4        0x0 c:/nburn/gcc-m68k/bin/../lib/gcc/m68k-elf/4.2.1/m5206e\libgcc.a(_double.o)
 .data          0x4002c2b4       0x1c c:/nburn/gcc-m68k/bin/../lib/gcc/m68k-elf/4.2.1/m5206e\libgcc.a(_floatex.o)
                0x4002c2b4                _fpCCR
 .data          0x4002c2d0        0x0 c:/nburn/gcc-m68k/bin/../lib/gcc/m68k-elf/4.2.1/m5206e\libgcc.a(_eqdf2.o)
 .data          0x4002c2d0        0x0 c:/nburn/gcc-m68k/bin/../lib/gcc/m68k-elf/4.2.1/m5206e\libgcc.a(_nedf2.o)
 .data          0x4002c2d0        0x0 c:/nburn/gcc-m68k/bin/../lib/gcc/m68k-elf/4.2.1/m5206e\libgcc.a(_gedf2.o)
 .data          0x4002c2d0        0x0 c:/nburn/gcc-m68k/bin/../lib/gcc/m68k-elf/4.2.1/m5206e\libgcc.a(_fixunsdfsi.o)
 .data          0x4002c2d0        0x0 c:/nburn/gcc-m68k/bin/../lib/gcc/m68k-elf/4.2.1/m5206e\libgcc.a(fpgnulib.o)
 .data          0x4002c2d0        0x0 c:/nburn/gcc-m68k/bin/../lib/gcc/m68k-elf/4.2.1/../../../../m68k-elf/lib/m5206e\libc.a(lib_a-atof.o)
 .data          0x4002c2d0        0x0 c:/nburn/gcc-m68k/bin/../lib/gcc/m68k-elf/4.2.1/../../../../m68k-elf/lib/m5206e\libc.a(lib_a-cxa_atexit.o)
 .data          0x4002c2d0        0x0 c:/nburn/gcc-m68k/bin/../lib/gcc/m68k-elf/4.2.1/../../../../m68k-elf/lib/m5206e\libc.a(lib_a-errno.o)
 .data          0x4002c2d0        0x0 c:/nburn/gcc-m68k/bin/../lib/gcc/m68k-elf/4.2.1/../../../../m68k-elf/lib/m5206e\libc.a(lib_a-fiprintf.o)
 .data          0x4002c2d0      0x3f6 c:/nburn/gcc-m68k/bin/../lib/gcc/m68k-elf/4.2.1/../../../../m68k-elf/lib/m5206e\libc.a(lib_a-impure.o)
                0x4002c2d0                _impure_ptr
 *fill*         0x4002c6c6        0x2 00
 .data          0x4002c6c8        0x0 c:/nburn/gcc-m68k/bin/../lib/gcc/m68k-elf/4.2.1/../../../../m68k-elf/lib/m5206e\libc.a(lib_a-iprintf.o)
 .data          0x4002c6c8        0x0 c:/nburn/gcc-m68k/bin/../lib/gcc/m68k-elf/4.2.1/../../../../m68k-elf/lib/m5206e\libc.a(lib_a-malloc.o)
 .data          0x4002c6c8      0x410 c:/nburn/gcc-m68k/bin/../lib/gcc/m68k-elf/4.2.1/../../../../m68k-elf/lib/m5206e\libc.a(lib_a-mallocr.o)
                0x4002cad4                __malloc_sbrk_base
                0x4002c6c8                __malloc_av_
                0x4002cad0                __malloc_trim_threshold
 .data          0x4002cad8        0x0 c:/nburn/gcc-m68k/bin/../lib/gcc/m68k-elf/4.2.1/../../../../m68k-elf/lib/m5206e\libc.a(lib_a-printf.o)
 .data          0x4002cad8        0x0 c:/nburn/gcc-m68k/bin/../lib/gcc/m68k-elf/4.2.1/../../../../m68k-elf/lib/m5206e\libc.a(lib_a-puts.o)
 .data          0x4002cad8        0x0 c:/nburn/gcc-m68k/bin/../lib/gcc/m68k-elf/4.2.1/../../../../m68k-elf/lib/m5206e\libc.a(lib_a-rand.o)
 .data          0x4002cad8        0x0 c:/nburn/gcc-m68k/bin/../lib/gcc/m68k-elf/4.2.1/../../../../m68k-elf/lib/m5206e\libc.a(lib_a-rget.o)
 .data          0x4002cad8        0x0 c:/nburn/gcc-m68k/bin/../lib/gcc/m68k-elf/4.2.1/../../../../m68k-elf/lib/m5206e\libc.a(lib_a-setvbuf.o)
 .data          0x4002cad8        0x0 c:/nburn/gcc-m68k/bin/../lib/gcc/m68k-elf/4.2.1/../../../../m68k-elf/lib/m5206e\libc.a(lib_a-siprintf.o)
 .data          0x4002cad8        0x0 c:/nburn/gcc-m68k/bin/../lib/gcc/m68k-elf/4.2.1/../../../../m68k-elf/lib/m5206e\libc.a(lib_a-sprintf.o)
 .data          0x4002cad8        0x0 c:/nburn/gcc-m68k/bin/../lib/gcc/m68k-elf/4.2.1/../../../../m68k-elf/lib/m5206e\libc.a(lib_a-strlen.o)
 .data          0x4002cad8       0x28 c:/nburn/gcc-m68k/bin/../lib/gcc/m68k-elf/4.2.1/../../../../m68k-elf/lib/m5206e\libc.a(lib_a-strtod.o)
 .data          0x4002cb00        0x0 c:/nburn/gcc-m68k/bin/../lib/gcc/m68k-elf/4.2.1/../../../../m68k-elf/lib/m5206e\libc.a(lib_a-vfiprintf.o)
 .data          0x4002cb00        0x0 c:/nburn/gcc-m68k/bin/../lib/gcc/m68k-elf/4.2.1/../../../../m68k-elf/lib/m5206e\libc.a(lib_a-vfprintf.o)
 .data          0x4002cb00        0x0 c:/nburn/gcc-m68k/bin/../lib/gcc/m68k-elf/4.2.1/../../../../m68k-elf/lib/m5206e\libc.a(lib_a-wbuf.o)
 .data          0x4002cb00        0x0 c:/nburn/gcc-m68k/bin/../lib/gcc/m68k-elf/4.2.1/../../../../m68k-elf/lib/m5206e\libc.a(lib_a-wcrtomb.o)
 .data          0x4002cb00        0x0 c:/nburn/gcc-m68k/bin/../lib/gcc/m68k-elf/4.2.1/../../../../m68k-elf/lib/m5206e\libc.a(lib_a-wcsrtombs.o)
 .data          0x4002cb00        0x0 c:/nburn/gcc-m68k/bin/../lib/gcc/m68k-elf/4.2.1/../../../../m68k-elf/lib/m5206e\libc.a(lib_a-wctomb_r.o)
 .data          0x4002cb00        0x0 c:/nburn/gcc-m68k/bin/../lib/gcc/m68k-elf/4.2.1/../../../../m68k-elf/lib/m5206e\libc.a(lib_a-wsetup.o)
 .data          0x4002cb00        0x0 c:/nburn/gcc-m68k/bin/../lib/gcc/m68k-elf/4.2.1/../../../../m68k-elf/lib/m5206e\libc.a(lib_a-__atexit.o)
 .data          0x4002cb00        0x0 c:/nburn/gcc-m68k/bin/../lib/gcc/m68k-elf/4.2.1/../../../../m68k-elf/lib/m5206e\libc.a(lib_a-dtoa.o)
 .data          0x4002cb00        0x0 c:/nburn/gcc-m68k/bin/../lib/gcc/m68k-elf/4.2.1/../../../../m68k-elf/lib/m5206e\libc.a(lib_a-fflush.o)
 .data          0x4002cb00        0x0 c:/nburn/gcc-m68k/bin/../lib/gcc/m68k-elf/4.2.1/../../../../m68k-elf/lib/m5206e\libc.a(lib_a-findfp.o)
 .data          0x4002cb00        0x0 c:/nburn/gcc-m68k/bin/../lib/gcc/m68k-elf/4.2.1/../../../../m68k-elf/lib/m5206e\libc.a(lib_a-freer.o)
 .data          0x4002cb00        0x0 c:/nburn/gcc-m68k/bin/../lib/gcc/m68k-elf/4.2.1/../../../../m68k-elf/lib/m5206e\libc.a(lib_a-fvwrite.o)
 .data          0x4002cb00        0x0 c:/nburn/gcc-m68k/bin/../lib/gcc/m68k-elf/4.2.1/../../../../m68k-elf/lib/m5206e\libc.a(lib_a-fwalk.o)
 .data          0x4002cb00        0x0 c:/nburn/gcc-m68k/bin/../lib/gcc/m68k-elf/4.2.1/../../../../m68k-elf/lib/m5206e\libc.a(lib_a-gdtoa-gethex.o)
 .data          0x4002cb00        0x0 c:/nburn/gcc-m68k/bin/../lib/gcc/m68k-elf/4.2.1/../../../../m68k-elf/lib/m5206e\libc.a(lib_a-gdtoa-hexnan.o)
 .data          0x4002cb00       0x10 c:/nburn/gcc-m68k/bin/../lib/gcc/m68k-elf/4.2.1/../../../../m68k-elf/lib/m5206e\libc.a(lib_a-locale.o)
                0x4002cb00                __mb_cur_max
                0x4002cb04                __lc_ctype
 .data          0x4002cb10        0x0 c:/nburn/gcc-m68k/bin/../lib/gcc/m68k-elf/4.2.1/../../../../m68k-elf/lib/m5206e\libc.a(lib_a-makebuf.o)
 .data          0x4002cb10        0x0 c:/nburn/gcc-m68k/bin/../lib/gcc/m68k-elf/4.2.1/../../../../m68k-elf/lib/m5206e\libc.a(lib_a-memchr.o)
 .data          0x4002cb10        0x0 c:/nburn/gcc-m68k/bin/../lib/gcc/m68k-elf/4.2.1/../../../../m68k-elf/lib/m5206e\libc.a(lib_a-memmove.o)
 .data          0x4002cb10        0x0 c:/nburn/gcc-m68k/bin/../lib/gcc/m68k-elf/4.2.1/../../../../m68k-elf/lib/m5206e\libc.a(lib_a-mprec.o)
 .data          0x4002cb10        0x0 c:/nburn/gcc-m68k/bin/../lib/gcc/m68k-elf/4.2.1/../../../../m68k-elf/lib/m5206e\libc.a(lib_a-reallocr.o)
 .data          0x4002cb10        0x0 c:/nburn/gcc-m68k/bin/../lib/gcc/m68k-elf/4.2.1/../../../../m68k-elf/lib/m5206e\libc.a(lib_a-refill.o)