Archive member included because of file (symbol)

C:\nburn/lib/MOD5441X.a(bsp.o)
                              c:/nburn/gcc-m68k/bin/../lib/gcc/m68k-elf/4.2.1/../../../../m68k-elf/lib/m5206e\nb-crt0.o (atexit)
C:\nburn/lib/MOD5441X.a(serial.o)
                              Sensor_Interface_Board_v7.o (SerialClose)
C:\nburn/lib/MOD5441X.a(pins.o)
                              SIB_initPINS.o (PinIO::set(unsigned char))
C:\nburn/lib/MOD5441X.a(HiResTimer.o)
                              Sensor_Interface_Board_v7.o (HiResTimer::readTime())
C:\nburn/lib/MOD5441X.a(dspi.o)
                              Sensor_Interface_Board_v7.o (DSPIInit(unsigned char, unsigned long, unsigned char, unsigned char, unsigned char, unsigned char, unsigned char, unsigned char, unsigned char, unsigned char))
C:\nburn/lib/MOD5441X.a(localio.o)
                              C:\nburn/lib/MOD5441X.a(serial.o) (GetUartRecord)
C:\nburn/lib/NetBurner.a(ucosmcfa.o)
                              C:\nburn/lib/MOD5441X.a(bsp.o) (OSCtxSw)
C:\nburn/lib/NetBurner.a(software_init.o)
                              c:/nburn/gcc-m68k/bin/../lib/gcc/m68k-elf/4.2.1/../../../../m68k-elf/lib/m5206e\nb-crt0.o (software_init_hook)
C:\nburn/lib/NetBurner.a(ucosmcfc.o)
                              Sensor_Interface_Board_v7.o (OSTaskCreate)
C:\nburn/lib/NetBurner.a(ucos.o)
                              C:\nburn/lib/NetBurner.a(ucosmcfc.o) (OSSched)
C:\nburn/lib/NetBurner.a(ucosmain.o)
                              C:\nburn/lib/MOD5441X.a(bsp.o) (critical_count)
C:\nburn/lib/NetBurner.a(fileio.o)
                              Sensor_Interface_Board_v7.o (ReplaceStdio)
C:\nburn/lib/NetBurner.a(system.o)
                              C:\nburn/lib/MOD5441X.a(serial.o) (rnd_cnt)
C:\nburn/lib/NetBurner.a(main.o)
                              c:/nburn/gcc-m68k/bin/../lib/gcc/m68k-elf/4.2.1/../../../../m68k-elf/lib/m5206e\nb-crt0.o (main)
C:\nburn/lib/NetBurner.a(utils.o)
                              C:\nburn/lib/NetBurner.a(system.o) (AsciiToIp)
C:\nburn/lib/NetBurner.a(ip.o)
                              Sensor_Interface_Board_v7.o (InitializeStack(unsigned long, unsigned long, unsigned long, unsigned long))
C:\nburn/lib/NetBurner.a(buffers.o)
                              C:\nburn/lib/NetBurner.a(ip.o) (FreeBuffer)
C:\nburn/lib/NetBurner.a(arp.o)
                              C:\nburn/lib/NetBurner.a(ip.o) (wArpLifetime)
C:\nburn/lib/NetBurner.a(udp.o)
                              C:\nburn/lib/NetBurner.a(ip.o) (process_udp(pool_buffer*, IPPKT*, unsigned short))
C:\nburn/lib/NetBurner.a(tcp.o)
                              C:\nburn/lib/NetBurner.a(ip.o) (DumpTcpPacket(IPPKT*))
C:\nburn/lib/NetBurner.a(extraio.o)
                              C:\nburn/lib/MOD5441X.a(serial.o) (GetExtraFD)
C:\nburn/lib/NetBurner.a(iosys.o)
                              C:\nburn/lib/MOD5441X.a(serial.o) (FD_ZERO)
C:\nburn/lib/NetBurner.a(autoip.o)
                              C:\nburn/lib/NetBurner.a(arp.o) (AutoIPClient::addressCollision())
C:\nburn/lib/NetBurner.a(defappname.o)
                              C:\nburn/lib/NetBurner.a(udp.o) (AppName)
C:\nburn/lib/NetBurner.a(netinterface.o)
                              C:\nburn/lib/NetBurner.a(ip.o) (GetFirstInterface())
C:\nburn/lib/NetBurner.a(taskmon.o)
                              Sensor_Interface_Board_v7.o (EnableTaskMonitor())
C:\nburn/lib/NetBurner.a(smarttrap.o)
                              Sensor_Interface_Board_v7.o (EnableSmartTraps())
C:\nburn/lib/NetBurner.a(autoupdate.o)
                              Sensor_Interface_Board_v7.o (EnableAutoUpdate)
C:\nburn/lib/NetBurner.a(device.o)
                              C:\nburn/lib/NetBurner.a(main.o) (DeviceInitializeSem)
C:\nburn/lib/NetBurner.a(new_ops.o)
                              C:\nburn/lib/NetBurner.a(autoip.o) (operator new(unsigned long))
C:\nburn/lib/MOD5441X.a(flash.o)
                              C:\nburn/lib/NetBurner.a(system.o) (FlashErase)
C:\nburn/lib/MOD5441X.a(ethernet.o)
                              C:\nburn/lib/NetBurner.a(netinterface.o) (AddEthernetInterface())
C:\nburn/lib/MOD5441X.a(etherprint.o)
                              C:\nburn/lib/MOD5441X.a(ethernet.o) (EtherLink())
C:\nburn/lib/MOD5441X.a(emulticast.o)
                              C:\nburn/lib/MOD5441X.a(ethernet.o) (EthEnableMulticast(MACADR))
C:\nburn/lib/NetBurner.a(netrx.o)
                              C:\nburn/lib/MOD5441X.a(ethernet.o) (NetDoRX(pool_buffer*, unsigned short, int))
c:/nburn/gcc-m68k/bin/../lib/gcc/m68k-elf/4.2.1/m5206e\libgcc.a(_double.o)
                              Sensor_Interface_Board_v7.o (__adddf3)
c:/nburn/gcc-m68k/bin/../lib/gcc/m68k-elf/4.2.1/m5206e\libgcc.a(_floatex.o)
                              c:/nburn/gcc-m68k/bin/../lib/gcc/m68k-elf/4.2.1/m5206e\libgcc.a(_double.o) (_fpCCR)
c:/nburn/gcc-m68k/bin/../lib/gcc/m68k-elf/4.2.1/m5206e\libgcc.a(_eqdf2.o)
                              C:\nburn/lib/MOD5441X.a(HiResTimer.o) (__eqdf2)
[...]
Memory Configuration

Name             Origin             Length             Attributes
ram              0x40000400         0x03fffcff         xrw
SRAM             0x80000400         0x0000fbf0         xrw
*default*        0x00000000         0xffffffff

Linker script and memory map

LOAD c:/nburn/gcc-m68k/bin/../lib/gcc/m68k-elf/4.2.1/../../../../m68k-elf/lib/m5206e\nb-crt0.o
LOAD c:/nburn/gcc-m68k/bin/../lib/gcc/m68k-elf/4.2.1/m5206e/crtbegin.o
LOAD Sensor_Interface_Board_v7.o
LOAD SIB_initPINS.o
LOAD SIB_SendtoNAVCOMP.o
LOAD Ranging_Radio.o
LOAD Laser_rangefinder.o
LOAD C:\nburn/MOD5441X/lib/sys.ld
                0x40000000                ovector_base = 0x40000000
                0x80000000                vector_base = 0x80000000
                0x80000400                SRAM_START_ADDR = 0x80000400
                0x80010000                SRAM_END_ADDR = 0x80010000
                0xc0000000                gConfigRec = 0xc0000000
                0xc0020000                UserParamBase = 0xc0020000
                0xc0040000                FlashAppBase = 0xc0040000
                0xec008000                sim1 = 0xec008000
                0xfc004000                sim2 = 0xfc004000
                0xfc0d4008                DBETHER_EMIR_REG = 0xfc0d4008
START GROUP
LOAD C:\nburn/lib/MOD5441X.a
LOAD C:\nburn/lib/NetBurner.a
LOAD C:\nburn/lib/FatFile.a
LOAD C:\nburn\lib\debugLibrary.a
LOAD C:\nburn\lib\Lua_Full.a
END GROUP
LOAD c:/nburn/gcc-m68k/bin/../lib/gcc/m68k-elf/4.2.1/../../../../m68k-elf/lib/m5206e\libstdc++.a
LOAD c:/nburn/gcc-m68k/bin/../lib/gcc/m68k-elf/4.2.1/../../../../m68k-elf/lib/m5206e\libm.a
LOAD c:/nburn/gcc-m68k/bin/../lib/gcc/m68k-elf/4.2.1/m5206e\libgcc.a
LOAD c:/nburn/gcc-m68k/bin/../lib/gcc/m68k-elf/4.2.1/../../../../m68k-elf/lib/m5206e\libc.a
LOAD c:/nburn/gcc-m68k/bin/../lib/gcc/m68k-elf/4.2.1/m5206e\libgcc.a
LOAD c:/nburn/gcc-m68k/bin/../lib/gcc/m68k-elf/4.2.1/m5206e/crtend.o
START GROUP
LOAD c:/nburn/gcc-m68k/bin/../lib/gcc/m68k-elf/4.2.1/../../../../m68k-elf/lib/m5206e\libc.a
LOAD c:/nburn/gcc-m68k/bin/../lib/gcc/m68k-elf/4.2.1/m5206e\libgcc.a
LOAD c:/nburn/gcc-m68k/bin/../lib/gcc/m68k-elf/4.2.1/../../../../m68k-elf/lib/m5206e\libm.a
END GROUP
                0x00000000                __DYNAMIC = 0x0
                0x44000000                PROVIDE (__stack, 0x44000000)
                0x00000000                PROVIDE (hardware_init_hook, 0x0)
                0x00000000                PROVIDE (_hardware_init_hook, 0x0)
                0x00000000                PROVIDE (software_init_hook, 0x0)
                0x00000000                PROVIDE (_software_init_hook, 0x0)

.SRAM_SECT      0x80000400     0x8d20
                0x80000400                SRAM_START = .
 *(SYS_VAR_SECT)
 SYS_VAR_SECT   0x80000400      0x388 C:\nburn/lib/MOD5441X.a(dspi.o)
                0x80000404                fakeRXData
                0x80000408                driverCxt
                0x80000400                fakeTXData
 SYS_VAR_SECT   0x80000788      0x238 C:\nburn/lib/NetBurner.a(ucos.o)
                0x800008b4                TimeTick
                0x800008a4                OSLockNesting
                0x800008ae                OSRunning
                0x80000890                OSTCBList
                0x800008b8                OSMapTbl
                0x800008b0                Secs
                0x8000089c                OSTCBFreeList
                0x800008ac                OSISRLevel
                0x80000898                OSTCBHighRdy
                0x800008a8                OSRdyGrp
                0x800008c0                OSUnMapTbl
                0x80000888                OSRdyTbl
                0x800008a0                OSIntNesting
                0x80000894                OSTCBCur
                0x80000788                OSTCBPrioTbl
 SYS_VAR_SECT   0x800009c0      0x1ac C:\nburn/lib/NetBurner.a(ucosmain.o)
                0x800009c0                OSTcbStructSize
                0x800009d8                critical_count
                0x800009dc                OSTCBTbl
 SYS_VAR_SECT   0x80000b6c       0x1c C:\nburn/lib/NetBurner.a(fileio.o)
                0x80000b84                pExtraFdFunc
 SYS_VAR_SECT   0x80000b88       0x20 C:\nburn/lib/NetBurner.a(iosys.o)
                0x80000b88                read_file_sets
                0x80000b98                error_file_sets
                0x80000b90                write_file_sets
                0x80000ba8                SYS_VAR_SECT_END = .
                0x80000bb0                . = ALIGN (0x10)
 *fill*         0x80000ba8        0x8 00
 *(IDLE_STK_SECT)
                0x80000bb0                IDLE_STK_SECT_END = .
                0x80000bb0                . = ALIGN (0x10)
 *(MAIN_STK_SECT)
 MAIN_STK_SECT  0x80000bb0     0x2000 C:\nburn/lib/NetBurner.a(main.o)
                0x80000bb0                MainStk
                0x80002bb0                MAIN_STK_SECT_END = .
                0x80002bb0                . = ALIGN (0x4)
 *(ETHER_VAR_SECT)
 ETHER_VAR_SECT
                0x80002bb0      0x110 C:\nburn/lib/MOD5441X.a(ethernet.o)
                0x80002c86                TxcPosts
                0x80002c8a                TxcSems
                0x80002bb0                EthernetMac
                0x80002c7e                LastIsrStatus
                0x80002be0                RxBD
                0x80002c70                TxBDFlag
                0x80002c8e                RxIsr
                0x80002c9c                PHY_addr
                0x80002c82                RxPosts
                0x80002c9e                PHY_ID
                0x80002c96                bEthLink
                0x80002c64                RxBDFlag
                0x80002c7a                last_rxbd
                0x80002c30                RxBDpp
                0x80002c98                phy_data_pd
                0x80002bb6                nTx
                0x80002c92                TxIsr
                0x80002c58                TxBDpp
                0x80002bc0                TxBD
                0x80002cc0                ETHER_VAR_SECT_END = .
                0x80002cc0                . = ALIGN (0x10)
 *(ETHER_STK_SECT)
 ETHER_STK_SECT
                0x80002cc0     0x2000 C:\nburn/lib/MOD5441X.a(ethernet.o)
                0x80002cc0                EtherSendStk
                0x80004cc0                ETHER_STK_SECT_END = .
                0x80004cc0                . = ALIGN (0x4)
 *(IP_VAR_SECT)
 IP_VAR_SECT    0x80004cc0      0x2fa C:\nburn/lib/NetBurner.a(ip.o)
                0x80004cc2                bTTL_Default
                0x80004fb2                next_arp_time
                0x80004cc4                ipRxFifo
                0x80004cf6                multi_home_if_record
                0x80004cd6                IcmpFifo
                0x80004cf2                nAdditional_Homes
                0x80004cc0                wGlobalPktId
                0x80004ce6                pPromisciousPacketFunc
                0x80004cee                pFragFunc
                0x80004cea                pMultiCastFunc
                0x80004fb6                delay
                0x80004ce2                pAutoIPTick
                0x80004cde                pMultiTick
                0x80004cda                pDHCPTick
                0x80004d1e                multi_if_block
 IP_VAR_SECT    0x80004fba       0x74 C:\nburn/lib/NetBurner.a(udp.o)
                0x8000502a                UdpNetbiosNameServicePtr
                0x80004fba                udp_fifos
                0x80005022                pDHCPProcessFunction
                0x80005026                pTaskPacketFunc
                0x8000501e                UDP_fifos_used
                0x8000502e                IP_VAR_SECT_END = .
                0x80005030                . = ALIGN (0x10)
 *fill*         0x8000502e        0x2 00
 *(IP_STK_SECT)
 IP_STK_SECT    0x80005030     0x2000 C:\nburn/lib/NetBurner.a(ip.o)
                0x80005030                IPStk
                0x80007030                IP_STK_SECT_END = .
                0x80007030                . = ALIGN (0x4)
 *(TCP_VAR_SECT)
 TCP_VAR_SECT   0x80007030       0x1e C:\nburn/lib/NetBurner.a(tcp.o)
                0x80007040                TCP_TimerSemaphore
                0x80007030                TCP_critical_section
                0x8000704e                TCP_VAR_SECT_END = .
                0x80007050                . = ALIGN (0x10)
 *fill*         0x8000704e        0x2 00
 *(TCP_STK_SECT)
 TCP_STK_SECT   0x80007050     0x2000 C:\nburn/lib/NetBurner.a(tcp.o)
                0x80007050                TCPStk
                0x80009050                TCP_STK_SECT_END = .
                0x80009050                . = ALIGN (0x10)
 *(HTTP_STK_SECT)
                0x80009050                HTTP_STK_SECT_END = .
                0x80009050                . = ALIGN (0x10)
 *(FTP_STK_SECT)
                0x80009050                FTP_STK_SECT_END = .
                0x80009050                . = ALIGN (0x10)
 *(WIFI_STK_SECT)
                0x80009050                WIFI_STK_SECT_END = .
                0x80009050                . = ALIGN (0x10)
 *(PPP_STK_SECT)
                0x80009050                PPP_STK_SECT_END = .
                0x80009050                . = ALIGN (0x10)
 *(COMMAND_STK_SECT)
                0x80009050                COMMAND_STK_SECT_END = .
                0x80009050                . = ALIGN (0x4)
 *(USER_VAR_SECT)
 USER_VAR_SECT  0x80009050       0xac C:\nburn/lib/MOD5441X.a(HiResTimer.o)
                0x800090f8                HiResTimer::timerCreated
                0x80009050                HiResTimer::timers
                0x800090fc                USER_VAR_SECT_END = .
                0x80009100                . = ALIGN (0x10)
 *fill*         0x800090fc        0x4 00
 *(USER_STK_SECT)
                0x80009100                USER_STK_SECT_END = .
                0x80009100                BUFFERS_SECT_START = .
                0x80009100                . = ALIGN (0x10)
 *(BUFFERS_VAR_SECT)
 BUFFERS_VAR_SECT
                0x80009100       0x1c C:\nburn/lib/NetBurner.a(buffers.o)
                0x80009100                FAST_BUFFER_POOL_SIZE
                0x8000910e                free_fast_list
                0x80009118                free_list_is_initialized
                0x80009104                free_list
                0x80009120                . = ALIGN (0x10)
 *fill*         0x8000911c        0x4 00
                0x80009120                BUFFERS_VAR_SECT_END = .
                0x80009120                . = ALIGN (0x10)
                0x80009120                SRAM_END = .

.text           0x40000400    0x2baf0
 *(.text)
 .text          0x40000400       0xaa c:/nburn/gcc-m68k/bin/../lib/gcc/m68k-elf/4.2.1/../../../../m68k-elf/lib/m5206e\nb-crt0.o
                0x40000400                start
 *fill*         0x400004aa        0x2 00
 .text          0x400004ac       0x9c c:/nburn/gcc-m68k/bin/../lib/gcc/m68k-elf/4.2.1/m5206e/crtbegin.o
 .text          0x40000548      0xa1c Sensor_Interface_Board_v7.o
                0x40000634                GetADResult(int)
                0x4000061c                ADDone()
                0x4000086c                UserMain
                0x40000654                FiftyHzTask()
                0x400007f4                initTIMERS(HiResTimer*)
                0x40000600                StartAD()
                0x40000de8                NAVcompData(void*)
                0x40000548                InitSingleEndAD()
 .text          0x40000f64      0x37c SIB_initPINS.o
                0x40000f64                initPINS
 .text          0x400012e0      0x1ae SIB_SendtoNAVCOMP.o
                0x400012e0                SendtoNAVCOMP
 *fill*         0x4000148e        0x2 00
 .text          0x40001490      0x272 Ranging_Radio.o
                0x40001490                crc16
                0x40001504                ReadRadio
 *fill*         0x40001702        0x2 00
 .text          0x40001704       0x7a Laser_rangefinder.o
                0x40001704                ReadLaser
 *fill*         0x4000177e        0x2 00
 .text          0x40001780      0x374 C:\nburn/lib/MOD5441X.a(bsp.o)
                0x40001918                _sbrk_r
                0x400019d8                HardwareSetup
                0x40001868                DisableCache
                0x40001970                spaceleft
                0x40001784                Tick5441X
                0x400019bc                ForceReboot
                0x400019a8                BspGetTickFraction
                0x40001780                xTick
                0x40001964                atexit
                0x400018e0                EnableCache
                0x400017a0                SetIntc
 .text          0x40001af4     0x1d9e C:\nburn/lib/MOD5441X.a(serial.o)
                0x40001b20                WakeTx(int)
                0x40001af4                FdSerialMap(int)
                0x40002a80                SerialClose
                0x40002110                fake_SER_7_ISR()
                0x40003794                real_SER_5_ISR
                0x40002a0c                SendBreak
                0x40003244                OpenSerial
                0x40002544                GetUartErrorReg
                0x40001e84                fake_SER_0_ISR()
                0x40002168                SER_8_ISR
                0x40001f2c                real_SER_1_ISR
                0x400037d4                real_SER_4_ISR
                0x4000278c                fShowSerialData(__sFILE*)
                0x400036d4                real_SER_8_ISR
                0x40002068                fake_SER_5_ISR()
                0x400020c0                SER_6_ISR
                0x40001f6c                fake_SER_2_ISR()
                0x400026bc                SerialSendComplete
                0x4000220c                SerialEnableTxFlow
                0x40002254                SerialEnableRxFlow
                0x40003714                real_SER_7_ISR
                0x40001bb4                DoSerIsr(int)
                0x40002440                Serial485HalfDupMode
                0x40003814                real_SER_3_ISR
                0x400021bc                SER_9_ISR
                0x40001fc4                SER_3_ISR
                0x400021b8                fake_SER_9_ISR()
                0x4000206c                SER_5_ISR
                0x40003658                real_SER_0_ISR
                0x40002390                SerialEnableHwRxFlow
                0x40002d60                serread
                0x40003080                BasePutChar(int, unsigned char)
                0x40002d7c                BaseGetChar(int)
                0x40003854                real_SER_2_ISR
                0x40002018                SER_4_ISR
                0x40001edc                SER_1_ISR
                0x40002b74                serreadwto
                0x400031a4                InitializeMaps()
                0x40001e88                SER_0_ISR
                0x40002f84                serwriteaddress
                0x40002114                SER_7_ISR
                0x40003694                real_SER_9_ISR
                0x40002e3c                serwrite
                0x4000273c                SerialExpandRxBuffer(int, int)
                0x40002b50                serexternalclose
                0x400020bc                fake_SER_6_ISR()
                0x40001f70                SER_2_ISR
                0x40002014                fake_SER_4_ISR()
                0x40002164                fake_SER_8_ISR()
                0x40001ed8                fake_SER_1_ISR()
                0x40001fc0                fake_SER_3_ISR()
                0x40003754                real_SER_6_ISR
                0x400022a0                SerialEnableHwTxFlow
 *fill*         0x40003892        0x2 00
 .text          0x40003894     0x1d06 C:\nburn/lib/MOD5441X.a(pins.o)
                0x40003894                PinIO::set(unsigned char)
                0x40004e28                PinIO::function(int)
                0x4000438c                PinIO::drive()
                0x40005538                CReadPin
                0x400047b8                PinIO::read()
                0x4000555c                CGPInPin
 *fill*         0x4000559a        0x2 00
 .text          0x4000559c      0xaf0 C:\nburn/lib/MOD5441X.a(HiResTimer.o)
                0x40005854                HiResTimer::HiResTimer(int)
                0x4000569c                Timer3_Interrupt
                0x40005e14                HiResTimer::clockGenerator(double)
                0x40005888                HiResTimer::operator=(HiResTimer const&)
                0x400055f4                Timer1_Interrupt
                0x40005ec8                HiResTimer::pollingDelay(double)
                0x400055a0                Timer0_Interrupt
                0x400058e4                HiResTimer::getHiResTimer(int)
                0x40006020                real_Timer1_Interrupt
                0x400055f0                fake_Timer1_Interrupt()
                0x40005a0c                HiResTimer::toString()
                0x400056ec                HiResTimer::readTime()
                0x40005804                HiResTimer::releaseTimer()
                0x40005c18                HiResTimer::init(double)
                0x40005698                fake_Timer3_Interrupt()
                0x4000559c                fake_Timer0_Interrupt()
                0x40005fb4                real_Timer2_Interrupt
                0x40005644                fake_Timer2_Interrupt()
                0x40005f48                real_Timer3_Interrupt
                0x40005b94                HiResTimer::delay_uSec(unsigned long)
                0x40005820                HiResTimer::HiResTimer(int)
                0x40005e88                HiResTimer::pollingDelay_refTicks(unsigned long)
                0x40005a8c                HiResTimer::init_ticks(unsigned long)
                0x40005648                Timer2_Interrupt
                0x40005d34                real_Timer0_Interrupt
                0x40005da0                HiResTimer::delay(double)
 .text          0x4000608c     0x1c6a C:\nburn/lib/MOD5441X.a(dspi.o)
                0x40007ce0                real_dspi0_int_routine
                0x40007450                real_dspi2_rx_dma_int_routine
                0x4000683c                canDoDMA(unsigned char, unsigned char*, unsigned char volatile*)
                0x400067ec                dspi3_int_routine
                0x4000659c                fake_dspi2_rx_dma_int_routine()
                0x400064f8                dspi1_rx_dma_int_routine
                0x400068ac                DSPIdone(unsigned char)
                0x400074ec                real_dspi0_tx_dma_int_routine
                0x40007484                real_dspi1_tx_dma_int_routine
                0x400073b4                real_dspi3_tx_dma_int_routine
                0x4000644c                fake_dspi0_rx_dma_int_routine()
                0x40006798                dspi2_int_routine
                0x40006648                dspi3_rx_dma_int_routine
                0x4000608c                setupDSPI_Dma(int, dspistruct volatile&)
                0x40006794                fake_dspi2_int_routine()
                0x40006940                DSPIInit(unsigned char, unsigned long, unsigned char, unsigned char, unsigned char, unsigned char, unsigned char, unsigned char, unsigned char, unsigned char)
                0x40006740                fake_dspi1_int_routine()
                0x40007cc8                real_dspi1_int_routine
                0x40006548                fake_dspi1_tx_dma_int_routine()
                0x40007cb0                real_dspi2_int_routine
                0x400065a0                dspi2_rx_dma_int_routine
                0x40006644                fake_dspi3_rx_dma_int_routine()
                0x400064a0                fake_dspi0_tx_dma_int_routine()
                0x400075a4                DSPI_Isr_cleanup(unsigned int, dspistruct volatile&, unsigned long, unsigned long)
                0x400064f4                fake_dspi1_rx_dma_int_routine()
                0x400073e8                real_dspi3_rx_dma_int_routine
                0x400065f0                fake_dspi2_tx_dma_int_routine()
                0x400065f4                dspi2_tx_dma_int_routine
                0x400066ec                fake_dspi0_int_routine()
                0x400066f0                dspi0_int_routine
                0x40007ad8                DSPIStart(unsigned char, unsigned char*, unsigned char volatile*, unsigned long, os_sem*, unsigned char)
                0x40006698                fake_dspi3_tx_dma_int_routine()
                0x4000654c                dspi1_tx_dma_int_routine
                0x4000751c                real_dspi0_rx_dma_int_routine
                0x4000669c                dspi3_tx_dma_int_routine
                0x400067e8                fake_dspi3_int_routine()
                0x40007618                DSPI_Isr(unsigned int, dspistruct volatile*)
                0x40006744                dspi1_int_routine
                0x4000754c                DSPI_Isr_done(unsigned int, dspistruct volatile&)
                0x40007c98                real_dspi3_int_routine
                0x400074b8                real_dspi1_rx_dma_int_routine
                0x40006450                dspi0_rx_dma_int_routine
                0x4000741c                real_dspi2_tx_dma_int_routine
                0x400064a4                dspi0_tx_dma_int_routine
 *fill*         0x40007cf6        0x2 00
 .text          0x40007cf8       0xbc C:\nburn/lib/MOD5441X.a(localio.o)
                0x40007cf8                GetUartRecord
                0x40007d3c                GetDefUart
                0x40007d50                LocalInByte
                0x40007d6c                LocalOutByte
                0x40007da0                LocalCharAvail
 *fill*         0x40007db4        0xc 00
 .text          0x40007dc0      0x44a C:\nburn/lib/NetBurner.a(ucosmcfa.o)
                0x40007ea0                OSDebugTraceHalt
                0x40007dc0                OSStartHighRdy
                0x40007eb0                TrapOutByte
                0x40007ee0                memcpy
                0x40007ee0                fmemcpy
                0x40007de0                OSCtxSw
                0x40007ed0                TrapCharAvail
                0x40007e10                OSIntCtxSw
                0x40007ec0                TrapInByte
                0x40007e40                OSTickISR
                0x40007fb0                memcpysum
                0x40007e80                OSSetupVBR
                0x400081e0                GetSR_IntLevel
                0x40008140                memset
                0x40008140                fmemset
                0x400081f0                SetSR_IntLevel
 *fill*         0x4000820a        0x2 00
 .text          0x4000820c        0x8 C:\nburn/lib/NetBurner.a(software_init.o)
                0x4000820c                software_init_hook
 .text          0x40008214      0x320 C:\nburn/lib/NetBurner.a(ucosmcfc.o)
                0x400084fc                OSTaskCreate
                0x40008528                TopOfStackKillfunction
                0x400082d0                OSTaskCreatewName
                0x40008214                OSTCBInit
                0x4000852c                KillFunctionLink
 .text          0x40008534     0x1de4 C:\nburn/lib/NetBurner.a(ucos.o)
                0x40009eb8                OSCritEnterNoWait
                0x400085e4                UCOSWAITS_HERE
                0x40009b64                OSFifoPostFirst
                0x40009f2c                OSCritLeave
                0x40009cc4                getpid
                0x400087f0                OSLock
                0x40009634                OSQPostFirst
                0x4000a044                OSTaskID
                0x40009420                OSQPendNoWait
                0x4000a05c                OSSetName
                0x4000a084                OSIntExit
                0x40008c74                OSSemPendNoWait
                0x4000895c                OSTaskDelete
                0x40008818                OSUnlock
                0x40009cdc                OSCritInit
                0x4000949c                OSQPost
                0x40009d18                OSCritEnter
                0x40009820                OSFifoPend
                0x40008ad4                OSSemPend
                0x40008e40                OSMboxInit
                0x4000905c                OSMboxPost
                0x400097d4                OSFifoInit
                0x40009238                OSQPend
                0x40008560                OSSched
                0x4000861c                OSTimeDly
                0x40008cb4                OSSemPost
                0x40008858                OSChangePrio
                0x400087c0                OSTCBGetFree
                0x400085f4                OSIntEnterWAS
                0x4000901c                OSMboxPendNoWait
                0x40009a04                OSFifoPost
                0x40008a74                OSSemInit
                0x4000a120                OSStart
                0x400086d4                OSTimeTick
                0x400091c4                OSQInit
                0x4000a070                OSTaskName
                0x400099b4                OSFifoPendNoWait
                0x40008e88                OSMboxPend
                0x4000a19c                OSInit
                0x400086b4                OSChangeTaskDly
 .text          0x4000a318      0x1b8 C:\nburn/lib/NetBurner.a(ucosmain.o)
                0x4000a3f4                __malloc_unlock
                0x4000a318                UCosBegin
                0x4000a414                balloc_lock
                0x4000a454                UCosSetup
                0x4000a3d8                balloc_unlock
                0x4000a434                __malloc_lock
 .text          0x4000a4d0      0x5f8 C:\nburn/lib/NetBurner.a(fileio.o)
                0x4000a660                ioctl
                0x4000a4d0                isatty
                0x4000a5b8                CurrentStdioFD
                0x4000a630                lseek
                0x4000a508                ReplaceStdio
                0x4000a6cc                write
                0x4000a4ec                fstat
                0x4000a7fc                rawwrite
                0x4000aa08                stdioinbyte
                0x4000a880                read
                0x4000a5e8                outbyte
                0x4000a648                open
                0x4000a600                charavail
                0x4000a5dc                fcntl
                0x4000aa80                close
 .text          0x4000aac8      0x6d8 C:\nburn/lib/NetBurner.a(system.o)
                0x4000ab40                GetUserParameters
                0x4000aea0                UpdateConfigRecord_Num
                0x4000ab14                RawGetConfig
                0x4000aac8                isvalidcr
                0x4000b05c                SetupDialog
                0x4000abb8                ReadLine
                0x4000b048                UpdateConfigRecord
                0x4000ad78                IpQuestion
                0x4000ae2c                SaveUserParameters
                0x4000ab50                ShowChange
 .text          0x4000b1a0       0x78 C:\nburn/lib/NetBurner.a(main.o)
                0x4000b1d8                main
                0x4000b1a0                __do_global_ctors
 .text          0x4000b218      0xbe0 C:\nburn/lib/NetBurner.a(utils.o)
                0x4000bc04                fShowMac
                0x4000b408                FancyDump(unsigned char*, int)
                0x4000bc94                ShowCounters
                0x4000b350                convertHexAsciiToBinary
                0x4000b5c8                ShowData
                0x4000b218                kill
                0x4000bcfc                fShowCounters
                0x4000bbc4                fShowIP
                0x4000b228                _fini
                0x4000b534                ShowIP
                0x4000b234                AsciiToIp
                0x4000bd74                sShowCounters
                0x4000bc60                DiagMenuPicker(int, unsigned char)
                0x4000b570                ShowMac
                0x4000b2b8                convertBinaryToHexAscii
                0x4000b3f0                __builtin_delete
                0x4000b220                _exit
 .text          0x4000bdf8     0x1aaa C:\nburn/lib/NetBurner.a(ip.o)
                0x4000c248                FixUpICMP(IPPKT*, unsigned char, unsigned char, unsigned char*, unsigned short)
                0x4000bfb8                IsMultiCast(unsigned long)
                0x4000cbe8                FixHeaderAndSend(pool_buffer*, IPPKT*)
                0x4000c55c                DoIPPacket(pool_buffer*, EFRAME*, unsigned short)
                0x4000beb4                GetSum20
                0x4000cee4                PingViaInterface
                0x4000c4fc                SaveError(pool_buffer*)
                0x4000c86c                process_icmp(pool_buffer*, IPPKT*, unsigned short)
                0x4000c0f4                IpProcessEthernetPacket
                0x4000c720                FixHeaderAndSendViaInterface(pool_buffer*, IPPKT*, int)
                0x4000d160                ShowIPBuffer(pool_buffer*)
                0x4000cd48                SendICMPError(pool_buffer*, unsigned char, unsigned char)
                0x4000c360                InitializeStack(unsigned long, unsigned long, unsigned long, unsigned long)
                0x4000c008                GetData(IPPKT*)
                0x4000c484                InitializeCStack
                0x4000cff4                Ping
                0x4000bdf8                GetSum
                0x4000c490                GetMultiHomeInterface(unsigned long, int)
                0x4000c540                IsMyIp
                0x4000c304                IsBroadCast(unsigned long, int)
                0x4000c2b0                KillStack
                0x4000c034                PrepareIPOutput(pool_buffer*, unsigned long, unsigned short)
                0x4000bfd8                GetMultiAddress(unsigned long)
                0x4000ce1c                SendPing
                0x4000beec                GetSumHdr
                0x4000c2bc                IsLocal(unsigned long, int)
                0x4000d028                GetLocalIPInterface(unsigned long)
                0x4000d080                AddInterface(unsigned long, unsigned long, unsigned long, int)
                0x4000c988                IPTask(void*)
 *fill*         0x4000d8a2        0x2 00
 .text          0x4000d8a4      0xef8 C:\nburn/lib/NetBurner.a(buffers.o)
                0x4000d988                FreeBufferList
                0x4000dd94                fifo_buffer_storage::Full()
                0x4000de84                ShowBuffer
                0x4000e168                fifo_buffer_storage::Reset(unsigned char)
                0x4000d9b8                InitBuffers
                0x4000dae4                buffer_list::InsertBefore(pool_buffer*, pool_buffer*)
                0x4000dcbc                GetBuffer
                0x4000de64                fifo_buffer_storage::fifo_buffer_storage(unsigned char, unsigned char)
                0x4000dd7c                fifo_buffer_storage::Empty()
                0x4000e5e0                fifo_buffer_storage::ReadDatawSum(unsigned char*, int, unsigned long&)
                0x4000dd68                fifo_buffer_storage::SpaceUsed()
                0x4000d8a4                ShowBuffers()
                0x4000d8d0                buffer_list::InsertHead(pool_buffer*)
                0x4000dfb0                GetFreeCount
                0x4000d8b4                IncUsageCount
                0x4000de44                fifo_buffer_storage::fifo_buffer_storage(unsigned char, unsigned char)
                0x4000da80                buffer_list::InsertTail(pool_buffer*)
                0x4000e228                fifo_buffer_storage::~fifo_buffer_storage()
                0x4000e318                fifo_buffer_storage::SetMaxBuffers(unsigned char)
                0x4000e028                fifo_buffer_storage::ReadData(unsigned char*, int)
                0x4000dddc                fifo_buffer_storage::Init(unsigned char, unsigned char)
                0x4000d8ac                DumpBuffers()
                0x4000dc54                buffer_list::RemoveHead()
                0x4000dbcc                buffer_list::Remove(pool_buffer*)
                0x4000dd08                buffer_list::RemoveTail()
                0x4000e23c                fifo_buffer_storage::LongSpaceAvail()
                0x4000e3a8                fifo_buffer_storage::WriteData(unsigned char*, int)
                0x4000d940                FreeBuffer
                0x4000db58                buffer_list::InsertAfter(pool_buffer*, pool_buffer*)
                0x4000e2f4                fifo_buffer_storage::SpaceAvail()
                0x4000e214                fifo_buffer_storage::~fifo_buffer_storage()
 .text          0x4000e79c     0x1922 C:\nburn/lib/NetBurner.a(arp.o)
                0x4000f4d0                FindAddArp(unsigned long)
                0x4000e8f8                sendGratuitousArp(int)
                0x4000e7c4                MacEqual(MACADR, MACADR)
                0x4000eb00                InitializeArp()
                0x4000eba8                FindArp(unsigned long)
                0x4000ee04                SendArp(ArpRecord*, int)
                0x4000eab4                GetInterface(unsigned long)
                0x4000fdb4                AddCheckArp(MACADR*, unsigned long, int)
                0x4000e824                SetMac(ArpRecord*, MACADR, int)
                0x4000f30c                DeleteArpFromIp(unsigned long)
                0x4000ecac                GetArpMacFromIp(unsigned long, MACADR&)
                0x4000f8dc                RouteOutVia(EFRAME*, unsigned long, pool_buffer*, int)
                0x4000ed60                GetProperInterface(unsigned long)
                0x4000f420                FreeOneArp()
                0x4000fe40                processArp(pool_buffer*, EFRAME*)
                0x4000e8bc                NeedsArp(int)
                0x4000ef34                GetNextArp(ArpRecord*)
                0x4000e9c8                RawSendArp(ArpRecord*, unsigned long, int)
                0x4000f32c                AgeArp()
                0x4000fafc                RouteOut(EFRAME*, unsigned long, pool_buffer*)
                0x4000effc                ShowArp()
                0x4000f13c                DeleteArp(ArpRecord*)
                0x4000efa4                GetFirstArp()
                0x4000ee70                GetSrcIp
                0x4000f76c                IsMyAddressUsedArpDetect(unsigned short, int)
                0x4000e7bc                Cleanup()
                0x4000e79c                IsNull(ArpRecord*)
                0x4000f090                fShowArp(__sFILE*)
                0x4000ed04                AddPending(MACADR*, unsigned long, int)
 *fill*         0x400100be        0x2 00
 .text          0x400100c0     0x1404 C:\nburn/lib/NetBurner.a(udp.o)
                0x40010988                UDPPacket::Send(unsigned long, unsigned char)
                0x40010208                UDPPacket::SetDestinationPort(unsigned short)
                0x400102cc                UDPPacket::GetPacketId()
                0x40010318                UDPPacket::GetSourceAddress()
                0x400110d4                UDPPacket::UDPPacket()
                0x400106c4                UDPPacket::AddDataByte(unsigned char)
                0x40010aa0                UDPPacket::SendAndKeep(unsigned long, unsigned char)
                0x40010618                UDPPacket::AddData(unsigned char*, unsigned short)
                0x4001033c                RegisterUDPFifo(unsigned short, os_fifo*)
                0x4001070c                UDPPacket::AddData(char const*)
                0x40010134                UDPPacket::UDPPacket(pool_buffer*)
                0x400107cc                UDPPacket::SendViaInterface(unsigned long, int, unsigned char)
                0x400102b4                UDPPacket::GetIpPacket()
                0x400108f4                UDPPacket::SendVia(unsigned long, unsigned long, unsigned char)
                0x40010b10                UDPPacket::~UDPPacket()
                0x400100c0                GetUdpFifoRec(unsigned short)
                0x40010244                UDPPacket::GetDataBuffer()
                0x40010404                RegisterUDPFifoWithNotify(unsigned short, os_fifo*, void (*)(os_fifo*, unsigned short))
                0x40010180                UDPPacket::UDPPacket(pool_buffer*)
                0x40010278                UDPPacket::GetDataSize() const
                0x40010b7c                ProcessIDPacket(UDPPacket&, int)
                0x400106e8                UDPPacket::AddDataWord(unsigned short)
                0x40011118                process_udp(pool_buffer*, IPPKT*, unsigned short)
                0x4001073c                UDPPacket::Validate()
                0x40010224                UDPPacket::GetDestinationPort() const
                0x400104cc                UnregisterUDPFifo(unsigned short)
                0x40011404                UDPPacket::UDPPacket(os_fifo*, unsigned long)
                0x40010258                UDPPacket::SetDataSize(unsigned short)
                0x40010594                FixIDDataPacket(UDPPacket&, _InterfaceBlock*)
                0x400102a0                UDPPacket::ResetData()
                0x40010ae8                UDPPacket::~UDPPacket()
                0x40011464                UDPPacket::UDPPacket(os_fifo*, unsigned long)
                0x40010934                UDPPacket::SendAndKeepVia(unsigned long, unsigned long, unsigned char)
                0x400101cc                UDPPacket::SetSourcePort(unsigned short)
                0x400101e8                UDPPacket::GetSourcePort() const
                0x400105f0                FixIDDataPacket(UDPPacket&, int)
                0x40010b38                UDPPacket::UDPPacket()
                0x400102f4                UDPPacket::GetDestinationAddress()
 .text          0x400114c4     0x538a C:\nburn/lib/NetBurner.a(tcp.o)
                0x40012be4                SendTcpRst(IPPKT*)
                0x40011b00                GetTcpState(int)
                0x40012e28                InitTCP()
                0x400155ac                _Socket_Private_read
                0x40011ab4                ShortSocketList::ShortSocketList()
                0x40011b60                SetOutOfOrderbuffers(int, unsigned char)
                0x40011734                GetSocketRemotePort(int)
                0x40012354                socket_struct::MyAdvertisedWindow()
                0x400121f0                SetSocketTxBuffers(int, int)
                0x40011848                setsockoption(int, int)
                0x40012698                TcpSend(socket_struct*, unsigned long, pool_buffer*, unsigned short, unsigned char)
                0x40016728                TCPTimerTask(void*)
                0x40016528                process_tcp(pool_buffer*, IPPKT*, unsigned short)
                0x40013b40                socket_struct::ProcessRST()
                0x400150e8                NoBlockconnectvia(unsigned long, unsigned short, unsigned short, unsigned long)
                0x40011ba4                TcpGetLastRxTime(int)
                0x40014c3c                abortsocket
                0x40015ca4                socket_struct::ProcessDataSegment(TCPPKT*, unsigned short, unsigned char*, pool_buffer*&)
                0x40014f64                connectvia(unsigned long, unsigned short, unsigned short, unsigned long, unsigned long)
                0x400134a8                HashSocketList::RemoveSocket(socket_struct*) const
                0x400151b4                _Socket_Private_write
                0x40011880                getsockoption(int)
                0x4001481c                socket_struct::ProcessAck(TCPPKT*)
                0x400159c4                socket_struct::SaveData(unsigned char*, unsigned short, unsigned char)
                0x40013198                GetTcpRtxCount(int)
                0x40011628                fixoverlap(unsigned long, unsigned long, unsigned long&, unsigned long&)
                0x40012170                socket_struct::SetTimer(unsigned long)
                0x400150c0                connect(unsigned long, unsigned short, unsigned short, unsigned long)
                0x4001190c                HashSocketList::HashSocketList()
                0x400136ec                GetTcpSocket(TCPPKT*, unsigned long)
                0x40015138                NoBlockConnect(unsigned long, unsigned short, unsigned short, unsigned long)
                0x40011df0                TcpGetRxBufferSpaceUsed(int)
                0x40013d80                socket_struct::DoRawSend()
                0x40011e30                ShowFdTcpSocket(int)
                0x400120f4                socket_struct::ClearPending(int)
                0x4001320c                ShortSocketList::findsocket(unsigned short, unsigned short, unsigned long) const
                0x40015038                connect(unsigned long, unsigned short, unsigned short, unsigned long, unsigned long)
                0x40013124                TcpSendKeepAlive(int)
                0x400116a4                getsocketerror(int)
                0x400118f4                EnableTcpDebug(unsigned short)
                0x40016634                socket_struct::ProcessTimer()
                0x40013c5c                socket_struct::SetUpNextRetransmit()
                0x40011904                HashSocketList::HashSocketList()
                0x400153dc                SockReadWithTimeout
                0x400130b8                GetFreeSocketCount()
                0x40014ac8                socket_struct::ProcessFIN(TCPPKT*, unsigned short)
                0x400123cc                FixHeaderAndSendTcp(pool_buffer*, IPPKT*, socket_struct*)
                0x400118b0                setsocketackbuffers(int, unsigned char)
                0x40011828                socket_struct::CleanUpDeletedListener()
                0x400115e4                FindListenSocket(unsigned short, unsigned long)
                0x400124d0                TcpSendwSum(socket_struct*, unsigned long, pool_buffer*, unsigned short, unsigned char, unsigned long)
                0x400137a4                socket_struct::DoCleanup()
                0x40015ab4                socket_struct::TestOutofOrder()
                0x40011c14                TcpGetLastRxInterval(int)
                0x400114c4                GetFirstSeq()
                0x40013024                FREESOCKET(socket_struct*)
                0x4001397c                ShortSocketList::AddSocket(socket_struct*)
                0x4001443c                socket_struct::DoRetransmit(unsigned char)
                0x40011ac4                ShortSocketList::Init()
                0x400132b0                ShortSocketList::processTick()
                0x40014554                socket_struct::CoreConnect(unsigned long, unsigned short, unsigned short, unsigned long)
                0x400155c8                _Socket_Private_close
                0x40015708                accept(int, unsigned long*, unsigned short*, unsigned short)
                0x40011abc                ShortSocketList::ShortSocketList()
                0x40012230                SetSocketRxBuffers(int, int)
                0x40014e5c                listen(unsigned long, unsigned short, unsigned char)
                0x40011914                HashSocketList::Init() const
                0x4001192c                ShortSocketList::GetFreeShort()
                0x40011704                GetSocketRemoteAddr(int)
                0x40013614                HashSocketList::findsocket(unsigned short, unsigned short, unsigned long) const
                0x40011d84                WaitForSocketFlush(int, unsigned long)
                0x400118fc                DumpTcpPacket(IPPKT*)
                0x40013a84                RemoveFromUserCloseList(socket_struct*)
                0x40011508                ValidateTCP(IPPKT*, unsigned short)
                0x40013360                ShortSocketList::process(pool_buffer*, TCPPKT*, unsigned long) const
                0x400114f4                socket_struct::SetState(int)
                0x40012270                socket_struct::processoptions(pool_buffer*, TCPPKT*, IPPKT*)
                0x40014138                socket_struct::DoClose(int)
                0x40014d70                GetFreeSocket()
                0x40011764                GetSocketLocalPort(int)
                0x40013560                HashSocketList::AddSocket(socket_struct*) const
                0x40011a74                ShortSocketList::FreeShort(ShortSocket*) const
                0x40011794                socket_struct::CalcRTO(unsigned long)
                0x40012b8c                socket_struct::OpenWindow()
                0x40012cf8                SendTcpSynRst(IPPKT*)
                0x40011d34                TcpAllDataAcked(int)
                0x400140b8                clrsockoption(int, int)
                0x40011bd8                TcpGetSocketState(int)
                0x400118ec                DumpTcpDebug()
                0x400116d4                GetSocketLocalAddr(int)
                0x40015e60                socket_struct::process(pool_buffer*, TCPPKT*)
                0x40011b34                RegisterTCPReadNotify
                0x40012728                socket_struct::SendState(unsigned short, pool_buffer*)
 *fill*         0x4001684e        0x2 00
 .text          0x40016850      0x23c C:\nburn/lib/NetBurner.a(extraio.o)
                0x40016880                ExpandWrite(int, char const*, int)
                0x400168b0                ExpandClose(int)
                0x400168e0                InitExtras()
                0x4001691c                GetExtraFD
                0x40016850                ExpandRead(int, char*, int)
                0x40016a50                GetFreeExtraFDCount
                0x400169ac                FreeExtraFd
                0x400169e4                GetExtraData
                0x40016a18                GetExtraExtraData
 .text          0x40016a8c      0x69e C:\nburn/lib/NetBurner.a(iosys.o)
                0x40016ec8                SetDataAvail
                0x40016d68                writeall
                0x40016dc8                RawCheckSelects()
                0x40016e74                SetHaveError
                0x40016f04                RemoveSelect(PendingSelect*)
                0x40016e8c                SetWriteAvail
                0x40016c58                ZeroWaitSelect
                0x40016f84                AddSelect(PendingSelect*)
                0x40016bac                FD_ISSET
                0x40016b54                ClrDataAvail
                0x40016fdc                select
                0x40016b3c                ClrWriteAvail
                0x40016e40                CheckSelects()
                0x40016d0c                writestring
                0x40016c1c                countbits(fd_set*)
                0x40016a8c                FD_OVERLAP(fd_set*, fd_set*)
                0x40016cdc                dataavail
                0x40016ac8                FD_ZERO
                0x40016b6c                FD_SET
                0x40016b24                ClrHaveError
                0x40016bf8                countdwbits(unsigned long)
                0x4001707c                ReadWithTimeout
                0x40016ae0                FD_CLR
 *fill*         0x4001712a        0x2 00
 .text          0x4001712c      0x71c C:\nburn/lib/NetBurner.a(autoip.o)
                0x40017368                AutoIPClient::AutoIPClient(int)
                0x40017248                AutoIPClient::stop()
                0x40017694                AutoIPClient::arpCheck()
                0x400171b8                AutoIPClient::getNextTick()
                0x400174f0                AutoIPClient::announce()
                0x4001716c                AutoIPClient::addressCollision()
                0x400171a8                AutoIPClient::getState()
                0x400175cc                AutoIPClient::startArp()
                0x400177f0                AutoIPClient::staticTimeTick()
                0x4001712c                AutoIPClient::start()
                0x400173e4                AutoIPClient::AutoIPClient(int)
                0x400171c8                AutoIPClient::tickDelay(int)
                0x400171f0                AutoIPClient::negotiate()
                0x40017534                AutoIPClient::setRNG()
                0x40017304                AutoIPClient::~AutoIPClient()
                0x40017780                AutoIPClient::timeTick()
                0x40017280                AutoIPClient::restart()
                0x40017460                AddAutoIPInterface(int)
                0x400172a0                AutoIPClient::~AutoIPClient()
                0x40017590                AutoIPClient::generateNewIPAddr()
 .text          0x40017848        0x0 C:\nburn/lib/NetBurner.a(defappname.o)
 .text          0x40017848      0x4b2 C:\nburn/lib/NetBurner.a(netinterface.o)
                0x40017c2c                InitializeNetwork(void (*)(pool_buffer*, EFRAME*, unsigned short), void (*)(pool_buffer*, EFRAME*))
                0x40017900                InterfaceIP(int)
                0x400179f4                GetEframe(pool_buffer*)
                0x40017bcc                SaveIfConfig(ConfigRecord*, int)
                0x40017ac0                RegisterMultiHomeInterface(_InterfaceBlock*)
                0x40017848                GetFirstInterface()
                0x40017bfc                GetIfConfig(int)
                0x400179b0                InterfaceMAC(int)
                0x400178ac                GetInterFaceBlock(int)
                0x4001792c                InterfaceDNS(int)
                0x40017958                InterfaceMASK(int)
                0x40017868                GetnextInterface(int)
                0x40017c98                TransmitBuffer(pool_buffer*, int)
                0x40017a60                DisableMulticast(MACADR, int)
                0x40017b28                RegisterInterface(_InterfaceBlock*)
                0x40017a08                EnableMulticast(MACADR, int)
                0x40017b98                Removeinterface(int)
                0x40017ab8                StopNetworks()
                0x400178d8                GetInterfaceNumber(_InterfaceBlock*)
                0x40017984                InterfaceGate(int)
 *fill*         0x40017cfa        0x2 00
 .text          0x40017cfc      0x5c8 C:\nburn/lib/NetBurner.a(taskmon.o)
                0x40018204                ProcessTaskPacket(UDPPacket&, int)
                0x40017cfc                EnableTaskMonitor()
                0x40017d10                BufferDumpTCBState(os_tcb*)
 .text          0x400182c4     0x131e C:\nburn/lib/NetBurner.a(smarttrap.o)
                0x400182f8                EnableSmartTraps()
                0x400183d8                WalkStack(os_tcb*, unsigned long, unsigned long)
                0x400188b8                smart_trap_asm
                0x400186d8                Local_OutTCBState(os_tcb*, unsigned long, unsigned long)
                0x400182c4                SafeRead(unsigned long)
                0x40018314                Local_OutHex(unsigned long, int)
                0x400188b0                Smart_Trap_Holder()
                0x400183a8                Local_OutString(char const*)
                0x40018454                Local_ShowTaskName(os_tcb volatile*)
 *fill*         0x400195e2        0x2 00
 .text          0x400195e4      0x538 C:\nburn/lib/NetBurner.a(autoupdate.o)
                0x40019a6c                ProcessAutoUpdatePacket(UDPPacket&)
                0x400197a0                DoData(UDPPacket&)
                0x400195e4                EnableAutoUpdate
                0x400195f8                DoReboot()
                0x40019628                DoExecute(UDPPacket&, int)
                0x40019890                DoStart(UDPPacket&)
 .text          0x40019b1c       0x52 C:\nburn/lib/NetBurner.a(device.o)
                0x40019b3c                DeviceInitializeSem
                0x40019b1c                DeviceGetQspiSem()
                0x40019b2c                DeviceGetI2cSem()
 *fill*         0x40019b6e        0x2 00
 .text          0x40019b70       0x26 C:\nburn/lib/NetBurner.a(new_ops.o)
                0x40019b70                operator new(unsigned long)
 *fill*         0x40019b96        0x2 00
 .text          0x40019b98      0x1b2 C:\nburn/lib/MOD5441X.a(flash.o)
                0x40019c10                FlashProgram
                0x40019b98                FlashErase
 *fill*         0x40019d4a        0x2 00
 .text          0x40019d4c     0x17ce C:\nburn/lib/MOD5441X.a(ethernet.o)
                0x4001a930                AddEthernetInterface()
                0x40019f30                StopEnet()
                0x4001a3e8                ResetEnet()
                0x4001ab50                ProcessDuplexStatus()
                0x40019d4c                read_eth_addr(MACADR*)
                0x4001aa24                WarmEnetReset()
                0x4001b36c                real_rxenetisr
                0x40019d78                fake_rxenetisr()
                0x40019d7c                rxenetisr
                0x40019dcc                fake_txenetisr()
                0x4001ab20                EnablePHY()
                0x40019f84                EthMultifunc(MACADR, unsigned char)
                0x40019e20                GetMII(unsigned char, unsigned char)
                0x40019fa0                ResetEnetPart2()
                0x40019dd0                txenetisr
                0x40019ea4                SetMII(unsigned char, unsigned char, unsigned short)
                0x4001a77c                InitializeEthernet()
                0x4001afc8                real_txenetisr
                0x40019f60                DisablePHY()
                0x4001aac0                ManualEthernetConfig(unsigned char, unsigned char, unsigned char)
                0x4001ae74                EthTransmitBuffer(pool_buffer*)
                0x4001b1c0                Ether_ProcessTask(void*)
 *fill*         0x4001b51a        0x2 00
 .text          0x4001b51c     0x16e8 C:\nburn/lib/MOD5441X.a(etherprint.o)
                0x4001cb2c                EtherLink()
                0x4001b51c                EtherSpeed100()
                0x4001cb20                denet()
                0x4001c7c0                ShowFECRegisters()
                0x4001b5f4                ShowMII(unsigned char, unsigned char, char const*, unsigned short)
                0x4001cb60                elink()
                0x4001cb14                dEnet()
                0x4001b53c                SwitchMIIPage(unsigned long)
                0x4001b52c                EtherDuplex()
                0x4001b568                showbinary(unsigned short, unsigned short)
                0x4001b65c                ShowPhyterMII()
 .text          0x4001cc04      0x196 C:\nburn/lib/MOD5441X.a(emulticast.o)
                0x4001cce8                EthDisableMulticast(MACADR)
                0x4001cc44                EthEnableMulticast(MACADR)
                0x4001cc04                GetMultiCastCRC(MACADR)
 *fill*         0x4001cd9a        0x2 00
 .text          0x4001cd9c      0x1f2 C:\nburn/lib/NetBurner.a(netrx.o)
                0x4001cd9c                NetDoRX(pool_buffer*, unsigned short, int)
 *fill*         0x4001cf8e        0x2 00
 .text          0x4001cf90      0xba0 c:/nburn/gcc-m68k/bin/../lib/gcc/m68k-elf/4.2.1/m5206e\libgcc.a(_double.o)
                0x4001da8e                __cmpdf2
                0x4001cff0                __adddf3
                0x4001d958                __negdf2
                0x4001d668                __divdf3
                0x4001d9b6                __cmpdf2_internal
                0x4001d48c                __muldf3
                0x4001cfea                __subdf3
 .text          0x4001db30       0x74 c:/nburn/gcc-m68k/bin/../lib/gcc/m68k-elf/4.2.1/m5206e\libgcc.a(_floatex.o)
                0x4001db3c                $_exception_handler
                0x4001db30                __clear_sticky_bit
 .text          0x4001dba4       0x22 c:/nburn/gcc-m68k/bin/../lib/gcc/m68k-elf/4.2.1/m5206e\libgcc.a(_eqdf2.o)
                0x4001dba4                __eqdf2
 *fill*         0x4001dbc6        0x2 00
 .text          0x4001dbc8       0x22 c:/nburn/gcc-m68k/bin/../lib/gcc/m68k-elf/4.2.1/m5206e\libgcc.a(_nedf2.o)
                0x4001dbc8                __nedf2
 *fill*         0x4001dbea        0x2 00
 .text          0x4001dbec       0x7a c:/nburn/gcc-m68k/bin/../lib/gcc/m68k-elf/4.2.1/m5206e\libgcc.a(_fixunsdfsi.o)
                0x4001dbec                __fixunsdfsi
 *fill*         0x4001dc66        0x2 00
 .text          0x4001dc68      0x49a c:/nburn/gcc-m68k/bin/../lib/gcc/m68k-elf/4.2.1/m5206e\libgcc.a(fpgnulib.o)
                0x4001e0e8                __fixsfsi
                0x4001ddd0                __floatsidf
                0x4001dea6                __extendsfdf2
                0x4001dd5e                __floatunsidf
                0x4001e068                __fixdfsi
                0x4001de8c                __floatsisf
                0x4001df40                __truncdfsf2
                0x4001dc68                __unordsf2
                0x4001de72                __floatunsisf
                0x4001dcca                __unorddf2
 *fill*         0x4001e102        0x2 00
 .text          0x4001e104       0x22 c:/nburn/gcc-m68k/bin/../lib/gcc/m68k-elf/4.2.1/m5206e\libgcc.a(_gedf2.o)
                0x4001e104                __gedf2
 *fill*         0x4001e126        0x2 00
 .text          0x4001e128       0x14 c:/nburn/gcc-m68k/bin/../lib/gcc/m68k-elf/4.2.1/../../../../m68k-elf/lib/m5206e\libc.a(lib_a-atof.o)
                0x4001e128                atof
 .text          0x4001e13c       0x1e c:/nburn/gcc-m68k/bin/../lib/gcc/m68k-elf/4.2.1/../../../../m68k-elf/lib/m5206e\libc.a(lib_a-cxa_atexit.o)
                0x4001e13c                __cxa_atexit
 *fill*         0x4001e15a        0x2 00
 .text          0x4001e15c        0xe c:/nburn/gcc-m68k/bin/../lib/gcc/m68k-elf/4.2.1/../../../../m68k-elf/lib/m5206e\libc.a(lib_a-errno.o)
                0x4001e15c                __errno
 *fill*         0x4001e16a        0x2 00
 .text          0x4001e16c       0x24 c:/nburn/gcc-m68k/bin/../lib/gcc/m68k-elf/4.2.1/../../../../m68k-elf/lib/m5206e\libc.a(lib_a-fiprintf.o)
                0x4001e16c                fiprintf
 .text          0x4001e190        0x0 c:/nburn/gcc-m68k/bin/../lib/gcc/m68k-elf/4.2.1/../../../../m68k-elf/lib/m5206e\libc.a(lib_a-impure.o)
 .text          0x4001e190       0x54 c:/nburn/gcc-m68k/bin/../lib/gcc/m68k-elf/4.2.1/../../../../m68k-elf/lib/m5206e\libc.a(lib_a-iprintf.o)
                0x4001e190                _iprintf_r
                0x4001e1ba                iprintf
 .text          0x4001e1e4       0x32 c:/nburn/gcc-m68k/bin/../lib/gcc/m68k-elf/4.2.1/../../../../m68k-elf/lib/m5206e\libc.a(lib_a-malloc.o)
                0x4001e1fe                malloc
                0x4001e1e4                free
 *fill*         0x4001e216        0x2 00
 .text          0x4001e218      0x78c c:/nburn/gcc-m68k/bin/../lib/gcc/m68k-elf/4.2.1/../../../../m68k-elf/lib/m5206e\libc.a(lib_a-mallocr.o)
                0x4001e218                _malloc_r
 .text          0x4001e9a4       0x54 c:/nburn/gcc-m68k/bin/../lib/gcc/m68k-elf/4.2.1/../../../../m68k-elf/lib/m5206e\libc.a(lib_a-printf.o)
                0x4001e9a4                printf
                0x4001e9ce                _printf_r
 .text          0x4001e9f8       0x8a c:/nburn/gcc-m68k/bin/../lib/gcc/m68k-elf/4.2.1/../../../../m68k-elf/lib/m5206e\libc.a(lib_a-puts.o)
                0x4001e9f8                _puts_r
                0x4001ea6c                puts
 *fill*         0x4001ea82        0x2 00
 .text          0x4001ea84       0x6a c:/nburn/gcc-m68k/bin/../lib/gcc/m68k-elf/4.2.1/../../../../m68k-elf/lib/m5206e\libc.a(lib_a-rand.o)
                0x4001ea9c                rand
                0x4001ea84                srand
 *fill*         0x4001eaee        0x2 00
 .text          0x4001eaf0       0x4e c:/nburn/gcc-m68k/bin/../lib/gcc/m68k-elf/4.2.1/../../../../m68k-elf/lib/m5206e\libc.a(lib_a-rget.o)
                0x4001eb2a                __srget
                0x4001eaf0                __srget_r
 *fill*         0x4001eb3e        0x2 00
 .text          0x4001eb40      0x1ee c:/nburn/gcc-m68k/bin/../lib/gcc/m68k-elf/4.2.1/../../../../m68k-elf/lib/m5206e\libc.a(lib_a-setvbuf.o)
                0x4001eb40                setvbuf
 *fill*         0x4001ed2e        0x2 00
 .text          0x4001ed30       0xba c:/nburn/gcc-m68k/bin/../lib/gcc/m68k-elf/4.2.1/../../../../m68k-elf/lib/m5206e\libc.a(lib_a-siprintf.o)
                0x4001ed8e                _siprintf_r
                0x4001ed30                siprintf
 *fill*         0x4001edea        0x2 00
 .text          0x4001edec       0xba c:/nburn/gcc-m68k/bin/../lib/gcc/m68k-elf/4.2.1/../../../../m68k-elf/lib/m5206e\libc.a(lib_a-sprintf.o)
                0x4001ee4a                _sprintf_r
                0x4001edec                sprintf
 *fill*         0x4001eea6        0x2 00
 .text          0x4001eea8       0x1a c:/nburn/gcc-m68k/bin/../lib/gcc/m68k-elf/4.2.1/../../../../m68k-elf/lib/m5206e\libc.a(lib_a-strlen.o)
                0x4001eea8                strlen
 *fill*         0x4001eec2        0x2 00
 .text          0x4001eec4     0x174a c:/nburn/gcc-m68k/bin/../lib/gcc/m68k-elf/4.2.1/../../../../m68k-elf/lib/m5206e\libc.a(lib_a-strtod.o)
                0x4001ef16                _strtod_r
                0x400205f4                strtod
                0x4002050e                strtof
 *fill*         0x4002060e        0x2 00
 .text          0x40020610     0x1280 c:/nburn/gcc-m68k/bin/../lib/gcc/m68k-elf/4.2.1/../../../../m68k-elf/lib/m5206e\libc.a(lib_a-vfiprintf.o)
                0x40021872                vfiprintf
                0x40020654                _vfiprintf_r
 .text          0x40021890     0x1fac c:/nburn/gcc-m68k/bin/../lib/gcc/m68k-elf/4.2.1/../../../../m68k-elf/lib/m5206e\libc.a(lib_a-vfprintf.o)
                0x400218d4                _vfprintf_r
                0x4002381e                vfprintf
 .text          0x4002383c      0x124 c:/nburn/gcc-m68k/bin/../lib/gcc/m68k-elf/4.2.1/../../../../m68k-elf/lib/m5206e\libc.a(lib_a-wbuf.o)
                0x4002383c                __swbuf_r
                0x40023946                __swbuf
 .text          0x40023960       0x7c c:/nburn/gcc-m68k/bin/../lib/gcc/m68k-elf/4.2.1/../../../../m68k-elf/lib/m5206e\libc.a(lib_a-wcrtomb.o)
                0x40023960                _wcrtomb_r
                0x400239c0                wcrtomb
 .text          0x400239dc      0x130 c:/nburn/gcc-m68k/bin/../lib/gcc/m68k-elf/4.2.1/../../../../m68k-elf/lib/m5206e\libc.a(lib_a-wcsrtombs.o)
                0x400239dc                _wcsrtombs_r
                0x40023aea                wcsrtombs
 .text          0x40023b0c      0x452 c:/nburn/gcc-m68k/bin/../lib/gcc/m68k-elf/4.2.1/../../../../m68k-elf/lib/m5206e\libc.a(lib_a-wctomb_r.o)
                0x40023b0c                _wctomb_r
 *fill*         0x40023f5e        0x2 00
 .text          0x40023f60      0x130 c:/nburn/gcc-m68k/bin/../lib/gcc/m68k-elf/4.2.1/../../../../m68k-elf/lib/m5206e\libc.a(lib_a-wsetup.o)
                0x40023f60                __swsetup
 .text          0x40024090       0xe8 c:/nburn/gcc-m68k/bin/../lib/gcc/m68k-elf/4.2.1/../../../../m68k-elf/lib/m5206e\libc.a(lib_a-__atexit.o)
                0x40024090                __register_exitproc
 .text          0x40024178     0x160a c:/nburn/gcc-m68k/bin/../lib/gcc/m68k-elf/4.2.1/../../../../m68k-elf/lib/m5206e\libc.a(lib_a-dtoa.o)
                0x4002432a                _dtoa_r
 *fill*         0x40025782        0x2 00
 .text          0x40025784      0x198 c:/nburn/gcc-m68k/bin/../lib/gcc/m68k-elf/4.2.1/../../../../m68k-elf/lib/m5206e\libc.a(lib_a-fflush.o)
                0x40025784                fflush
 .text          0x4002591c      0x25e c:/nburn/gcc-m68k/bin/../lib/gcc/m68k-elf/4.2.1/../../../../m68k-elf/lib/m5206e\libc.a(lib_a-findfp.o)
                0x40025976                __sinit
                0x40025a2e                __sfmoreglue
                0x40025a1c                _cleanup
                0x40025a02                _cleanup_r
                0x40025a9c                __sfp
 *fill*         0x40025b7a        0x2 00
 .text          0x40025b7c      0x422 c:/nburn/gcc-m68k/bin/../lib/gcc/m68k-elf/4.2.1/../../../../m68k-elf/lib/m5206e\libc.a(lib_a-freer.o)
                0x40025c6c                _free_r
                0x40025b7c                _malloc_trim_r
 *fill*         0x40025f9e        0x2 00
 .text          0x40025fa0      0x37e c:/nburn/gcc-m68k/bin/../lib/gcc/m68k-elf/4.2.1/../../../../m68k-elf/lib/m5206e\libc.a(lib_a-fvwrite.o)
                0x40025fa0                __sfvwrite_r
 *fill*         0x4002631e        0x2 00
 .text          0x40026320       0xe4 c:/nburn/gcc-m68k/bin/../lib/gcc/m68k-elf/4.2.1/../../../../m68k-elf/lib/m5206e\libc.a(lib_a-fwalk.o)
                0x40026320                _fwalk
                0x40026390                _fwalk_reent
 .text          0x40026404      0x800 c:/nburn/gcc-m68k/bin/../lib/gcc/m68k-elf/4.2.1/../../../../m68k-elf/lib/m5206e\libc.a(lib_a-gdtoa-gethex.o)
                0x40026436                __hexdig_init
                0x400264fc                __gethex
 .text          0x40026c04      0x1d2 c:/nburn/gcc-m68k/bin/../lib/gcc/m68k-elf/4.2.1/../../../../m68k-elf/lib/m5206e\libc.a(lib_a-gdtoa-hexnan.o)
                0x40026c42                __hexnan
 *fill*         0x40026dd6        0x2 00
 .text          0x40026dd8       0xa6 c:/nburn/gcc-m68k/bin/../lib/gcc/m68k-elf/4.2.1/../../../../m68k-elf/lib/m5206e\libc.a(lib_a-locale.o)
                0x40026e06                _setlocale_r
                0x40026dd8                __locale_charset
                0x40026de6                _localeconv_r
                0x40026e66                setlocale
                0x40026df4                localeconv
 *fill*         0x40026e7e        0x2 00
 .text          0x40026e80      0x178 c:/nburn/gcc-m68k/bin/../lib/gcc/m68k-elf/4.2.1/../../../../m68k-elf/lib/m5206e\libc.a(lib_a-makebuf.o)
                0x40026e80                __smakebuf
 .text          0x40026ff8       0xd2 c:/nburn/gcc-m68k/bin/../lib/gcc/m68k-elf/4.2.1/../../../../m68k-elf/lib/m5206e\libc.a(lib_a-memchr.o)
                0x40026ff8                memchr
 *fill*         0x400270ca        0x2 00
 .text          0x400270cc       0xb6 c:/nburn/gcc-m68k/bin/../lib/gcc/m68k-elf/4.2.1/../../../../m68k-elf/lib/m5206e\libc.a(lib_a-memmove.o)
                0x400270cc                memmove
 *fill*         0x40027182        0x2 00
 .text          0x40027184      0xc78 c:/nburn/gcc-m68k/bin/../lib/gcc/m68k-elf/4.2.1/../../../../m68k-elf/lib/m5206e\libc.a(lib_a-mprec.o)
                0x400274d8                _mprec_log10
                0x4002758e                __any_on
                0x40027634                _Balloc
                0x40027446                __ratio
                0x40027b5c                __i2b
                0x40027356                __b2d
                0x40027d24                __s2b
                0x40027274                __mcmp
                0x40027184                __hi0bits
                0x40027c42                __pow5mult
                0x40027940                __lshift
                0x400279ee                __multiply
                0x400276ea                __d2b
                0x4002754a                __copybits
                0x400272d4                __ulp
                0x40027800                __mdiff
                0x400271e8                __lo0bits
                0x40027b7e                __multadd
                0x400275fa                _Bfree
 .text          0x40027dfc      0x502 c:/nburn/gcc-m68k/bin/../lib/gcc/m68k-elf/4.2.1/../../../../m68k-elf/lib/m5206e\libc.a(lib_a-reallocr.o)
                0x40027dfc                _realloc_r
 *fill*         0x400282fe        0x2 00
 .text          0x40028300      0x21c c:/nburn/gcc-m68k/bin/../lib/gcc/m68k-elf/4.2.1/../../../../m68k-elf/lib/m5206e\libc.a(lib_a-refill.o)
                0x40028324                __srefill_r
 .text          0x4002851c       0x42 c:/nburn/gcc-m68k/bin/../lib/gcc/m68k-elf/4.2.1/../../../../m68k-elf/lib/m5206e\libc.a(lib_a-s_isinfd.o)
                0x4002851c                __isinfd
 *fill*         0x4002855e        0x2 00
 .text          0x40028560       0x34 c:/nburn/gcc-m68k/bin/../lib/gcc/m68k-elf/4.2.1/../../../../m68k-elf/lib/m5206e\libc.a(lib_a-s_isnand.o)
                0x40028560                __isnand
 .text          0x40028594      0x162 c:/nburn/gcc-m68k/bin/../lib/gcc/m68k-elf/4.2.1/../../../../m68k-elf/lib/m5206e\libc.a(lib_a-stdio.o)
                0x400285b2                __sseek
                0x400286a4                __sread
                0x40028594                __sclose
                0x40028614                __swrite
 *fill*         0x400286f6        0x2 00
 .text          0x400286f8       0x70 c:/nburn/gcc-m68k/bin/../lib/gcc/m68k-elf/4.2.1/../../../../m68k-elf/lib/m5206e\libc.a(lib_a-strcmp.o)
                0x400286f8                strcmp
 .text          0x40028768       0x3e c:/nburn/gcc-m68k/bin/../lib/gcc/m68k-elf/4.2.1/../../../../m68k-elf/lib/m5206e\libc.a(lib_a-writer.o)
                0x40028768                _write_r
 *fill*         0x400287a6        0x2 00
 .text          0x400287a8       0x92 c:/nburn/gcc-m68k/bin/../lib/gcc/m68k-elf/4.2.1/../../../../m68k-elf/lib/m5206e\libc.a(lib_a-callocr.o)
                0x400287a8                _calloc_r
 *fill*         0x4002883a        0x2 00
 .text          0x4002883c       0x32 c:/nburn/gcc-m68k/bin/../lib/gcc/m68k-elf/4.2.1/../../../../m68k-elf/lib/m5206e\libc.a(lib_a-closer.o)
                0x4002883c                _close_r
 *fill*         0x4002886e        0x2 00
 .text          0x40028870       0xfe c:/nburn/gcc-m68k/bin/../lib/gcc/m68k-elf/4.2.1/../../../../m68k-elf/lib/m5206e\libc.a(lib_a-fclose.o)
                0x40028870                _fclose_r
                0x40028958                fclose
 *fill*         0x4002896e        0x2 00
 .text          0x40028970       0x36 c:/nburn/gcc-m68k/bin/../lib/gcc/m68k-elf/4.2.1/../../../../m68k-elf/lib/m5206e\libc.a(lib_a-fstatr.o)
                0x40028970                _fstat_r
 *fill*         0x400289a6        0x2 00
 .text          0x400289a8       0x3e c:/nburn/gcc-m68k/bin/../lib/gcc/m68k-elf/4.2.1/../../../../m68k-elf/lib/m5206e\libc.a(lib_a-lseekr.o)
                0x400289a8                _lseek_r
 *fill*         0x400289e6        0x2 00
 .text          0x400289e8       0x3e c:/nburn/gcc-m68k/bin/../lib/gcc/m68k-elf/4.2.1/../../../../m68k-elf/lib/m5206e\libc.a(lib_a-readr.o)
                0x400289e8                _read_r
 *fill*         0x40028a26        0x2 00
 .text          0x40028a28       0x22 c:/nburn/gcc-m68k/bin/../lib/gcc/m68k-elf/4.2.1/m5206e\libgcc.a(_gtdf2.o)
                0x40028a28                __gtdf2
 *fill*         0x40028a4a        0x2 00
 .text          0x40028a4c       0x22 c:/nburn/gcc-m68k/bin/../lib/gcc/m68k-elf/4.2.1/m5206e\libgcc.a(_ltdf2.o)
                0x40028a4c                __ltdf2
 *fill*         0x40028a6e        0x2 00
 .text          0x40028a70       0x22 c:/nburn/gcc-m68k/bin/../lib/gcc/m68k-elf/4.2.1/m5206e\libgcc.a(_ledf2.o)
                0x40028a70                __ledf2
 *fill*         0x40028a92        0x2 00
 .text          0x40028a94       0x1a c:/nburn/gcc-m68k/bin/../lib/gcc/m68k-elf/4.2.1/m5206e\libgcc.a(_nesf2.o)
                0x40028a94                __nesf2
 *fill*         0x40028aae        0x2 00
 .text          0x40028ab0       0x1a c:/nburn/gcc-m68k/bin/../lib/gcc/m68k-elf/4.2.1/m5206e\libgcc.a(_gtsf2.o)
                0x40028ab0                __gtsf2
 *fill*         0x40028aca        0x2 00
 .text          0x40028acc       0x1a c:/nburn/gcc-m68k/bin/../lib/gcc/m68k-elf/4.2.1/m5206e\libgcc.a(_ltsf2.o)
                0x40028acc                __ltsf2
 *fill*         0x40028ae6        0x2 00
 .text          0x40028ae8       0x72 c:/nburn/gcc-m68k/bin/../lib/gcc/m68k-elf/4.2.1/m5206e\libgcc.a(_muldi3.o)
                0x40028ae8                __muldi3
 *fill*         0x40028b5a        0x2 00
 .text          0x40028b5c      0x4f6 c:/nburn/gcc-m68k/bin/../lib/gcc/m68k-elf/4.2.1/m5206e\libgcc.a(_udivdi3.o)
                0x40028b5c                __udivdi3
 *fill*         0x40029052        0x2 00
 .text          0x40029054      0x4f8 c:/nburn/gcc-m68k/bin/../lib/gcc/m68k-elf/4.2.1/m5206e\libgcc.a(_umoddi3.o)
                0x40029054                __umoddi3
 .text          0x4002954c      0x7ca c:/nburn/gcc-m68k/bin/../lib/gcc/m68k-elf/4.2.1/m5206e\libgcc.a(_float.o)
                0x400299be                __divsf3
                0x40029594                __subsf3
                0x40029bb2                __negsf2
                0x40029ca4                __cmpsf2
                0x40029c04                __cmpsf2_internal
                0x4002987c                __mulsf3
                0x4002959a                __addsf3
 *fill*         0x40029d16        0x2 00
 .text          0x40029d18        0x0 c:/nburn/gcc-m68k/bin/../lib/gcc/m68k-elf/4.2.1/m5206e\libgcc.a(_clz.o)
 .text          0x40029d18       0x32 c:/nburn/gcc-m68k/bin/../lib/gcc/m68k-elf/4.2.1/m5206e/crtend.o
                0x40029d50                . = ALIGN (0x10)
 *fill*         0x40029d4a        0x6 00
 *(.text.*)
                0x40029d50                . = ALIGN (0x10)
 *(.eh_frame)
 .eh_frame      0x40029d50        0x0 c:/nburn/gcc-m68k/bin/../lib/gcc/m68k-elf/4.2.1/m5206e/crtbegin.o
 .eh_frame      0x40029d50       0x40 c:/nburn/gcc-m68k/bin/../lib/gcc/m68k-elf/4.2.1/m5206e\libgcc.a(_udivdi3.o)
 .eh_frame      0x40029d90       0x2c c:/nburn/gcc-m68k/bin/../lib/gcc/m68k-elf/4.2.1/m5206e\libgcc.a(_umoddi3.o)
                                 0x40 (size before relaxing)
 .eh_frame      0x40029dbc        0x4 c:/nburn/gcc-m68k/bin/../lib/gcc/m68k-elf/4.2.1/m5206e/crtend.o
                0x40029dc0                . = ALIGN (0x10)
 *fill*         0x40029dc0        0x0 00
 *(.gnu.linkonce.t.*)
                0x40029dc0                . = ALIGN (0x4)
                0x40029dc0                __CTOR_LIST__ = .
 *(.ctors)
 .ctors         0x40029dc0        0x4 c:/nburn/gcc-m68k/bin/../lib/gcc/m68k-elf/4.2.1/m5206e/crtbegin.o
 .ctors         0x40029dc4        0x4 C:\nburn/lib/MOD5441X.a(serial.o)
 .ctors         0x40029dc8        0x4 C:\nburn/lib/MOD5441X.a(HiResTimer.o)
 .ctors         0x40029dcc        0x4 C:\nburn/lib/NetBurner.a(ip.o)
 .ctors         0x40029dd0        0x4 C:\nburn/lib/NetBurner.a(buffers.o)
 .ctors         0x40029dd4        0x4 C:\nburn/lib/NetBurner.a(tcp.o)
 .ctors         0x40029dd8        0x4 c:/nburn/gcc-m68k/bin/../lib/gcc/m68k-elf/4.2.1/m5206e/crtend.o
                0x40029ddc                __CTOR_END__ = .
                0x40029ddc        0x4 LONG 0x0
                0x40029de0                __CTOR_END__ = .
                0x40029de0                __DTOR_LIST__ = .
                0x40029de0                ___DTOR_LIST__ = .
                0x40029de0        0x4 LONG 0x2 (((__DTOR_END__ - __DTOR_LIST__) / 0x4) - 0x2)
 *(.dtors)
 .dtors         0x40029de4        0x4 c:/nburn/gcc-m68k/bin/../lib/gcc/m68k-elf/4.2.1/m5206e/crtbegin.o
 .dtors         0x40029de8        0x4 c:/nburn/gcc-m68k/bin/../lib/gcc/m68k-elf/4.2.1/m5206e/crtend.o
                0x40029dec        0x4 LONG 0x0
                0x40029df0                __DTOR_END__ = .
 *(.rodata)
 .rodata        0x40029df0      0x200 Ranging_Radio.o
 .rodata        0x40029ff0       0x50 C:\nburn/lib/MOD5441X.a(serial.o)
 .rodata        0x4002a040      0x108 C:\nburn/lib/NetBurner.a(ucos.o)
                0x4002a048                FAKE_OSUnMapTbl
                0x4002a040                FAKE_OSMapTbl
 .rodata        0x4002a148       0xb8 C:\nburn/lib/NetBurner.a(utils.o)
 .rodata        0x4002a200        0x4 C:\nburn/lib/NetBurner.a(buffers.o)
 .rodata        0x4002a204        0x2 C:\nburn/lib/NetBurner.a(udp.o)
 .rodata        0x4002a206        0xd C:\nburn/lib/NetBurner.a(tcp.o)
 *fill*         0x4002a213        0x1 00
 .rodata        0x4002a214      0x400 C:\nburn/lib/MOD5441X.a(emulticast.o)
 .rodata        0x4002a614        0x4 c:/nburn/gcc-m68k/bin/../lib/gcc/m68k-elf/4.2.1/../../../../m68k-elf/lib/m5206e\libc.a(lib_a-impure.o)
                0x4002a614                _global_impure_ptr
 .rodata        0x4002a618       0x28 c:/nburn/gcc-m68k/bin/../lib/gcc/m68k-elf/4.2.1/../../../../m68k-elf/lib/m5206e\libc.a(lib_a-strtod.o)
 .rodata        0x4002a640       0x20 c:/nburn/gcc-m68k/bin/../lib/gcc/m68k-elf/4.2.1/../../../../m68k-elf/lib/m5206e\libc.a(lib_a-vfiprintf.o)
 .rodata        0x4002a660       0x20 c:/nburn/gcc-m68k/bin/../lib/gcc/m68k-elf/4.2.1/../../../../m68k-elf/lib/m5206e\libc.a(lib_a-vfprintf.o)
 .rodata        0x4002a680       0x34 c:/nburn/gcc-m68k/bin/../lib/gcc/m68k-elf/4.2.1/../../../../m68k-elf/lib/m5206e\libc.a(lib_a-locale.o)
 .rodata        0x4002a6b4      0x124 c:/nburn/gcc-m68k/bin/../lib/gcc/m68k-elf/4.2.1/../../../../m68k-elf/lib/m5206e\libc.a(lib_a-mprec.o)
                0x4002a7a4                __mprec_tinytens
                0x4002a6b4                __mprec_tens
                0x4002a77c                __mprec_bigtens
 .rodata        0x4002a7d8      0x100 c:/nburn/gcc-m68k/bin/../lib/gcc/m68k-elf/4.2.1/m5206e\libgcc.a(_clz.o)
                0x4002a7d8                __clz_tab
 *(.rodata.*)
 .rodata.str1.1
                0x4002a8d8       0x5f Sensor_Interface_Board_v7.o
 .rodata.str1.1
                0x4002a937        0x9 C:\nburn/lib/MOD5441X.a(bsp.o)
 .rodata.str1.1
                0x4002a940      0x15a C:\nburn/lib/MOD5441X.a(serial.o)
 .rodata.str1.1
                0x4002aa9a       0xcf C:\nburn/lib/MOD5441X.a(HiResTimer.o)
 .rodata.str1.1
                0x4002ab69        0x5 C:\nburn/lib/NetBurner.a(ucos.o)
 .rodata.str1.1
                0x4002ab6e        0x3 C:\nburn/lib/NetBurner.a(fileio.o)
                                  0x6 (size before relaxing)
 .rodata.str1.1
                0x4002ab71       0xc9 C:\nburn/lib/NetBurner.a(system.o)
                                 0xcd (size before relaxing)
 .rodata.str1.1
                0x4002ac3a        0x5 C:\nburn/lib/NetBurner.a(main.o)
 .rodata.str1.1
                0x4002ac3f      0x179 C:\nburn/lib/NetBurner.a(utils.o)
                                0x17b (size before relaxing)
 .rodata.str1.1
                0x4002adb8      0x212 C:\nburn/lib/NetBurner.a(ip.o)
                                0x217 (size before relaxing)
 .rodata.str1.1
                0x4002afca       0x68 C:\nburn/lib/NetBurner.a(buffers.o)
                                 0x70 (size before relaxing)
 .rodata.str1.1
                0x4002b032       0x50 C:\nburn/lib/NetBurner.a(arp.o)
 .rodata.str1.1
                0x4002b082       0x18 C:\nburn/lib/NetBurner.a(udp.o)
 .rodata.str1.1
                0x4002b09a      0x38f C:\nburn/lib/NetBurner.a(tcp.o)
                                0x392 (size before relaxing)
 .rodata.str1.1
                0x4002b429        0x8 C:\nburn/lib/NetBurner.a(defappname.o)
 .rodata.str1.1
                0x4002b431       0xa4 C:\nburn/lib/NetBurner.a(taskmon.o)
                                 0xa7 (size before relaxing)
 .rodata.str1.1
                0x4002b4d5      0x4f9 C:\nburn/lib/NetBurner.a(smarttrap.o)
                                0x540 (size before relaxing)
 .rodata.str1.1
                0x4002b9ce        0xe C:\nburn/lib/MOD5441X.a(ethernet.o)
 .rodata.str1.1
                0x4002b9dc      0x452 C:\nburn/lib/MOD5441X.a(etherprint.o)
                                0x46c (size before relaxing)
 .rodata.str1.1
                0x4002be2e        0x2 c:/nburn/gcc-m68k/bin/../lib/gcc/m68k-elf/4.2.1/../../../../m68k-elf/lib/m5206e\libc.a(lib_a-impure.o)
 .rodata.str1.1
                0x00000000        0x2 c:/nburn/gcc-m68k/bin/../lib/gcc/m68k-elf/4.2.1/../../../../m68k-elf/lib/m5206e\libc.a(lib_a-puts.o)
 .rodata.str1.1
                0x00000000        0x2 c:/nburn/gcc-m68k/bin/../lib/gcc/m68k-elf/4.2.1/../../../../m68k-elf/lib/m5206e\libc.a(lib_a-strtod.o)
                                  0xc (size before relaxing)
 .rodata.str1.1
                0x4002be30       0x43 c:/nburn/gcc-m68k/bin/../lib/gcc/m68k-elf/4.2.1/../../../../m68k-elf/lib/m5206e\libc.a(lib_a-vfiprintf.o)
 .rodata.str1.1
                0x4002be73       0x10 c:/nburn/gcc-m68k/bin/../lib/gcc/m68k-elf/4.2.1/../../../../m68k-elf/lib/m5206e\libc.a(lib_a-vfprintf.o)
                                 0x57 (size before relaxing)
 .rodata.str1.1
                0x4002be83       0x1d c:/nburn/gcc-m68k/bin/../lib/gcc/m68k-elf/4.2.1/../../../../m68k-elf/lib/m5206e\libc.a(lib_a-wctomb_r.o)
 .rodata.str1.1
                0x4002bea0        0xd c:/nburn/gcc-m68k/bin/../lib/gcc/m68k-elf/4.2.1/../../../../m68k-elf/lib/m5206e\libc.a(lib_a-dtoa.o)
                                  0xf (size before relaxing)
 .rodata.str1.1
                0x4002bead        0xb c:/nburn/gcc-m68k/bin/../lib/gcc/m68k-elf/4.2.1/../../../../m68k-elf/lib/m5206e\libc.a(lib_a-gdtoa-gethex.o)
                                 0x19 (size before relaxing)
 .rodata.str1.1
                0x4002beb8        0xb c:/nburn/gcc-m68k/bin/../lib/gcc/m68k-elf/4.2.1/../../../../m68k-elf/lib/m5206e\libc.a(lib_a-locale.o)
                                 0x10 (size before relaxing)
 *(.gnu.linkonce.*)
 *(.gcc_except_table)
                0x4002bec4                . = ALIGN (0x4)
 *fill*         0x4002bec3        0x1 00
                0x4002bec4                __INIT_SECTION__ = .
                0x4002bec4        0x4 LONG 0x4e560000
 *(.init)
 .init          0x4002bec8        0x6 c:/nburn/gcc-m68k/bin/../lib/gcc/m68k-elf/4.2.1/m5206e/crtbegin.o
 .init          0x4002bece        0x6 c:/nburn/gcc-m68k/bin/../lib/gcc/m68k-elf/4.2.1/m5206e/crtend.o
                0x4002bed4        0x2 SHORT 0x4e5e
                0x4002bed6        0x2 SHORT 0x4e75
                0x4002bed8                . = ALIGN (0x4)
                0x4002bed8                __FINI_SECTION__ = .
                0x4002bed8        0x4 LONG 0x4e560000
 *(.fini)
 .fini          0x4002bedc        0x6 c:/nburn/gcc-m68k/bin/../lib/gcc/m68k-elf/4.2.1/m5206e/crtbegin.o
                0x4002bee2        0x2 SHORT 0x4e5e
                0x4002bee4        0x2 SHORT 0x4e75
 *(.lit)
                0x4002bef0                . = ALIGN (0x10)
 *fill*         0x4002bee6        0xa 00
                0x4002bef0                _etext = .
                0x4002bef0                etext = .

.data           0x4002bef0      0x8a0
                0x4002bef0                copy_start = .
 *(.shdata)
 *(.data)
 .data          0x4002bef0        0x4 c:/nburn/gcc-m68k/bin/../lib/gcc/m68k-elf/4.2.1/../../../../m68k-elf/lib/m5206e\nb-crt0.o
 .data          0x4002bef4        0x8 c:/nburn/gcc-m68k/bin/../lib/gcc/m68k-elf/4.2.1/m5206e/crtbegin.o
                0x4002bef4                __dso_handle
 .data          0x4002befc       0x22 Sensor_Interface_Board_v7.o
 *fill*         0x4002bf1e        0x2 00
 .data          0x4002bf20        0x0 SIB_initPINS.o
 .data          0x4002bf20        0x0 SIB_SendtoNAVCOMP.o
 .data          0x4002bf20        0x0 Ranging_Radio.o
 .data          0x4002bf20        0x0 Laser_rangefinder.o
 .data          0x4002bf20        0x4 C:\nburn/lib/MOD5441X.a(bsp.o)
                0x4002bf20                PlatformName
 .data          0x4002bf24        0x0 C:\nburn/lib/MOD5441X.a(serial.o)
 .data          0x4002bf24        0x0 C:\nburn/lib/MOD5441X.a(pins.o)
 .data          0x4002bf24        0x0 C:\nburn/lib/MOD5441X.a(HiResTimer.o)
 .data          0x4002bf24        0x1 C:\nburn/lib/MOD5441X.a(dspi.o)
 *fill*         0x4002bf25        0x3 00
 .data          0x4002bf28        0x0 C:\nburn/lib/MOD5441X.a(localio.o)
 .data          0x4002bf28        0x0 C:\nburn/lib/NetBurner.a(ucosmcfa.o)
 .data          0x4002bf28        0x0 C:\nburn/lib/NetBurner.a(software_init.o)
 .data          0x4002bf28        0x0 C:\nburn/lib/NetBurner.a(ucosmcfc.o)
 .data          0x4002bf28        0x0 C:\nburn/lib/NetBurner.a(ucos.o)
 .data          0x4002bf28        0x0 C:\nburn/lib/NetBurner.a(ucosmain.o)
 .data          0x4002bf28        0x0 C:\nburn/lib/NetBurner.a(fileio.o)
 .data          0x4002bf28        0x0 C:\nburn/lib/NetBurner.a(system.o)
 .data          0x4002bf28        0x0 C:\nburn/lib/NetBurner.a(main.o)
 .data          0x4002bf28        0x0 C:\nburn/lib/NetBurner.a(utils.o)
 .data          0x4002bf28        0x0 C:\nburn/lib/NetBurner.a(ip.o)
 .data          0x4002bf28        0x0 C:\nburn/lib/NetBurner.a(buffers.o)
 .data          0x4002bf28        0x0 C:\nburn/lib/NetBurner.a(arp.o)
 .data          0x4002bf28        0x0 C:\nburn/lib/NetBurner.a(udp.o)
 .data          0x4002bf28        0x0 C:\nburn/lib/NetBurner.a(tcp.o)
 .data          0x4002bf28        0x0 C:\nburn/lib/NetBurner.a(extraio.o)
 .data          0x4002bf28        0x0 C:\nburn/lib/NetBurner.a(iosys.o)
 .data          0x4002bf28        0x0 C:\nburn/lib/NetBurner.a(autoip.o)
 .data          0x4002bf28        0x4 C:\nburn/lib/NetBurner.a(defappname.o)
                0x4002bf28                AppName
 .data          0x4002bf2c        0x0 C:\nburn/lib/NetBurner.a(netinterface.o)
 .data          0x4002bf2c        0x0 C:\nburn/lib/NetBurner.a(taskmon.o)
 .data          0x4002bf2c        0x0 C:\nburn/lib/NetBurner.a(smarttrap.o)
 .data          0x4002bf2c        0x0 C:\nburn/lib/NetBurner.a(autoupdate.o)
 .data          0x4002bf2c        0x0 C:\nburn/lib/NetBurner.a(device.o)
 .data          0x4002bf2c        0x0 C:\nburn/lib/NetBurner.a(new_ops.o)
 .data          0x4002bf2c        0x0 C:\nburn/lib/MOD5441X.a(flash.o)
 .data          0x4002bf2c        0x4 C:\nburn/lib/MOD5441X.a(ethernet.o)
                0x4002bf2c                AutoNeg
                0x4002bf2e                wait
 .data          0x4002bf30        0x0 C:\nburn/lib/MOD5441X.a(etherprint.o)
 .data          0x4002bf30        0x0 C:\nburn/lib/MOD5441X.a(emulticast.o)
 .data          0x4002bf30        0x0 C:\nburn/lib/NetBurner.a(netrx.o)
 .data          0x4002bf30        0x0 c:/nburn/gcc-m68k/bin/../lib/gcc/m68k-elf/4.2.1/m5206e\libgcc.a(_double.o)
 .data          0x4002bf30       0x1c c:/nburn/gcc-m68k/bin/../lib/gcc/m68k-elf/4.2.1/m5206e\libgcc.a(_floatex.o)
                0x4002bf30                _fpCCR
 .data          0x4002bf4c        0x0 c:/nburn/gcc-m68k/bin/../lib/gcc/m68k-elf/4.2.1/m5206e\libgcc.a(_eqdf2.o)
 .data          0x4002bf4c        0x0 c:/nburn/gcc-m68k/bin/../lib/gcc/m68k-elf/4.2.1/m5206e\libgcc.a(_nedf2.o)
 .data          0x4002bf4c        0x0 c:/nburn/gcc-m68k/bin/../lib/gcc/m68k-elf/4.2.1/m5206e\libgcc.a(_fixunsdfsi.o)
 .data          0x4002bf4c        0x0 c:/nburn/gcc-m68k/bin/../lib/gcc/m68k-elf/4.2.1/m5206e\libgcc.a(fpgnulib.o)
 .data          0x4002bf4c        0x0 c:/nburn/gcc-m68k/bin/../lib/gcc/m68k-elf/4.2.1/m5206e\libgcc.a(_gedf2.o)
 .data          0x4002bf4c        0x0 c:/nburn/gcc-m68k/bin/../lib/gcc/m68k-elf/4.2.1/../../../../m68k-elf/lib/m5206e\libc.a(lib_a-atof.o)
 .data          0x4002bf4c        0x0 c:/nburn/gcc-m68k/bin/../lib/gcc/m68k-elf/4.2.1/../../../../m68k-elf/lib/m5206e\libc.a(lib_a-cxa_atexit.o)
 .data          0x4002bf4c        0x0 c:/nburn/gcc-m68k/bin/../lib/gcc/m68k-elf/4.2.1/../../../../m68k-elf/lib/m5206e\libc.a(lib_a-errno.o)
 .data          0x4002bf4c        0x0 c:/nburn/gcc-m68k/bin/../lib/gcc/m68k-elf/4.2.1/../../../../m68k-elf/lib/m5206e\libc.a(lib_a-fiprintf.o)
 .data          0x4002bf4c      0x3f6 c:/nburn/gcc-m68k/bin/../lib/gcc/m68k-elf/4.2.1/../../../../m68k-elf/lib/m5206e\libc.a(lib_a-impure.o)
                0x4002bf4c                _impure_ptr
 *fill*         0x4002c342        0x2 00
 .data          0x4002c344        0x0 c:/nburn/gcc-m68k/bin/../lib/gcc/m68k-elf/4.2.1/../../../../m68k-elf/lib/m5206e\libc.a(lib_a-iprintf.o)
 .data          0x4002c344        0x0 c:/nburn/gcc-m68k/bin/../lib/gcc/m68k-elf/4.2.1/../../../../m68k-elf/lib/m5206e\libc.a(lib_a-malloc.o)
 .data          0x4002c344      0x410 c:/nburn/gcc-m68k/bin/../lib/gcc/m68k-elf/4.2.1/../../../../m68k-elf/lib/m5206e\libc.a(lib_a-mallocr.o)
                0x4002c750                __malloc_sbrk_base
                0x4002c344                __malloc_av_
                0x4002c74c                __malloc_trim_threshold
 .data          0x4002c754        0x0 c:/nburn/gcc-m68k/bin/../lib/gcc/m68k-elf/4.2.1/../../../../m68k-elf/lib/m5206e\libc.a(lib_a-printf.o)
 .data          0x4002c754        0x0 c:/nburn/gcc-m68k/bin/../lib/gcc/m68k-elf/4.2.1/../../../../m68k-elf/lib/m5206e\libc.a(lib_a-puts.o)
 .data          0x4002c754        0x0 c:/nburn/gcc-m68k/bin/../lib/gcc/m68k-elf/4.2.1/../../../../m68k-elf/lib/m5206e\libc.a(lib_a-rand.o)
 .data          0x4002c754        0x0 c:/nburn/gcc-m68k/bin/../lib/gcc/m68k-elf/4.2.1/../../../../m68k-elf/lib/m5206e\libc.a(lib_a-rget.o)
 .data          0x4002c754        0x0 c:/nburn/gcc-m68k/bin/../lib/gcc/m68k-elf/4.2.1/../../../../m68k-elf/lib/m5206e\libc.a(lib_a-setvbuf.o)
 .data          0x4002c754        0x0 c:/nburn/gcc-m68k/bin/../lib/gcc/m68k-elf/4.2.1/../../../../m68k-elf/lib/m5206e\libc.a(lib_a-siprintf.o)
 .data          0x4002c754        0x0 c:/nburn/gcc-m68k/bin/../lib/gcc/m68k-elf/4.2.1/../../../../m68k-elf/lib/m5206e\libc.a(lib_a-sprintf.o)
 .data          0x4002c754        0x0 c:/nburn/gcc-m68k/bin/../lib/gcc/m68k-elf/4.2.1/../../../../m68k-elf/lib/m5206e\libc.a(lib_a-strlen.o)
 .data          0x4002c754       0x28 c:/nburn/gcc-m68k/bin/../lib/gcc/m68k-elf/4.2.1/../../../../m68k-elf/lib/m5206e\libc.a(lib_a-strtod.o)
 .data          0x4002c77c        0x0 c:/nburn/gcc-m68k/bin/../lib/gcc/m68k-elf/4.2.1/../../../../m68k-elf/lib/m5206e\libc.a(lib_a-vfiprintf.o)
 .data          0x4002c77c        0x0 c:/nburn/gcc-m68k/bin/../lib/gcc/m68k-elf/4.2.1/../../../../m68k-elf/lib/m5206e\libc.a(lib_a-vfprintf.o)
 .data          0x4002c77c        0x0 c:/nburn/gcc-m68k/bin/../lib/gcc/m68k-elf/4.2.1/../../../../m68k-elf/lib/m5206e\libc.a(lib_a-wbuf.o)
 .data          0x4002c77c        0x0 c:/nburn/gcc-m68k/bin/../lib/gcc/m68k-elf/4.2.1/../../../../m68k-elf/lib/m5206e\libc.a(lib_a-wcrtomb.o)
 .data          0x4002c77c        0x0 c:/nburn/gcc-m68k/bin/../lib/gcc/m68k-elf/4.2.1/../../../../m68k-elf/lib/m5206e\libc.a(lib_a-wcsrtombs.o)
 .data          0x4002c77c        0x0 c:/nburn/gcc-m68k/bin/../lib/gcc/m68k-elf/4.2.1/../../../../m68k-elf/lib/m5206e\libc.a(lib_a-wctomb_r.o)
 .data          0x4002c77c        0x0 c:/nburn/gcc-m68k/bin/../lib/gcc/m68k-elf/4.2.1/../../../../m68k-elf/lib/m5206e\libc.a(lib_a-wsetup.o)
 .data          0x4002c77c        0x0 c:/nburn/gcc-m68k/bin/../lib/gcc/m68k-elf/4.2.1/../../../../m68k-elf/lib/m5206e\libc.a(lib_a-__atexit.o)
 .data          0x4002c77c        0x0 c:/nburn/gcc-m68k/bin/../lib/gcc/m68k-elf/4.2.1/../../../../m68k-elf/lib/m5206e\libc.a(lib_a-dtoa.o)
 .data          0x4002c77c        0x0 c:/nburn/gcc-m68k/bin/../lib/gcc/m68k-elf/4.2.1/../../../../m68k-elf/lib/m5206e\libc.a(lib_a-fflush.o)
 .data          0x4002c77c        0x0 c:/nburn/gcc-m68k/bin/../lib/gcc/m68k-elf/4.2.1/../../../../m68k-elf/lib/m5206e\libc.a(lib_a-findfp.o)
 .data          0x4002c77c        0x0 c:/nburn/gcc-m68k/bin/../lib/gcc/m68k-elf/4.2.1/../../../../m68k-elf/lib/m5206e\libc.a(lib_a-freer.o)
 .data          0x4002c77c        0x0 c:/nburn/gcc-m68k/bin/../lib/gcc/m68k-elf/4.2.1/../../../../m68k-elf/lib/m5206e\libc.a(lib_a-fvwrite.o)
 .data          0x4002c77c        0x0 c:/nburn/gcc-m68k/bin/../lib/gcc/m68k-elf/4.2.1/../../../../m68k-elf/lib/m5206e\libc.a(lib_a-fwalk.o)
 .data          0x4002c77c        0x0 c:/nburn/gcc-m68k/bin/../lib/gcc/m68k-elf/4.2.1/../../../../m68k-elf/lib/m5206e\libc.a(lib_a-gdtoa-gethex.o)
 .data          0x4002c77c        0x0 c:/nburn/gcc-m68k/bin/../lib/gcc/m68k-elf/4.2.1/../../../../m68k-elf/lib/m5206e\libc.a(lib_a-gdtoa-hexnan.o)
 .data          0x4002c77c       0x10 c:/nburn/gcc-m68k/bin/../lib/gcc/m68k-elf/4.2.1/../../../../m68k-elf/lib/m5206e\libc.a(lib_a-locale.o)
                0x4002c77c                __mb_cur_max
                0x4002c780                __lc_ctype
 .data          0x4002c78c        0x0 c:/nburn/gcc-m68k/bin/../lib/gcc/m68k-elf/4.2.1/../../../../m68k-elf/lib/m5206e\libc.a(lib_a-makebuf.o)
 .data          0x4002c78c        0x0 c:/nburn/gcc-m68k/bin/../lib/gcc/m68k-elf/4.2.1/../../../../m68k-elf/lib/m5206e\libc.a(lib_a-memchr.o)
 .data          0x4002c78c        0x0 c:/nburn/gcc-m68k/bin/../lib/gcc/m68k-elf/4.2.1/../../../../m68k-elf/lib/m5206e\libc.a(lib_a-memmove.o)
 .data          0x4002c78c        0x0 c:/nburn/gcc-m68k/bin/../lib/gcc/m68k-elf/4.2.1/../../../../m68k-elf/lib/m5206e\libc.a(lib_a-mprec.o)
 .data          0x4002c78c        0x0 c:/nburn/gcc-m68k/bin/../lib/gcc/m68k-elf/4.2.1/../../../../m68k-elf/lib/m5206e\libc.a(lib_a-reallocr.o)
 .data          0x4002c78c        0x0 c:/nburn/gcc-m68k/bin/../lib/gcc/m68k-elf/4.2.1/../../../../m68k-elf/lib/m5206e\libc.a(lib_a-refill.o)
 .data          0x4002c78c        0x0 c:/nburn/gcc-m68k/bin/../lib/gcc/m68k-elf/4.2.1/../../../../m68k-elf/lib/m5206e\libc.a(lib_a-s_isinfd.o)